Archive member included to satisfy reference by file (symbol)

/usr/lib/gcc/arm-none-eabi/10.3.1/thumb/v7e-m/nofp/libgcc.a(_arm_mulsf3.o)
                              build/kernel.o (__aeabi_fmul)
/usr/lib/gcc/arm-none-eabi/10.3.1/thumb/v7e-m/nofp/libgcc.a(_arm_addsubdf3.o)
                              build/shell.o (__aeabi_f2d)
/usr/lib/gcc/arm-none-eabi/10.3.1/thumb/v7e-m/nofp/libgcc.a(_arm_addsubsf3.o)
                              build/kernel.o (__aeabi_fsub)
/usr/lib/gcc/arm-none-eabi/10.3.1/thumb/v7e-m/nofp/libgcc.a(_arm_muldivsf3.o)
                              build/kernel.o (__aeabi_fdiv)
/usr/lib/gcc/arm-none-eabi/10.3.1/thumb/v7e-m/nofp/libgcc.a(_arm_cmpsf2.o)
                              build/shell.o (__aeabi_fcmplt)
/usr/lib/gcc/arm-none-eabi/10.3.1/thumb/v7e-m/nofp/libgcc.a(_aeabi_ldivmod.o)
                              build/kernel.o (__aeabi_ldivmod)
/usr/lib/gcc/arm-none-eabi/10.3.1/thumb/v7e-m/nofp/libgcc.a(_aeabi_uldivmod.o)
                              build/kernel.o (__aeabi_uldivmod)
/usr/lib/gcc/arm-none-eabi/10.3.1/thumb/v7e-m/nofp/libgcc.a(_udivmoddi4.o)
                              /usr/lib/gcc/arm-none-eabi/10.3.1/thumb/v7e-m/nofp/libgcc.a(_aeabi_ldivmod.o) (__udivmoddi4)
/usr/lib/gcc/arm-none-eabi/10.3.1/thumb/v7e-m/nofp/libgcc.a(_dvmd_tls.o)
                              /usr/lib/gcc/arm-none-eabi/10.3.1/thumb/v7e-m/nofp/libgcc.a(_aeabi_ldivmod.o) (__aeabi_ldiv0)
/usr/lib/gcc/arm-none-eabi/10.3.1/../../../arm-none-eabi/lib/thumb/v7e-m/nofp/libc.a(lib_a-memcmp.o)
                              build/coap.o (memcmp)
/usr/lib/gcc/arm-none-eabi/10.3.1/../../../arm-none-eabi/lib/thumb/v7e-m/nofp/libc.a(lib_a-memcpy.o)
                              build/coap.o (memcpy)
/usr/lib/gcc/arm-none-eabi/10.3.1/../../../arm-none-eabi/lib/thumb/v7e-m/nofp/libc.a(lib_a-memmove.o)
                              build/mqtt.o (memmove)
/usr/lib/gcc/arm-none-eabi/10.3.1/../../../arm-none-eabi/lib/thumb/v7e-m/nofp/libc.a(lib_a-memset.o)
                              build/coap.o (memset)
/usr/lib/gcc/arm-none-eabi/10.3.1/../../../arm-none-eabi/lib/thumb/v7e-m/nofp/libc.a(lib_a-printf.o)
                              build/bootloader.o (printf)
/usr/lib/gcc/arm-none-eabi/10.3.1/../../../arm-none-eabi/lib/thumb/v7e-m/nofp/libc.a(lib_a-putchar.o)
                              build/bootloader.o (putchar)
/usr/lib/gcc/arm-none-eabi/10.3.1/../../../arm-none-eabi/lib/thumb/v7e-m/nofp/libc.a(lib_a-puts.o)
                              build/bootloader.o (puts)
/usr/lib/gcc/arm-none-eabi/10.3.1/../../../arm-none-eabi/lib/thumb/v7e-m/nofp/libc.a(lib_a-snprintf.o)
                              build/ota.o (snprintf)
/usr/lib/gcc/arm-none-eabi/10.3.1/../../../arm-none-eabi/lib/thumb/v7e-m/nofp/libc.a(lib_a-sscanf.o)
                              build/http_dns.o (sscanf)
/usr/lib/gcc/arm-none-eabi/10.3.1/../../../arm-none-eabi/lib/thumb/v7e-m/nofp/libc.a(lib_a-stdio.o)
                              /usr/lib/gcc/arm-none-eabi/10.3.1/../../../arm-none-eabi/lib/thumb/v7e-m/nofp/libc.a(lib_a-sscanf.o) (__seofread)
/usr/lib/gcc/arm-none-eabi/10.3.1/../../../arm-none-eabi/lib/thumb/v7e-m/nofp/libc.a(lib_a-strchr.o)
                              build/coap.o (strchr)
/usr/lib/gcc/arm-none-eabi/10.3.1/../../../arm-none-eabi/lib/thumb/v7e-m/nofp/libc.a(lib_a-strcmp.o)
                              build/coap.o (strcmp)
/usr/lib/gcc/arm-none-eabi/10.3.1/../../../arm-none-eabi/lib/thumb/v7e-m/nofp/libc.a(lib_a-strlen.o)
                              build/coap.o (strlen)
/usr/lib/gcc/arm-none-eabi/10.3.1/../../../arm-none-eabi/lib/thumb/v7e-m/nofp/libc.a(lib_a-strncmp.o)
                              build/shell.o (strncmp)
/usr/lib/gcc/arm-none-eabi/10.3.1/../../../arm-none-eabi/lib/thumb/v7e-m/nofp/libc.a(lib_a-strncpy.o)
                              build/coap.o (strncpy)
/usr/lib/gcc/arm-none-eabi/10.3.1/../../../arm-none-eabi/lib/thumb/v7e-m/nofp/libc.a(lib_a-strstr.o)
                              build/http_dns.o (strstr)
/usr/lib/gcc/arm-none-eabi/10.3.1/../../../arm-none-eabi/lib/thumb/v7e-m/nofp/libc.a(lib_a-strtol.o)
                              build/shell.o (strtol)
/usr/lib/gcc/arm-none-eabi/10.3.1/../../../arm-none-eabi/lib/thumb/v7e-m/nofp/libc.a(lib_a-strtoul.o)
                              build/shell.o (strtoul)
/usr/lib/gcc/arm-none-eabi/10.3.1/../../../arm-none-eabi/lib/thumb/v7e-m/nofp/libc.a(lib_a-svfprintf.o)
                              /usr/lib/gcc/arm-none-eabi/10.3.1/../../../arm-none-eabi/lib/thumb/v7e-m/nofp/libc.a(lib_a-snprintf.o) (_svfprintf_r)
/usr/lib/gcc/arm-none-eabi/10.3.1/../../../arm-none-eabi/lib/thumb/v7e-m/nofp/libc.a(lib_a-svfscanf.o)
                              /usr/lib/gcc/arm-none-eabi/10.3.1/../../../arm-none-eabi/lib/thumb/v7e-m/nofp/libc.a(lib_a-sscanf.o) (__ssvfscanf_r)
/usr/lib/gcc/arm-none-eabi/10.3.1/../../../arm-none-eabi/lib/thumb/v7e-m/nofp/libc.a(lib_a-vfprintf.o)
[...]
Memory Configuration

Name             Origin             Length             Attributes
FLASH            0x0000000000000000 0x0000000000400000 xr
RAM              0x0000000020000000 0x0000000000400000 xrw
*default*        0x0000000000000000 0xffffffffffffffff

Linker script and memory map

LOAD build/bootloader.o
LOAD build/coap.o
LOAD build/fault.o
LOAD build/filesystem.o
LOAD build/kernel.o
LOAD build/memory.o
LOAD build/mqtt.o
LOAD build/ota.o
LOAD build/power.o
LOAD build/security.o
LOAD build/shell.o
LOAD build/stdio_uart.o
LOAD build/sync.o
LOAD build/timer.o
LOAD build/trace.o
LOAD build/watchdog.o
LOAD build/ethernet.o
LOAD build/http_dns.o
LOAD build/ip.o
LOAD build/network.o
LOAD build/socket.o
LOAD build/flash.o
LOAD build/loopback_net.o
LOAD build/ramdisk.o
LOAD build/filesystem_demo.o
LOAD build/context_switch.o
LOAD build/startup.o
START GROUP
LOAD /usr/lib/gcc/arm-none-eabi/10.3.1/thumb/v7e-m/nofp/libgcc.a
LOAD /usr/lib/gcc/arm-none-eabi/10.3.1/../../../arm-none-eabi/lib/thumb/v7e-m/nofp/libc.a
END GROUP
                0x0000000020400000                _estack = (ORIGIN (RAM) + LENGTH (RAM))

.isr_vector     0x0000000000000000       0x40
 *(.isr_vector)
 .isr_vector    0x0000000000000000       0x40 build/startup.o

.text           0x0000000000000040     0xc9b0
 *(.text*)
 .text.os_fault_hook
                0x0000000000000040        0x4 build/fault.o
                0x0000000000000040                os_fault_hook
 .text.os_fault_dispatch
                0x0000000000000044       0xdc build/fault.o
                0x0000000000000044                os_fault_dispatch
 .text.HardFault_Handler
                0x0000000000000120       0x18 build/fault.o
                0x0000000000000120                HardFault_Handler
 .text.MemManage_Handler
                0x0000000000000138       0x18 build/fault.o
                0x0000000000000138                MemManage_Handler
 .text.BusFault_Handler
                0x0000000000000150       0x18 build/fault.o
                0x0000000000000150                BusFault_Handler
 .text.UsageFault_Handler
                0x0000000000000168       0x18 build/fault.o
                0x0000000000000168                UsageFault_Handler
 .text.fs_alloc_block
                0x0000000000000180       0x74 build/filesystem.o
 .text.fs_read_block.part.0
                0x00000000000001f4       0xb0 build/filesystem.o
 .text.fs_read_inode
                0x00000000000002a4       0x90 build/filesystem.o
 .text.fs_alloc_inode
                0x0000000000000334       0x54 build/filesystem.o
 .text.fs_find_in_dir
                0x0000000000000388       0x78 build/filesystem.o
 .text.fs_write_block.part.0.isra.0
                0x0000000000000400       0x48 build/filesystem.o
 .text.jnl_log.part.0.isra.0
                0x0000000000000448       0x68 build/filesystem.o
 .text.fs_write_inode.isra.0
                0x00000000000004b0       0xa0 build/filesystem.o
 .text.fs_free_block.isra.0
                0x0000000000000550       0x48 build/filesystem.o
 .text.fs_free_inode.isra.0
                0x0000000000000598       0x5c build/filesystem.o
 .text.fs_sync_cache.isra.0
                0x00000000000005f4       0x4c build/filesystem.o
 .text.jnl_write_header.isra.0
                0x0000000000000640       0x48 build/filesystem.o
 .text.jnl_recover.isra.0
                0x0000000000000688      0x170 build/filesystem.o
 .text.jnl_commit.isra.0
                0x00000000000007f8      0x200 build/filesystem.o
 .text.fs_init  0x00000000000009f8       0x78 build/filesystem.o
                0x00000000000009f8                fs_init
 .text.fs_format
                0x0000000000000a70      0x138 build/filesystem.o
                0x0000000000000a70                fs_format
 .text.fs_mount
                0x0000000000000ba8       0xbc build/filesystem.o
                0x0000000000000ba8                fs_mount
 .text.fs_open  0x0000000000000c64      0x1f8 build/filesystem.o
                0x0000000000000c64                fs_open
 .text.fs_close
                0x0000000000000e5c       0x4c build/filesystem.o
                0x0000000000000e5c                fs_close
 .text.fs_read  0x0000000000000ea8      0x108 build/filesystem.o
                0x0000000000000ea8                fs_read
 .text.fs_write
                0x0000000000000fb0      0x250 build/filesystem.o
                0x0000000000000fb0                fs_write
 .text.fs_seek  0x0000000000001200       0x7c build/filesystem.o
                0x0000000000001200                fs_seek
 .text.fs_tell  0x000000000000127c       0x24 build/filesystem.o
                0x000000000000127c                fs_tell
 .text.fs_size  0x00000000000012a0       0x24 build/filesystem.o
                0x00000000000012a0                fs_size
 .text.fs_sync  0x00000000000012c4       0x38 build/filesystem.o
                0x00000000000012c4                fs_sync
 .text.fs_remove
                0x00000000000012fc       0xc0 build/filesystem.o
                0x00000000000012fc                fs_remove
 .text.fs_stat  0x00000000000013bc       0x6c build/filesystem.o
                0x00000000000013bc                fs_stat
 .text.fs_get_stats
                0x0000000000001428       0x38 build/filesystem.o
                0x0000000000001428                fs_get_stats
 .text.fs_get_free_space
                0x0000000000001460       0x14 build/filesystem.o
                0x0000000000001460                fs_get_free_space
 .text.fs_rename
                0x0000000000001474       0xdc build/filesystem.o
                0x0000000000001474                fs_rename
 .text.fs_opendir
                0x0000000000001550       0x8c build/filesystem.o
                0x0000000000001550                fs_opendir
 .text.fs_readdir
                0x00000000000015dc       0xc0 build/filesystem.o
                0x00000000000015dc                fs_readdir
 .text.fs_closedir
                0x000000000000169c       0x14 build/filesystem.o
                0x000000000000169c                fs_closedir
 .text.scheduler_enqueue
                0x00000000000016b0       0x58 build/kernel.o
 .text.scheduler_remove_task
                0x0000000000001708       0x84 build/kernel.o
 .text.idle_task
                0x000000000000178c        0x8 build/kernel.o
 .text.scheduler_get_next_task
                0x0000000000001794       0x64 build/kernel.o
 .text.delay_queue_tick
                0x00000000000017f8       0xe0 build/kernel.o
 .text.os_start
                0x00000000000018d8       0x44 build/kernel.o
                0x00000000000018d8                os_start
 .text.os_task_create
                0x000000000000191c      0x114 build/kernel.o
                0x000000000000191c                os_task_create
 .text.os_init  0x0000000000001a30       0x40 build/kernel.o
                0x0000000000001a30                os_init
 .text.os_task_yield
                0x0000000000001a70       0x10 build/kernel.o
                0x0000000000001a70                os_task_yield
 .text.os_task_delay
                0x0000000000001a80       0x64 build/kernel.o
                0x0000000000001a80                os_task_delay
 .text.os_task_get_current
                0x0000000000001ae4        0xc build/kernel.o
                0x0000000000001ae4                os_task_get_current
 .text.os_get_tick_count
                0x0000000000001af0        0xc build/kernel.o
                0x0000000000001af0                os_get_tick_count
 .text.os_enter_critical
                0x0000000000001afc        0x8 build/kernel.o
                0x0000000000001afc                os_enter_critical
 .text.os_exit_critical
                0x0000000000001b04        0x8 build/kernel.o
                0x0000000000001b04                os_exit_critical
 .text.os_delay_queue_arm
                0x0000000000001b0c       0x44 build/kernel.o
                0x0000000000001b0c                os_delay_queue_arm
 .text.os_delay_queue_disarm
                0x0000000000001b50       0x3c build/kernel.o
                0x0000000000001b50                os_delay_queue_disarm
 .text.os_task_raise_priority
                0x0000000000001b8c       0x68 build/kernel.o
                0x0000000000001b8c                os_task_raise_priority
 .text.os_task_reset_priority
                0x0000000000001bf4       0x6c build/kernel.o
                0x0000000000001bf4                os_task_reset_priority
 .text.os_task_wakeup
                0x0000000000001c60       0x4c build/kernel.o
                0x0000000000001c60                os_task_wakeup
 .text.os_is_running
                0x0000000000001cac        0xc build/kernel.o
                0x0000000000001cac                os_is_running
 .text.os_stack_overflow_hook
                0x0000000000001cb8      0x124 build/kernel.o
                0x0000000000001cb8                os_stack_overflow_hook
 .text.os_pendsv_switch
                0x0000000000001ddc       0x7c build/kernel.o
                0x0000000000001ddc                os_pendsv_switch
 .text.os_scheduler.part.0
                0x0000000000001e58       0x6c build/kernel.o
 .text.SysTick_Handler
                0x0000000000001ec4       0x14 build/kernel.o
                0x0000000000001ec4                SysTick_Handler
 .text.os_kernel_tickless_sleep
                0x0000000000001ed8       0xa8 build/kernel.o
                0x0000000000001ed8                os_kernel_tickless_sleep
 .text.os_mem_init
                0x0000000000001f80       0xd4 build/memory.o
                0x0000000000001f80                os_mem_init
 .text.platform_enter_sleep_mode
                0x0000000000002054        0x4 build/power.o
                0x0000000000002054                platform_enter_sleep_mode
 .text.os_power_init
                0x0000000000002058       0x20 build/power.o
                0x0000000000002058                os_power_init
 .text.os_power_enter_idle
                0x0000000000002078       0x20 build/power.o
                0x0000000000002078                os_power_enter_idle
 .text._write   0x0000000000002098       0x58 build/stdio_uart.o
                0x0000000000002098                _write
 .text.os_deadlock_hook
                0x00000000000020f0        0x4 build/sync.o
                0x00000000000020f0                os_deadlock_hook
 .text.os_mutex_init
                0x00000000000020f4       0x10 build/sync.o
                0x00000000000020f4                os_mutex_init
 .text.os_mutex_lock
                0x0000000000002104      0x1a8 build/sync.o
                0x0000000000002104                os_mutex_lock
 .text.os_mutex_unlock
                0x00000000000022ac       0xb8 build/sync.o
                0x00000000000022ac                os_mutex_unlock
 .text.os_semaphore_init
                0x0000000000002364        0xc build/sync.o
                0x0000000000002364                os_semaphore_init
 .text.os_semaphore_wait
                0x0000000000002370       0xc8 build/sync.o
                0x0000000000002370                os_semaphore_wait
 .text.os_semaphore_post
                0x0000000000002438       0x64 build/sync.o
                0x0000000000002438                os_semaphore_post
 .text.timer_insert_sorted
                0x000000000000249c       0x44 build/timer.o
 .text.os_timer_init
                0x00000000000024e0       0x10 build/timer.o
                0x00000000000024e0                os_timer_init
 .text.os_timer_process
                0x00000000000024f0       0x78 build/timer.o
                0x00000000000024f0                os_timer_process
 .text.push_event
                0x0000000000002568       0xc8 build/trace.o
 .text.trace_record_switch
                0x0000000000002630       0x2c build/trace.o
                0x0000000000002630                trace_record_switch
 .text.trace_record_syscall
                0x000000000000265c       0x2c build/trace.o
                0x000000000000265c                trace_record_syscall
 .text.ramdisk_sync
                0x0000000000002688        0x4 build/ramdisk.o
 .text.ramdisk_get_block_count
                0x000000000000268c        0x8 build/ramdisk.o
 .text.ramdisk_erase
                0x0000000000002694       0x48 build/ramdisk.o
 .text.ramdisk_write
                0x00000000000026dc       0x4c build/ramdisk.o
 .text.ramdisk_read
                0x0000000000002728       0x50 build/ramdisk.o
 .text.ramdisk_get_device
                0x0000000000002778       0x2c build/ramdisk.o
                0x0000000000002778                ramdisk_get_device
 .text.file_writer
                0x00000000000027a4      0x18c build/filesystem_demo.o
                0x00000000000027a4                file_writer
 .text.file_reader
                0x0000000000002930      0x20c build/filesystem_demo.o
                0x0000000000002930                file_reader
 .text.dir_browser
                0x0000000000002b3c       0xc0 build/filesystem_demo.o
                0x0000000000002b3c                dir_browser
 .text.fs_init_task
                0x0000000000002bfc       0x98 build/filesystem_demo.o
                0x0000000000002bfc                fs_init_task
 .text.startup.main
                0x0000000000002c94       0x90 build/filesystem_demo.o
                0x0000000000002c94                main
 .text          0x0000000000002d24       0x5c build/context_switch.o
                0x0000000000002d24                os_pend_sv
                0x0000000000002d36                PendSV_Handler
                0x0000000000002d56                os_start_first_task
                0x0000000000002d5a                SVC_Handler
 .text.Reset_Handler
                0x0000000000002d80       0x40 build/startup.o
                0x0000000000002d80                Reset_Handler
 .text.Default_Handler
                0x0000000000002dc0        0x4 build/startup.o
                0x0000000000002dc0                Default_Handler
 .text          0x0000000000002dc4      0x378 /usr/lib/gcc/arm-none-eabi/10.3.1/thumb/v7e-m/nofp/libgcc.a(_arm_addsubdf3.o)
                0x0000000000002dc4                __aeabi_drsub
                0x0000000000002dcc                __aeabi_dsub
                0x0000000000002dcc                __subdf3
                0x0000000000002dd0                __adddf3
                0x0000000000002dd0                __aeabi_dadd
                0x0000000000003048                __aeabi_ui2d
                0x0000000000003048                __floatunsidf
                0x0000000000003068                __floatsidf
                0x0000000000003068                __aeabi_i2d
                0x000000000000308c                __extendsfdf2
                0x000000000000308c                __aeabi_f2d
                0x00000000000030d0                __aeabi_ul2d
                0x00000000000030d0                __floatundidf
                0x00000000000030e0                __floatdidf
                0x00000000000030e0                __aeabi_l2d
 .text          0x000000000000313c       0x30 /usr/lib/gcc/arm-none-eabi/10.3.1/thumb/v7e-m/nofp/libgcc.a(_aeabi_uldivmod.o)
                0x000000000000313c                __aeabi_uldivmod
 .text          0x000000000000316c      0x2d0 /usr/lib/gcc/arm-none-eabi/10.3.1/thumb/v7e-m/nofp/libgcc.a(_udivmoddi4.o)
                0x000000000000316c                __udivmoddi4
 .text          0x000000000000343c        0x4 /usr/lib/gcc/arm-none-eabi/10.3.1/thumb/v7e-m/nofp/libgcc.a(_dvmd_tls.o)
                0x000000000000343c                __aeabi_ldiv0
                0x000000000000343c                __aeabi_idiv0
 .text          0x0000000000003440      0x134 /usr/lib/gcc/arm-none-eabi/10.3.1/../../../arm-none-eabi/lib/thumb/v7e-m/nofp/libc.a(lib_a-memcpy.o)
                0x0000000000003440                memcpy
 .text          0x0000000000003574       0xf8 /usr/lib/gcc/arm-none-eabi/10.3.1/../../../arm-none-eabi/lib/thumb/v7e-m/nofp/libc.a(lib_a-memmove.o)
                0x0000000000003574                memmove
 .text          0x000000000000366c       0xa4 /usr/lib/gcc/arm-none-eabi/10.3.1/../../../arm-none-eabi/lib/thumb/v7e-m/nofp/libc.a(lib_a-memset.o)
                0x000000000000366c                memset
 .text          0x0000000000003710       0x48 /usr/lib/gcc/arm-none-eabi/10.3.1/../../../arm-none-eabi/lib/thumb/v7e-m/nofp/libc.a(lib_a-printf.o)
                0x0000000000003710                _printf_r
                0x0000000000003730                printf
 .text          0x0000000000003758       0x78 /usr/lib/gcc/arm-none-eabi/10.3.1/../../../arm-none-eabi/lib/thumb/v7e-m/nofp/libc.a(lib_a-puts.o)
                0x0000000000003758                _puts_r
                0x00000000000037c0                puts
 .text          0x00000000000037d0      0x108 /usr/lib/gcc/arm-none-eabi/10.3.1/../../../arm-none-eabi/lib/thumb/v7e-m/nofp/libc.a(lib_a-snprintf.o)
                0x00000000000037d0                _snprintf_r
                0x0000000000003850                snprintf
 .text          0x00000000000038d8       0x90 /usr/lib/gcc/arm-none-eabi/10.3.1/../../../arm-none-eabi/lib/thumb/v7e-m/nofp/libc.a(lib_a-stdio.o)
                0x00000000000038d8                __sread
                0x00000000000038fc                __seofread
                0x0000000000003900                __swrite
                0x0000000000003940                __sseek
                0x0000000000003960                __sclose
 *fill*         0x0000000000003968       0x18 
 .text          0x0000000000003980      0x2dc /usr/lib/gcc/arm-none-eabi/10.3.1/../../../arm-none-eabi/lib/thumb/v7e-m/nofp/libc.a(lib_a-strcmp.o)
                0x0000000000003988                strcmp
 *fill*         0x0000000000003c5c       0x24 
 .text          0x0000000000003c80       0xdc /usr/lib/gcc/arm-none-eabi/10.3.1/../../../arm-none-eabi/lib/thumb/v7e-m/nofp/libc.a(lib_a-strlen.o)
                0x0000000000003c80                strlen
 .text          0x0000000000003d5c       0x64 /usr/lib/gcc/arm-none-eabi/10.3.1/../../../arm-none-eabi/lib/thumb/v7e-m/nofp/libc.a(lib_a-strncpy.o)
                0x0000000000003d5c                strncpy
 .text          0x0000000000003dc0     0x1458 /usr/lib/gcc/arm-none-eabi/10.3.1/../../../arm-none-eabi/lib/thumb/v7e-m/nofp/libc.a(lib_a-svfprintf.o)
                0x0000000000003dc0                _svfprintf_r
 .text          0x0000000000005218     0x1524 /usr/lib/gcc/arm-none-eabi/10.3.1/../../../arm-none-eabi/lib/thumb/v7e-m/nofp/libc.a(lib_a-vfprintf.o)
                0x0000000000005218                _vfprintf_r
                0x00000000000066b8                vfprintf
 .text          0x000000000000673c       0x2c /usr/lib/gcc/arm-none-eabi/10.3.1/../../../arm-none-eabi/lib/thumb/v7e-m/nofp/libc.a(lib_a-writer.o)
                0x000000000000673c                _write_r
 .text          0x0000000000006768       0xd4 /usr/lib/gcc/arm-none-eabi/10.3.1/../../../arm-none-eabi/lib/thumb/v7e-m/nofp/libc.a(lib_a-wsetup.o)
                0x0000000000006768                __swsetup_r
 .text          0x000000000000683c       0x24 /usr/lib/gcc/arm-none-eabi/10.3.1/../../../arm-none-eabi/lib/thumb/v7e-m/nofp/libc.a(lib_a-closer.o)
                0x000000000000683c                _close_r
 .text          0x0000000000006860      0xfe4 /usr/lib/gcc/arm-none-eabi/10.3.1/../../../arm-none-eabi/lib/thumb/v7e-m/nofp/libc.a(lib_a-dtoa.o)
                0x0000000000006984                _dtoa_r
 .text          0x0000000000007844      0x19c /usr/lib/gcc/arm-none-eabi/10.3.1/../../../arm-none-eabi/lib/thumb/v7e-m/nofp/libc.a(lib_a-fflush.o)
                0x0000000000007844                __sflush_r
                0x0000000000007964                _fflush_r
                0x0000000000007990                fflush
 .text          0x00000000000079e0      0x218 /usr/lib/gcc/arm-none-eabi/10.3.1/../../../arm-none-eabi/lib/thumb/v7e-m/nofp/libc.a(lib_a-findfp.o)
                0x00000000000079e4                _cleanup_r
                0x0000000000007acc                __sfmoreglue
                0x0000000000007afc                __sfp
                0x0000000000007ba4                _cleanup
                0x0000000000007bb8                __sinit
                0x0000000000007bc0                __sfp_lock_acquire
                0x0000000000007bc4                __sfp_lock_release
                0x0000000000007bc8                __sinit_lock_acquire
                0x0000000000007bcc                __sinit_lock_release
                0x0000000000007bd0                __fp_lock_all
                0x0000000000007be4                __fp_unlock_all
 .text          0x0000000000007bf8      0x2ac /usr/lib/gcc/arm-none-eabi/10.3.1/../../../arm-none-eabi/lib/thumb/v7e-m/nofp/libc.a(lib_a-freer.o)
                0x0000000000007bf8                _malloc_trim_r
                0x0000000000007c98                _free_r
 .text          0x0000000000007ea4      0x2e8 /usr/lib/gcc/arm-none-eabi/10.3.1/../../../arm-none-eabi/lib/thumb/v7e-m/nofp/libc.a(lib_a-fvwrite.o)
                0x0000000000007ea4                __sfvwrite_r
 .text          0x000000000000818c       0x88 /usr/lib/gcc/arm-none-eabi/10.3.1/../../../arm-none-eabi/lib/thumb/v7e-m/nofp/libc.a(lib_a-fwalk.o)
                0x000000000000818c                _fwalk
                0x00000000000081cc                _fwalk_reent
 .text          0x0000000000008214       0x8c /usr/lib/gcc/arm-none-eabi/10.3.1/../../../arm-none-eabi/lib/thumb/v7e-m/nofp/libc.a(lib_a-locale.o)
                0x0000000000008214                _setlocale_r
                0x0000000000008254                __locale_mb_cur_max
                0x0000000000008260                setlocale
 .text          0x00000000000082a0       0x14 /usr/lib/gcc/arm-none-eabi/10.3.1/../../../arm-none-eabi/lib/thumb/v7e-m/nofp/libc.a(lib_a-localeconv.o)
                0x00000000000082a0                __localeconv_l
                0x00000000000082a4                _localeconv_r
                0x00000000000082ac                localeconv
 .text          0x00000000000082b4       0x2c /usr/lib/gcc/arm-none-eabi/10.3.1/../../../arm-none-eabi/lib/thumb/v7e-m/nofp/libc.a(lib_a-lseekr.o)
                0x00000000000082b4                _lseek_r
 .text          0x00000000000082e0      0x140 /usr/lib/gcc/arm-none-eabi/10.3.1/../../../arm-none-eabi/lib/thumb/v7e-m/nofp/libc.a(lib_a-makebuf.o)
                0x00000000000082e0                __smakebuf_r
                0x00000000000083c0                __swhatbuf_r
 .text          0x0000000000008420      0x554 /usr/lib/gcc/arm-none-eabi/10.3.1/../../../arm-none-eabi/lib/thumb/v7e-m/nofp/libc.a(lib_a-mallocr.o)
                0x0000000000008420                _malloc_r
 .text          0x0000000000008974       0x40 /usr/lib/gcc/arm-none-eabi/10.3.1/../../../arm-none-eabi/lib/thumb/v7e-m/nofp/libc.a(lib_a-mbtowc_r.o)
                0x0000000000008974                _mbtowc_r
                0x0000000000008988                __ascii_mbtowc
 *fill*         0x00000000000089b4        0xc 
 .text          0x00000000000089c0       0xa0 /usr/lib/gcc/arm-none-eabi/10.3.1/../../../arm-none-eabi/lib/thumb/v7e-m/nofp/libc.a(lib_a-memchr.o)
                0x00000000000089c0                memchr
 .text          0x0000000000008a60        0x8 /usr/lib/gcc/arm-none-eabi/10.3.1/../../../arm-none-eabi/lib/thumb/v7e-m/nofp/libc.a(lib_a-mlock.o)
                0x0000000000008a60                __malloc_lock
                0x0000000000008a64                __malloc_unlock
 .text          0x0000000000008a68      0xa6c /usr/lib/gcc/arm-none-eabi/10.3.1/../../../arm-none-eabi/lib/thumb/v7e-m/nofp/libc.a(lib_a-mprec.o)
                0x0000000000008a68                _Balloc
                0x0000000000008ab4                _Bfree
                0x0000000000008ac8                __multadd
                0x0000000000008b68                __s2b
                0x0000000000008c1c                __hi0bits
                0x0000000000008c5c                __lo0bits
                0x0000000000008cb8                __i2b
                0x0000000000008d14                __multiply
                0x0000000000008e70                __pow5mult
                0x0000000000008f30                __lshift
                0x0000000000009020                __mcmp
                0x0000000000009060                __mdiff
                0x00000000000091ac                __ulp
                0x00000000000091f0                __b2d
                0x00000000000092c0                __d2b
                0x0000000000009384                __ratio
                0x00000000000093e0                _mprec_log10
                0x0000000000009418                __copybits
                0x0000000000009474                __any_on
 .text          0x00000000000094d4       0x2c /usr/lib/gcc/arm-none-eabi/10.3.1/../../../arm-none-eabi/lib/thumb/v7e-m/nofp/libc.a(lib_a-readr.o)
                0x00000000000094d4                _read_r
 .text          0x0000000000009500      0x3d8 /usr/lib/gcc/arm-none-eabi/10.3.1/../../../arm-none-eabi/lib/thumb/v7e-m/nofp/libc.a(lib_a-reallocr.o)
                0x0000000000009500                _realloc_r
 .text          0x00000000000098d8       0x24 /usr/lib/gcc/arm-none-eabi/10.3.1/../../../arm-none-eabi/lib/thumb/v7e-m/nofp/libc.a(lib_a-sbrkr.o)
                0x00000000000098d8                _sbrk_r
 .text          0x00000000000098fc      0xb54 /usr/lib/gcc/arm-none-eabi/10.3.1/../../../arm-none-eabi/lib/thumb/v7e-m/nofp/libc.a(lib_a-svfiprintf.o)
                0x00000000000098fc                __ssprint_r
                0x00000000000099f4                _svfiprintf_r
 .text          0x000000000000a450      0xd40 /usr/lib/gcc/arm-none-eabi/10.3.1/../../../arm-none-eabi/lib/thumb/v7e-m/nofp/libc.a(lib_a-vfiprintf.o)
                0x000000000000a4c8                __sprint_r
                0x000000000000a4dc                _vfiprintf_r
                0x000000000000b10c                vfiprintf
 .text          0x000000000000b190       0xc8 /usr/lib/gcc/arm-none-eabi/10.3.1/../../../arm-none-eabi/lib/thumb/v7e-m/nofp/libc.a(lib_a-wbuf.o)
                0x000000000000b190                __swbuf_r
                0x000000000000b240                __swbuf
 .text          0x000000000000b258       0x30 /usr/lib/gcc/arm-none-eabi/10.3.1/../../../arm-none-eabi/lib/thumb/v7e-m/nofp/libc.a(lib_a-wctomb_r.o)
                0x000000000000b258                _wctomb_r
                0x000000000000b26c                __ascii_wctomb
 .text          0x000000000000b288       0x4c /usr/lib/gcc/arm-none-eabi/10.3.1/../../../arm-none-eabi/lib/thumb/v7e-m/nofp/libc.a(lib_a-assert.o)
                0x000000000000b288                __assert_func
                0x000000000000b2c8                __assert
 .text          0x000000000000b2d4       0x60 /usr/lib/gcc/arm-none-eabi/10.3.1/../../../arm-none-eabi/lib/thumb/v7e-m/nofp/libc.a(lib_a-callocr.o)
                0x000000000000b2d4                _calloc_r
 .text          0x000000000000b334       0xd4 /usr/lib/gcc/arm-none-eabi/10.3.1/../../../arm-none-eabi/lib/thumb/v7e-m/nofp/libc.a(lib_a-fclose.o)
                0x000000000000b398                _fclose_r
                0x000000000000b3cc                fclose
 .text          0x000000000000b408       0x44 /usr/lib/gcc/arm-none-eabi/10.3.1/../../../arm-none-eabi/lib/thumb/v7e-m/nofp/libc.a(lib_a-fiprintf.o)
                0x000000000000b408                _fiprintf_r
                0x000000000000b424                fiprintf
 .text          0x000000000000b44c      0x10c /usr/lib/gcc/arm-none-eabi/10.3.1/../../../arm-none-eabi/lib/thumb/v7e-m/nofp/libc.a(lib_a-fputwc.o)
                0x000000000000b44c                __fputwc
                0x000000000000b4f4                _fputwc_r
                0x000000000000b518                fputwc
 .text          0x000000000000b558       0x2c /usr/lib/gcc/arm-none-eabi/10.3.1/../../../arm-none-eabi/lib/thumb/v7e-m/nofp/libc.a(lib_a-fstatr.o)
                0x000000000000b558                _fstat_r
 .text          0x000000000000b584       0x24 /usr/lib/gcc/arm-none-eabi/10.3.1/../../../arm-none-eabi/lib/thumb/v7e-m/nofp/libc.a(lib_a-isattyr.o)
                0x000000000000b584                _isatty_r
 .text          0x000000000000b5a8       0x8c /usr/lib/gcc/arm-none-eabi/10.3.1/../../../arm-none-eabi/lib/thumb/v7e-m/nofp/libc.a(lib_a-wcrtomb.o)
                0x000000000000b5a8                _wcrtomb_r
                0x000000000000b5e4                wcrtomb
 .text          0x000000000000b634       0x10 /usr/lib/gcc/arm-none-eabi/10.3.1/../../../arm-none-eabi/lib/thumb/v7e-m/nofp/libc.a(lib_a-abort.o)
                0x000000000000b634                abort
 .text          0x000000000000b644      0x288 /usr/lib/gcc/arm-none-eabi/10.3.1/../../../arm-none-eabi/lib/thumb/v7e-m/nofp/libc.a(lib_a-signal.o)
                0x000000000000b644                _init_signal_r
                0x000000000000b674                _signal_r
                0x000000000000b6c0                _raise_r
                0x000000000000b718                __sigtramp_r
                0x000000000000b77c                raise
                0x000000000000b7d8                signal
                0x000000000000b82c                _init_signal
                0x000000000000b864                __sigtramp
 .text          0x000000000000b8cc       0x30 /usr/lib/gcc/arm-none-eabi/10.3.1/../../../arm-none-eabi/lib/thumb/v7e-m/nofp/libc.a(lib_a-signalr.o)
                0x000000000000b8cc                _kill_r
                0x000000000000b8f8                _getpid_r
 .text          0x000000000000b8fc      0x424 /usr/lib/gcc/arm-none-eabi/10.3.1/thumb/v7e-m/nofp/libgcc.a(_arm_muldivdf3.o)
                0x000000000000b8fc                __aeabi_dmul
                0x000000000000b8fc                __muldf3
                0x000000000000bb50                __aeabi_ddiv
                0x000000000000bb50                __divdf3
 .text          0x000000000000bd20      0x110 /usr/lib/gcc/arm-none-eabi/10.3.1/thumb/v7e-m/nofp/libgcc.a(_arm_cmpdf2.o)
                0x000000000000bd20                __gtdf2
                0x000000000000bd20                __gedf2
                0x000000000000bd28                __ltdf2
                0x000000000000bd28                __ledf2
                0x000000000000bd30                __cmpdf2
                0x000000000000bd30                __eqdf2
                0x000000000000bd30                __nedf2
                0x000000000000bdac                __aeabi_cdrcmple
                0x000000000000bdbc                __aeabi_cdcmple
                0x000000000000bdbc                __aeabi_cdcmpeq
                0x000000000000bdcc                __aeabi_dcmpeq
                0x000000000000bde0                __aeabi_dcmplt
                0x000000000000bdf4                __aeabi_dcmple
                0x000000000000be08                __aeabi_dcmpge
                0x000000000000be1c                __aeabi_dcmpgt
 .text          0x000000000000be30       0x2c /usr/lib/gcc/arm-none-eabi/10.3.1/thumb/v7e-m/nofp/libgcc.a(_arm_unorddf2.o)
                0x000000000000be30                __aeabi_dcmpun
                0x000000000000be30                __unorddf2
 .text          0x000000000000be5c       0x50 /usr/lib/gcc/arm-none-eabi/10.3.1/thumb/v7e-m/nofp/libgcc.a(_arm_fixdfsi.o)
                0x000000000000be5c                __fixdfsi
                0x000000000000be5c                __aeabi_d2iz
 *(.rodata*)
 .rodata.os_fault_dispatch.str1.4
                0x000000000000beac        0x2 build/fault.o
 .rodata.os_task_create.str1.4
                0x000000000000beae        0x2 build/kernel.o
                                          0x1 (size before relaxing)
 *fill*         0x000000000000beae        0x2 
 .rodata.os_init.str1.4
                0x000000000000beb0        0x5 build/kernel.o
 *fill*         0x000000000000beb5        0x3 
 .rodata.os_stack_overflow_hook.str1.4
                0x000000000000beb8        0xf build/kernel.o
 *fill*         0x000000000000bec7        0x1 
 .rodata.slab_obj_count
                0x000000000000bec8       0x10 build/memory.o
 .rodata.slab_obj_sz
                0x000000000000bed8       0x10 build/memory.o
 .rodata.slab_pool_base
                0x000000000000bee8       0x10 build/memory.o
 .rodata.queue_send_impl.str1.4
                0x000000000000bef8        0x7 build/sync.o
                                          0xb (size before relaxing)
 *fill*         0x000000000000beff        0x1 
 .rodata.os_mutex_lock.str1.4
                0x000000000000bf00        0xb build/sync.o
 *fill*         0x000000000000bf0b        0x1 
 .rodata.os_mutex_unlock.str1.4
                0x000000000000bf0c        0xb build/sync.o
 *fill*         0x000000000000bf17        0x1 
 .rodata.os_semaphore_wait.str1.4
                0x000000000000bf18        0x9 build/sync.o
 *fill*         0x000000000000bf21        0x3 
 .rodata.os_semaphore_post.str1.4
                0x000000000000bf24        0x9 build/sync.o
 .rodata.push_event.str1.4
                0x000000000000bf2d        0x2 build/trace.o
 *fill*         0x000000000000bf2d        0x3 
 .rodata.file_writer.str1.4
                0x000000000000bf30      0x22b build/filesystem_demo.o
 *fill*         0x000000000000c15b        0x1 
 .rodata.file_reader.str1.4
                0x000000000000c15c      0x2bc build/filesystem_demo.o
 .rodata.dir_browser.str1.4
                0x000000000000c418       0xeb build/filesystem_demo.o
                                         0xf3 (size before relaxing)
 *fill*         0x000000000000c503        0x1 
 .rodata.fs_init_task.str1.4
                0x000000000000c504       0xd3 build/filesystem_demo.o
 *fill*         0x000000000000c5d7        0x1 
 .rodata.main.str1.4
                0x000000000000c5d8       0x3f build/filesystem_demo.o
 *fill*         0x000000000000c617        0x1 
 .rodata        0x000000000000c618        0x8 build/filesystem_demo.o
 .rodata.str1.4
                0x000000000000c620       0x3f /usr/lib/gcc/arm-none-eabi/10.3.1/../../../arm-none-eabi/lib/thumb/v7e-m/nofp/libc.a(lib_a-puts.o)
                                          0x2 (size before relaxing)
 .rodata.str1.4
                0x000000000000c620       0x42 /usr/lib/gcc/arm-none-eabi/10.3.1/../../../arm-none-eabi/lib/thumb/v7e-m/nofp/libc.a(lib_a-svfprintf.o)
 *fill*         0x000000000000c662        0x2 
 .rodata        0x000000000000c664       0x20 /usr/lib/gcc/arm-none-eabi/10.3.1/../../../arm-none-eabi/lib/thumb/v7e-m/nofp/libc.a(lib_a-svfprintf.o)
 .rodata.str1.4
                0x000000000000c684       0x42 /usr/lib/gcc/arm-none-eabi/10.3.1/../../../arm-none-eabi/lib/thumb/v7e-m/nofp/libc.a(lib_a-vfprintf.o)
 .rodata        0x000000000000c684       0x20 /usr/lib/gcc/arm-none-eabi/10.3.1/../../../arm-none-eabi/lib/thumb/v7e-m/nofp/libc.a(lib_a-vfprintf.o)
 .rodata        0x000000000000c6a4      0x101 /usr/lib/gcc/arm-none-eabi/10.3.1/../../../arm-none-eabi/lib/thumb/v7e-m/nofp/libc.a(lib_a-ctype_.o)
                0x000000000000c6a4                _ctype_
 *fill*         0x000000000000c7a5        0x3 
 .rodata.str1.4
                0x000000000000c7a8       0x56 /usr/lib/gcc/arm-none-eabi/10.3.1/../../../arm-none-eabi/lib/thumb/v7e-m/nofp/libc.a(lib_a-dtoa.o)
                                         0x5a (size before relaxing)
 *fill*         0x000000000000c7fe        0x2 
 .rodata        0x000000000000c800        0x4 /usr/lib/gcc/arm-none-eabi/10.3.1/../../../arm-none-eabi/lib/thumb/v7e-m/nofp/libc.a(lib_a-impure.o)
                0x000000000000c800                _global_impure_ptr
 .rodata.str1.4
                0x000000000000c804        0xa /usr/lib/gcc/arm-none-eabi/10.3.1/../../../arm-none-eabi/lib/thumb/v7e-m/nofp/libc.a(lib_a-locale.o)
                                         0x12 (size before relaxing)
 *fill*         0x000000000000c80e        0x2 
 .rodata.str1.4
                0x000000000000c810       0x33 /usr/lib/gcc/arm-none-eabi/10.3.1/../../../arm-none-eabi/lib/thumb/v7e-m/nofp/libc.a(lib_a-mprec.o)
                                         0x47 (size before relaxing)
 *fill*         0x000000000000c843        0x5 
 .rodata        0x000000000000c848      0x128 /usr/lib/gcc/arm-none-eabi/10.3.1/../../../arm-none-eabi/lib/thumb/v7e-m/nofp/libc.a(lib_a-mprec.o)
                0x000000000000c858                __mprec_tens
                0x000000000000c920                __mprec_tinytens
                0x000000000000c948                __mprec_bigtens
 .rodata.str1.4
                0x000000000000c970       0x2f /usr/lib/gcc/arm-none-eabi/10.3.1/../../../arm-none-eabi/lib/thumb/v7e-m/nofp/libc.a(lib_a-svfiprintf.o)
 .rodata        0x000000000000c970       0x20 /usr/lib/gcc/arm-none-eabi/10.3.1/../../../arm-none-eabi/lib/thumb/v7e-m/nofp/libc.a(lib_a-svfiprintf.o)
 .rodata.str1.4
                0x000000000000c990       0x2f /usr/lib/gcc/arm-none-eabi/10.3.1/../../../arm-none-eabi/lib/thumb/v7e-m/nofp/libc.a(lib_a-vfiprintf.o)
 .rodata        0x000000000000c990       0x20 /usr/lib/gcc/arm-none-eabi/10.3.1/../../../arm-none-eabi/lib/thumb/v7e-m/nofp/libc.a(lib_a-vfiprintf.o)
 .rodata.str1.4
                0x000000000000c9b0       0x3f /usr/lib/gcc/arm-none-eabi/10.3.1/../../../arm-none-eabi/lib/thumb/v7e-m/nofp/libc.a(lib_a-assert.o)
                                         0x43 (size before relaxing)
                0x000000000000c9f0                . = ALIGN (0x4)
 *fill*         0x000000000000c9ef        0x1 
                0x000000000000c9f0                _etext = .
                0x000000000000c9f0                _sidata = LOADADDR (.data)

.glue_7         0x000000000000c9f0        0x0
 .glue_7        0x000000000000c9f0        0x0 linker stubs

.glue_7t        0x000000000000c9f0        0x0
 .glue_7t       0x000000000000c9f0        0x0 linker stubs

.vfp11_veneer   0x000000000000c9f0        0x0
 .vfp11_veneer  0x000000000000c9f0        0x0 linker stubs

.v4_bx          0x000000000000c9f0        0x0
 .v4_bx         0x000000000000c9f0        0x0 linker stubs

.iplt           0x000000000000c9f0        0x0
 .iplt          0x000000000000c9f0        0x0 build/fault.o

.rel.dyn        0x000000000000c9f0        0x0
 .rel.iplt      0x000000000000c9f0        0x0 build/fault.o

.data           0x0000000020000000      0x9c4 load address 0x000000000000c9f0
                0x0000000020000000                _sdata = .
 *(.data*)
 .data.g_enabled
                0x0000000020000000        0x1 build/trace.o
 *fill*         0x0000000020000001        0x3 
 .data.device.0
                0x0000000020000004       0x14 build/ramdisk.o
 .data          0x0000000020000018      0x430 /usr/lib/gcc/arm-none-eabi/10.3.1/../../../arm-none-eabi/lib/thumb/v7e-m/nofp/libc.a(lib_a-impure.o)
                0x0000000020000018                _impure_ptr
 .data          0x0000000020000448      0x16c /usr/lib/gcc/arm-none-eabi/10.3.1/../../../arm-none-eabi/lib/thumb/v7e-m/nofp/libc.a(lib_a-locale.o)
                0x0000000020000448                __global_locale
 .data          0x00000000200005b4      0x410 /usr/lib/gcc/arm-none-eabi/10.3.1/../../../arm-none-eabi/lib/thumb/v7e-m/nofp/libc.a(lib_a-mallocr.o)
                0x00000000200005b4                __malloc_av_
                0x00000000200009bc                __malloc_sbrk_base
                0x00000000200009c0                __malloc_trim_threshold
                0x00000000200009c4                . = ALIGN (0x4)
                0x00000000200009c4                _edata = .

.igot.plt       0x00000000200009c4        0x0 load address 0x000000000000d3b4
 .igot.plt      0x00000000200009c4        0x0 build/fault.o

.bss            0x00000000200009c8    0x29f84 load address 0x000000000000d3b4
                0x00000000200009c8                _sbss = .
 *(.bss*)
 .bss.g_fault   0x00000000200009c8       0x34 build/fault.o
 .bss.block_bitmap
                0x00000000200009fc       0x80 build/filesystem.o
 .bss.fs_state  0x0000000020000a7c      0xb80 build/filesystem.o
 .bss.jnl       0x00000000200015fc      0xc30 build/filesystem.o
 .bss.kernel    0x000000002000222c     0x4db8 build/kernel.o
 .bss.overflow_action
                0x0000000020006fe4        0x1 build/kernel.o
 *fill*         0x0000000020006fe5        0x3 
 .bss.alloc_count
                0x0000000020006fe8        0x4 build/memory.o
 .bss.free_count
                0x0000000020006fec        0x4 build/memory.o
 .bss.free_head
                0x0000000020006ff0        0x4 build/memory.o
 .bss.heap_free_bytes
                0x0000000020006ff4        0x4 build/memory.o
 .bss.heap_used_bytes
                0x0000000020006ff8        0x4 build/memory.o
 *fill*         0x0000000020006ffc        0x4 
 .bss.pool      0x0000000020007000     0x2000 build/memory.o
 .bss.slab_free_head
                0x0000000020009000       0x10 build/memory.o
 .bss.slab_in_use
                0x0000000020009010       0x10 build/memory.o
 .bss.slab_pool_0
                0x0000000020009020       0x80 build/memory.o
 .bss.slab_pool_1
                0x00000000200090a0      0x100 build/memory.o
 .bss.slab_pool_2
                0x00000000200091a0      0x100 build/memory.o
 .bss.slab_pool_3
                0x00000000200092a0      0x200 build/memory.o
 .bss.power_state
                0x00000000200094a0       0x38 build/power.o
 .bss.stdio_state
                0x00000000200094d8       0x20 build/stdio_uart.o
 .bss.timer_manager
                0x00000000200094f8        0x8 build/timer.o
 .bss.g_buf     0x0000000020009500      0x700 build/trace.o
 .bss.g_stored  0x0000000020009c00        0x4 build/trace.o
 .bss.g_total   0x0000000020009c04        0x4 build/trace.o
 .bss.g_write_idx
                0x0000000020009c08        0x4 build/trace.o
 .bss.ramdisk_initialized
                0x0000000020009c0c        0x1 build/ramdisk.o
 *fill*         0x0000000020009c0d        0x3 
 .bss.ramdisk_storage
                0x0000000020009c10    0x20000 build/ramdisk.o
 .bss.dir_browser_task
                0x0000000020029c10      0x454 build/filesystem_demo.o
 .bss.file_reader_task
                0x000000002002a064      0x454 build/filesystem_demo.o
 .bss.file_writer_task
                0x000000002002a4b8      0x454 build/filesystem_demo.o
 .bss.fs_ready_sem
                0x000000002002a90c        0x8 build/filesystem_demo.o
 .bss           0x000000002002a914       0x34 /usr/lib/gcc/arm-none-eabi/10.3.1/../../../arm-none-eabi/lib/thumb/v7e-m/nofp/libc.a(lib_a-mallocr.o)
                0x000000002002a914                __malloc_top_pad
                0x000000002002a918                __malloc_current_mallinfo
                0x000000002002a940                __malloc_max_sbrked_mem
                0x000000002002a944                __malloc_max_total_mem
 .bss           0x000000002002a948        0x4 /usr/lib/gcc/arm-none-eabi/10.3.1/../../../arm-none-eabi/lib/thumb/v7e-m/nofp/libc.a(lib_a-reent.o)
                0x000000002002a948                errno
 *(COMMON)
                0x000000002002a94c                . = ALIGN (0x4)
                0x000000002002a94c                _ebss = .

.noinit         0x000000002002a94c       0x24 load address 0x000000000000d3b4
                0x000000002002a94c                . = ALIGN (0x4)
 *(.noinit*)
 .noinit        0x000000002002a94c       0x24 build/kernel.o
                0x000000002002a970                . = ALIGN (0x4)

.stack          0x000000002002a970        0x0 load address 0x000000000000d3b4
                0x000000002002a970                . = ALIGN (0x8)
                0x000000002002a970                _sstack = .

/DISCARD/
 *(.ARM.exidx*)
 *(.note*)
 *(.comment*)
OUTPUT(build/tinyos.elf elf32-littlearm)
LOAD linker stubs

.ARM.attributes
                0x0000000000000000       0x2c
 .ARM.attributes
                0x0000000000000000       0x2e build/fault.o
 .ARM.attributes
                0x000000000000002e       0x2e build/filesystem.o
 .ARM.attributes
                0x000000000000005c       0x2e build/kernel.o
 .ARM.attributes
                0x000000000000008a       0x2e build/memory.o
 .ARM.attributes
                0x00000000000000b8       0x2e build/power.o
 .ARM.attributes
                0x00000000000000e6       0x2e build/stdio_uart.o
 .ARM.attributes
                0x0000000000000114       0x2e build/sync.o
 .ARM.attributes
                0x0000000000000142       0x2e build/timer.o
 .ARM.attributes
                0x0000000000000170       0x2e build/trace.o
 .ARM.attributes
                0x000000000000019e       0x2e build/ramdisk.o
 .ARM.attributes
                0x00000000000001cc       0x2e build/filesystem_demo.o
 .ARM.attributes
                0x00000000000001fa       0x1c build/context_switch.o
 .ARM.attributes
                0x0000000000000216       0x1c build/startup.o
 .ARM.attributes
                0x0000000000000232       0x1e /usr/lib/gcc/arm-none-eabi/10.3.1/thumb/v7e-m/nofp/libgcc.a(_arm_addsubdf3.o)
 .ARM.attributes
                0x0000000000000250       0x1e /usr/lib/gcc/arm-none-eabi/10.3.1/thumb/v7e-m/nofp/libgcc.a(_aeabi_uldivmod.o)
 .ARM.attributes
                0x000000000000026e       0x2e /usr/lib/gcc/arm-none-eabi/10.3.1/thumb/v7e-m/nofp/libgcc.a(_udivmoddi4.o)
 .ARM.attributes
                0x000000000000029c       0x1e /usr/lib/gcc/arm-none-eabi/10.3.1/thumb/v7e-m/nofp/libgcc.a(_dvmd_tls.o)
 .ARM.attributes
                0x00000000000002ba       0x1c /usr/lib/gcc/arm-none-eabi/10.3.1/../../../arm-none-eabi/lib/thumb/v7e-m/nofp/libc.a(lib_a-memcpy.o)
 .ARM.attributes
                0x00000000000002d6       0x2e /usr/lib/gcc/arm-none-eabi/10.3.1/../../../arm-none-eabi/lib/thumb/v7e-m/nofp/libc.a(lib_a-memmove.o)
 .ARM.attributes
                0x0000000000000304       0x2e /usr/lib/gcc/arm-none-eabi/10.3.1/../../../arm-none-eabi/lib/thumb/v7e-m/nofp/libc.a(lib_a-memset.o)
 .ARM.attributes
                0x0000000000000332       0x2e /usr/lib/gcc/arm-none-eabi/10.3.1/../../../arm-none-eabi/lib/thumb/v7e-m/nofp/libc.a(lib_a-printf.o)
 .ARM.attributes
                0x0000000000000360       0x2e /usr/lib/gcc/arm-none-eabi/10.3.1/../../../arm-none-eabi/lib/thumb/v7e-m/nofp/libc.a(lib_a-puts.o)
 .ARM.attributes
                0x000000000000038e       0x2e /usr/lib/gcc/arm-none-eabi/10.3.1/../../../arm-none-eabi/lib/thumb/v7e-m/nofp/libc.a(lib_a-snprintf.o)
 .ARM.attributes
                0x00000000000003bc       0x2e /usr/lib/gcc/arm-none-eabi/10.3.1/../../../arm-none-eabi/lib/thumb/v7e-m/nofp/libc.a(lib_a-stdio.o)
 .ARM.attributes
                0x00000000000003ea       0x1c /usr/lib/gcc/arm-none-eabi/10.3.1/../../../arm-none-eabi/lib/thumb/v7e-m/nofp/libc.a(lib_a-strcmp.o)
 .ARM.attributes
                0x0000000000000406       0x1c /usr/lib/gcc/arm-none-eabi/10.3.1/../../../arm-none-eabi/lib/thumb/v7e-m/nofp/libc.a(lib_a-strlen.o)
 .ARM.attributes
                0x0000000000000422       0x2e /usr/lib/gcc/arm-none-eabi/10.3.1/../../../arm-none-eabi/lib/thumb/v7e-m/nofp/libc.a(lib_a-strncpy.o)
 .ARM.attributes
                0x0000000000000450       0x2e /usr/lib/gcc/arm-none-eabi/10.3.1/../../../arm-none-eabi/lib/thumb/v7e-m/nofp/libc.a(lib_a-svfprintf.o)
 .ARM.attributes
                0x000000000000047e       0x2e /usr/lib/gcc/arm-none-eabi/10.3.1/../../../arm-none-eabi/lib/thumb/v7e-m/nofp/libc.a(lib_a-vfprintf.o)
 .ARM.attributes
                0x00000000000004ac       0x2e /usr/lib/gcc/arm-none-eabi/10.3.1/../../../arm-none-eabi/lib/thumb/v7e-m/nofp/libc.a(lib_a-writer.o)
 .ARM.attributes
                0x00000000000004da       0x2e /usr/lib/gcc/arm-none-eabi/10.3.1/../../../arm-none-eabi/lib/thumb/v7e-m/nofp/libc.a(lib_a-wsetup.o)
 .ARM.attributes
                0x0000000000000508       0x2e /usr/lib/gcc/arm-none-eabi/10.3.1/../../../arm-none-eabi/lib/thumb/v7e-m/nofp/libc.a(lib_a-closer.o)
 .ARM.attributes
                0x0000000000000536       0x2e /usr/lib/gcc/arm-none-eabi/10.3.1/../../../arm-none-eabi/lib/thumb/v7e-m/nofp/libc.a(lib_a-ctype_.o)
 .ARM.attributes
                0x0000000000000564       0x2e /usr/lib/gcc/arm-none-eabi/10.3.1/../../../arm-none-eabi/lib/thumb/v7e-m/nofp/libc.a(lib_a-dtoa.o)
 .ARM.attributes
                0x0000000000000592       0x2e /usr/lib/gcc/arm-none-eabi/10.3.1/../../../arm-none-eabi/lib/thumb/v7e-m/nofp/libc.a(lib_a-fflush.o)
 .ARM.attributes
                0x00000000000005c0       0x2e /usr/lib/gcc/arm-none-eabi/10.3.1/../../../arm-none-eabi/lib/thumb/v7e-m/nofp/libc.a(lib_a-findfp.o)
 .ARM.attributes
                0x00000000000005ee       0x2e /usr/lib/gcc/arm-none-eabi/10.3.1/../../../arm-none-eabi/lib/thumb/v7e-m/nofp/libc.a(lib_a-freer.o)
 .ARM.attributes
                0x000000000000061c       0x2e /usr/lib/gcc/arm-none-eabi/10.3.1/../../../arm-none-eabi/lib/thumb/v7e-m/nofp/libc.a(lib_a-fvwrite.o)
 .ARM.attributes
                0x000000000000064a       0x2e /usr/lib/gcc/arm-none-eabi/10.3.1/../../../arm-none-eabi/lib/thumb/v7e-m/nofp/libc.a(lib_a-fwalk.o)
 .ARM.attributes
                0x0000000000000678       0x2e /usr/lib/gcc/arm-none-eabi/10.3.1/../../../arm-none-eabi/lib/thumb/v7e-m/nofp/libc.a(lib_a-impure.o)
 .ARM.attributes
                0x00000000000006a6       0x2e /usr/lib/gcc/arm-none-eabi/10.3.1/../../../arm-none-eabi/lib/thumb/v7e-m/nofp/libc.a(lib_a-locale.o)
 .ARM.attributes
                0x00000000000006d4       0x2e /usr/lib/gcc/arm-none-eabi/10.3.1/../../../arm-none-eabi/lib/thumb/v7e-m/nofp/libc.a(lib_a-localeconv.o)
 .ARM.attributes
                0x0000000000000702       0x2e /usr/lib/gcc/arm-none-eabi/10.3.1/../../../arm-none-eabi/lib/thumb/v7e-m/nofp/libc.a(lib_a-lseekr.o)
 .ARM.attributes
                0x0000000000000730       0x2e /usr/lib/gcc/arm-none-eabi/10.3.1/../../../arm-none-eabi/lib/thumb/v7e-m/nofp/libc.a(lib_a-makebuf.o)
 .ARM.attributes
                0x000000000000075e       0x2e /usr/lib/gcc/arm-none-eabi/10.3.1/../../../arm-none-eabi/lib/thumb/v7e-m/nofp/libc.a(lib_a-mallocr.o)
 .ARM.attributes
                0x000000000000078c       0x2e /usr/lib/gcc/arm-none-eabi/10.3.1/../../../arm-none-eabi/lib/thumb/v7e-m/nofp/libc.a(lib_a-mbtowc_r.o)
 .ARM.attributes
                0x00000000000007ba       0x1c /usr/lib/gcc/arm-none-eabi/10.3.1/../../../arm-none-eabi/lib/thumb/v7e-m/nofp/libc.a(lib_a-memchr.o)
 .ARM.attributes
                0x00000000000007d6       0x2e /usr/lib/gcc/arm-none-eabi/10.3.1/../../../arm-none-eabi/lib/thumb/v7e-m/nofp/libc.a(lib_a-mlock.o)
 .ARM.attributes
                0x0000000000000804       0x2e /usr/lib/gcc/arm-none-eabi/10.3.1/../../../arm-none-eabi/lib/thumb/v7e-m/nofp/libc.a(lib_a-mprec.o)
 .ARM.attributes
                0x0000000000000832       0x2e /usr/lib/gcc/arm-none-eabi/10.3.1/../../../arm-none-eabi/lib/thumb/v7e-m/nofp/libc.a(lib_a-readr.o)
 .ARM.attributes
                0x0000000000000860       0x2e /usr/lib/gcc/arm-none-eabi/10.3.1/../../../arm-none-eabi/lib/thumb/v7e-m/nofp/libc.a(lib_a-reallocr.o)
 .ARM.attributes
                0x000000000000088e       0x2e /usr/lib/gcc/arm-none-eabi/10.3.1/../../../arm-none-eabi/lib/thumb/v7e-m/nofp/libc.a(lib_a-reent.o)
 .ARM.attributes
                0x00000000000008bc       0x2e /usr/lib/gcc/arm-none-eabi/10.3.1/../../../arm-none-eabi/lib/thumb/v7e-m/nofp/libc.a(lib_a-sbrkr.o)
 .ARM.attributes
                0x00000000000008ea       0x2e /usr/lib/gcc/arm-none-eabi/10.3.1/../../../arm-none-eabi/lib/thumb/v7e-m/nofp/libc.a(lib_a-svfiprintf.o)
 .ARM.attributes
                0x0000000000000918       0x2e /usr/lib/gcc/arm-none-eabi/10.3.1/../../../arm-none-eabi/lib/thumb/v7e-m/nofp/libc.a(lib_a-vfiprintf.o)
 .ARM.attributes
                0x0000000000000946       0x2e /usr/lib/gcc/arm-none-eabi/10.3.1/../../../arm-none-eabi/lib/thumb/v7e-m/nofp/libc.a(lib_a-wbuf.o)
 .ARM.attributes
                0x0000000000000974       0x2e /usr/lib/gcc/arm-none-eabi/10.3.1/../../../arm-none-eabi/lib/thumb/v7e-m/nofp/libc.a(lib_a-wctomb_r.o)
 .ARM.attributes
                0x00000000000009a2       0x2e /usr/lib/gcc/arm-none-eabi/10.3.1/../../../arm-none-eabi/lib/thumb/v7e-m/nofp/libc.a(lib_a-assert.o)
 .ARM.attributes
                0x00000000000009d0       0x2e /usr/lib/gcc/arm-none-eabi/10.3.1/../../../arm-none-eabi/lib/thumb/v7e-m/nofp/libc.a(lib_a-callocr.o)
 .ARM.attributes
                0x00000000000009fe       0x2e /usr/lib/gcc/arm-none-eabi/10.3.1/../../../arm-none-eabi/lib/thumb/v7e-m/nofp/libc.a(lib_a-fclose.o)
 .ARM.attributes
                0x0000000000000a2c       0x2e /usr/lib/gcc/arm-none-eabi/10.3.1/../../../arm-none-eabi/lib/thumb/v7e-m/nofp/libc.a(lib_a-fiprintf.o)
 .ARM.attributes
                0x0000000000000a5a       0x2e /usr/lib/gcc/arm-none-eabi/10.3.1/../../../arm-none-eabi/lib/thumb/v7e-m/nofp/libc.a(lib_a-fputwc.o)
 .ARM.attributes
                0x0000000000000a88       0x2e /usr/lib/gcc/arm-none-eabi/10.3.1/../../../arm-none-eabi/lib/thumb/v7e-m/nofp/libc.a(lib_a-fstatr.o)
 .ARM.attributes
                0x0000000000000ab6       0x2e /usr/lib/gcc/arm-none-eabi/10.3.1/../../../arm-none-eabi/lib/thumb/v7e-m/nofp/libc.a(lib_a-isattyr.o)
 .ARM.attributes
                0x0000000000000ae4       0x2e /usr/lib/gcc/arm-none-eabi/10.3.1/../../../arm-none-eabi/lib/thumb/v7e-m/nofp/libc.a(lib_a-wcrtomb.o)
 .ARM.attributes
                0x0000000000000b12       0x2e /usr/lib/gcc/arm-none-eabi/10.3.1/../../../arm-none-eabi/lib/thumb/v7e-m/nofp/libc.a(lib_a-abort.o)
 .ARM.attributes
                0x0000000000000b40       0x2e /usr/lib/gcc/arm-none-eabi/10.3.1/../../../arm-none-eabi/lib/thumb/v7e-m/nofp/libc.a(lib_a-signal.o)
 .ARM.attributes
                0x0000000000000b6e       0x2e /usr/lib/gcc/arm-none-eabi/10.3.1/../../../arm-none-eabi/lib/thumb/v7e-m/nofp/libc.a(lib_a-signalr.o)
 .ARM.attributes
                0x0000000000000b9c       0x1e /usr/lib/gcc/arm-none-eabi/10.3.1/thumb/v7e-m/nofp/libgcc.a(_arm_muldivdf3.o)
 .ARM.attributes
                0x0000000000000bba       0x1e /usr/lib/gcc/arm-none-eabi/10.3.1/thumb/v7e-m/nofp/libgcc.a(_arm_cmpdf2.o)
 .ARM.attributes
                0x0000000000000bd8       0x1e /usr/lib/gcc/arm-none-eabi/10.3.1/thumb/v7e-m/nofp/libgcc.a(_arm_unorddf2.o)
 .ARM.attributes
                0x0000000000000bf6       0x1e /usr/lib/gcc/arm-none-eabi/10.3.1/thumb/v7e-m/nofp/libgcc.a(_arm_fixdfsi.o)

.debug_info     0x0000000000000000    0x31905
 .debug_info    0x0000000000000000      0x539 build/fault.o
 .debug_info    0x0000000000000539     0x3795 build/filesystem.o
 .debug_info    0x0000000000003cce     0x264d build/kernel.o
 .debug_info    0x000000000000631b      0x7e8 build/memory.o
 .debug_info    0x0000000000006b03      0xa2d build/power.o
 .debug_info    0x0000000000007530      0xba2 build/stdio_uart.o
 .debug_info    0x00000000000080d2     0x292f build/sync.o
 .debug_info    0x000000000000aa01      0x7fa build/timer.o
 .debug_info    0x000000000000b1fb      0x53d build/trace.o
 .debug_info    0x000000000000b738      0x4e2 build/ramdisk.o
 .debug_info    0x000000000000bc1a     0x14d6 build/filesystem_demo.o
 .debug_info    0x000000000000d0f0       0x26 build/context_switch.o
 .debug_info    0x000000000000d116       0x22 build/startup.o
 .debug_info    0x000000000000d138       0x26 /usr/lib/gcc/arm-none-eabi/10.3.1/thumb/v7e-m/nofp/libgcc.a(_arm_addsubdf3.o)
 .debug_info    0x000000000000d15e       0x26 /usr/lib/gcc/arm-none-eabi/10.3.1/thumb/v7e-m/nofp/libgcc.a(_aeabi_uldivmod.o)
 .debug_info    0x000000000000d184      0x717 /usr/lib/gcc/arm-none-eabi/10.3.1/thumb/v7e-m/nofp/libgcc.a(_udivmoddi4.o)
 .debug_info    0x000000000000d89b       0x26 /usr/lib/gcc/arm-none-eabi/10.3.1/thumb/v7e-m/nofp/libgcc.a(_dvmd_tls.o)
 .debug_info    0x000000000000d8c1       0x26 /usr/lib/gcc/arm-none-eabi/10.3.1/../../../arm-none-eabi/lib/thumb/v7e-m/nofp/libc.a(lib_a-memcpy.o)
 .debug_info    0x000000000000d8e7      0x152 /usr/lib/gcc/arm-none-eabi/10.3.1/../../../arm-none-eabi/lib/thumb/v7e-m/nofp/libc.a(lib_a-memmove.o)
 .debug_info    0x000000000000da39      0x137 /usr/lib/gcc/arm-none-eabi/10.3.1/../../../arm-none-eabi/lib/thumb/v7e-m/nofp/libc.a(lib_a-memset.o)
 .debug_info    0x000000000000db70      0xa31 /usr/lib/gcc/arm-none-eabi/10.3.1/../../../arm-none-eabi/lib/thumb/v7e-m/nofp/libc.a(lib_a-printf.o)
 .debug_info    0x000000000000e5a1      0xae1 /usr/lib/gcc/arm-none-eabi/10.3.1/../../../arm-none-eabi/lib/thumb/v7e-m/nofp/libc.a(lib_a-puts.o)
 .debug_info    0x000000000000f082      0xb1b /usr/lib/gcc/arm-none-eabi/10.3.1/../../../arm-none-eabi/lib/thumb/v7e-m/nofp/libc.a(lib_a-snprintf.o)
 .debug_info    0x000000000000fb9d      0xc22 /usr/lib/gcc/arm-none-eabi/10.3.1/../../../arm-none-eabi/lib/thumb/v7e-m/nofp/libc.a(lib_a-stdio.o)
 .debug_info    0x00000000000107bf       0x26 /usr/lib/gcc/arm-none-eabi/10.3.1/../../../arm-none-eabi/lib/thumb/v7e-m/nofp/libc.a(lib_a-strcmp.o)
 .debug_info    0x00000000000107e5       0x26 /usr/lib/gcc/arm-none-eabi/10.3.1/../../../arm-none-eabi/lib/thumb/v7e-m/nofp/libc.a(lib_a-strlen.o)
 .debug_info    0x000000000001080b      0x153 /usr/lib/gcc/arm-none-eabi/10.3.1/../../../arm-none-eabi/lib/thumb/v7e-m/nofp/libc.a(lib_a-strncpy.o)
 .debug_info    0x000000000001095e     0x192d /usr/lib/gcc/arm-none-eabi/10.3.1/../../../arm-none-eabi/lib/thumb/v7e-m/nofp/libc.a(lib_a-svfprintf.o)
 .debug_info    0x000000000001228b     0x1b17 /usr/lib/gcc/arm-none-eabi/10.3.1/../../../arm-none-eabi/lib/thumb/v7e-m/nofp/libc.a(lib_a-vfprintf.o)
 .debug_info    0x0000000000013da2      0x9c0 /usr/lib/gcc/arm-none-eabi/10.3.1/../../../arm-none-eabi/lib/thumb/v7e-m/nofp/libc.a(lib_a-writer.o)
 .debug_info    0x0000000000014762      0x9c2 /usr/lib/gcc/arm-none-eabi/10.3.1/../../../arm-none-eabi/lib/thumb/v7e-m/nofp/libc.a(lib_a-wsetup.o)
 .debug_info    0x0000000000015124      0x96b /usr/lib/gcc/arm-none-eabi/10.3.1/../../../arm-none-eabi/lib/thumb/v7e-m/nofp/libc.a(lib_a-closer.o)
 .debug_info    0x0000000000015a8f       0xb8 /usr/lib/gcc/arm-none-eabi/10.3.1/../../../arm-none-eabi/lib/thumb/v7e-m/nofp/libc.a(lib_a-ctype_.o)
 .debug_info    0x0000000000015b47     0x1a58 /usr/lib/gcc/arm-none-eabi/10.3.1/../../../arm-none-eabi/lib/thumb/v7e-m/nofp/libc.a(lib_a-dtoa.o)
 .debug_info    0x000000000001759f      0xbe0 /usr/lib/gcc/arm-none-eabi/10.3.1/../../../arm-none-eabi/lib/thumb/v7e-m/nofp/libc.a(lib_a-fflush.o)
 .debug_info    0x000000000001817f      0xf66 /usr/lib/gcc/arm-none-eabi/10.3.1/../../../arm-none-eabi/lib/thumb/v7e-m/nofp/libc.a(lib_a-findfp.o)
 .debug_info    0x00000000000190e5      0xd10 /usr/lib/gcc/arm-none-eabi/10.3.1/../../../arm-none-eabi/lib/thumb/v7e-m/nofp/libc.a(lib_a-freer.o)
 .debug_info    0x0000000000019df5      0xcbb /usr/lib/gcc/arm-none-eabi/10.3.1/../../../arm-none-eabi/lib/thumb/v7e-m/nofp/libc.a(lib_a-fvwrite.o)
 .debug_info    0x000000000001aab0      0xa66 /usr/lib/gcc/arm-none-eabi/10.3.1/../../../arm-none-eabi/lib/thumb/v7e-m/nofp/libc.a(lib_a-fwalk.o)
 .debug_info    0x000000000001b516      0x92a /usr/lib/gcc/arm-none-eabi/10.3.1/../../../arm-none-eabi/lib/thumb/v7e-m/nofp/libc.a(lib_a-impure.o)
 .debug_info    0x000000000001be40      0xe0a /usr/lib/gcc/arm-none-eabi/10.3.1/../../../arm-none-eabi/lib/thumb/v7e-m/nofp/libc.a(lib_a-locale.o)
 .debug_info    0x000000000001cc4a      0xc3e /usr/lib/gcc/arm-none-eabi/10.3.1/../../../arm-none-eabi/lib/thumb/v7e-m/nofp/libc.a(lib_a-localeconv.o)
 .debug_info    0x000000000001d888      0x9a1 /usr/lib/gcc/arm-none-eabi/10.3.1/../../../arm-none-eabi/lib/thumb/v7e-m/nofp/libc.a(lib_a-lseekr.o)
 .debug_info    0x000000000001e229      0xdf2 /usr/lib/gcc/arm-none-eabi/10.3.1/../../../arm-none-eabi/lib/thumb/v7e-m/nofp/libc.a(lib_a-makebuf.o)
 .debug_info    0x000000000001f01b      0xe95 /usr/lib/gcc/arm-none-eabi/10.3.1/../../../arm-none-eabi/lib/thumb/v7e-m/nofp/libc.a(lib_a-mallocr.o)
 .debug_info    0x000000000001feb0      0xccd /usr/lib/gcc/arm-none-eabi/10.3.1/../../../arm-none-eabi/lib/thumb/v7e-m/nofp/libc.a(lib_a-mbtowc_r.o)
 .debug_info    0x0000000000020b7d       0x26 /usr/lib/gcc/arm-none-eabi/10.3.1/../../../arm-none-eabi/lib/thumb/v7e-m/nofp/libc.a(lib_a-memchr.o)
 .debug_info    0x0000000000020ba3      0x942 /usr/lib/gcc/arm-none-eabi/10.3.1/../../../arm-none-eabi/lib/thumb/v7e-m/nofp/libc.a(lib_a-mlock.o)
 .debug_info    0x00000000000214e5     0x20ca /usr/lib/gcc/arm-none-eabi/10.3.1/../../../arm-none-eabi/lib/thumb/v7e-m/nofp/libc.a(lib_a-mprec.o)
 .debug_info    0x00000000000235af      0x9b9 /usr/lib/gcc/arm-none-eabi/10.3.1/../../../arm-none-eabi/lib/thumb/v7e-m/nofp/libc.a(lib_a-readr.o)
 .debug_info    0x0000000000023f68      0xdb4 /usr/lib/gcc/arm-none-eabi/10.3.1/../../../arm-none-eabi/lib/thumb/v7e-m/nofp/libc.a(lib_a-reallocr.o)
 .debug_info    0x0000000000024d1c      0xbda /usr/lib/gcc/arm-none-eabi/10.3.1/../../../arm-none-eabi/lib/thumb/v7e-m/nofp/libc.a(lib_a-reent.o)
 .debug_info    0x00000000000258f6      0x98e /usr/lib/gcc/arm-none-eabi/10.3.1/../../../arm-none-eabi/lib/thumb/v7e-m/nofp/libc.a(lib_a-sbrkr.o)
 .debug_info    0x0000000000026284     0x1367 /usr/lib/gcc/arm-none-eabi/10.3.1/../../../arm-none-eabi/lib/thumb/v7e-m/nofp/libc.a(lib_a-svfiprintf.o)
 .debug_info    0x00000000000275eb     0x1926 /usr/lib/gcc/arm-none-eabi/10.3.1/../../../arm-none-eabi/lib/thumb/v7e-m/nofp/libc.a(lib_a-vfiprintf.o)
 .debug_info    0x0000000000028f11      0xa5f /usr/lib/gcc/arm-none-eabi/10.3.1/../../../arm-none-eabi/lib/thumb/v7e-m/nofp/libc.a(lib_a-wbuf.o)
 .debug_info    0x0000000000029970      0xc86 /usr/lib/gcc/arm-none-eabi/10.3.1/../../../arm-none-eabi/lib/thumb/v7e-m/nofp/libc.a(lib_a-wctomb_r.o)
 .debug_info    0x000000000002a5f6      0xa23 /usr/lib/gcc/arm-none-eabi/10.3.1/../../../arm-none-eabi/lib/thumb/v7e-m/nofp/libc.a(lib_a-assert.o)
 .debug_info    0x000000000002b019      0xa81 /usr/lib/gcc/arm-none-eabi/10.3.1/../../../arm-none-eabi/lib/thumb/v7e-m/nofp/libc.a(lib_a-callocr.o)
 .debug_info    0x000000000002ba9a      0xb4a /usr/lib/gcc/arm-none-eabi/10.3.1/../../../arm-none-eabi/lib/thumb/v7e-m/nofp/libc.a(lib_a-fclose.o)
 .debug_info    0x000000000002c5e4      0xa5f /usr/lib/gcc/arm-none-eabi/10.3.1/../../../arm-none-eabi/lib/thumb/v7e-m/nofp/libc.a(lib_a-fiprintf.o)
 .debug_info    0x000000000002d043      0xc19 /usr/lib/gcc/arm-none-eabi/10.3.1/../../../arm-none-eabi/lib/thumb/v7e-m/nofp/libc.a(lib_a-fputwc.o)
 .debug_info    0x000000000002dc5c      0xb83 /usr/lib/gcc/arm-none-eabi/10.3.1/../../../arm-none-eabi/lib/thumb/v7e-m/nofp/libc.a(lib_a-fstatr.o)
 .debug_info    0x000000000002e7df      0x96b /usr/lib/gcc/arm-none-eabi/10.3.1/../../../arm-none-eabi/lib/thumb/v7e-m/nofp/libc.a(lib_a-isattyr.o)
 .debug_info    0x000000000002f14a      0xd4f /usr/lib/gcc/arm-none-eabi/10.3.1/../../../arm-none-eabi/lib/thumb/v7e-m/nofp/libc.a(lib_a-wcrtomb.o)
 .debug_info    0x000000000002fe99       0xcb /usr/lib/gcc/arm-none-eabi/10.3.1/../../../arm-none-eabi/lib/thumb/v7e-m/nofp/libc.a(lib_a-abort.o)
 .debug_info    0x000000000002ff64      0xf32 /usr/lib/gcc/arm-none-eabi/10.3.1/../../../arm-none-eabi/lib/thumb/v7e-m/nofp/libc.a(lib_a-signal.o)
 .debug_info    0x0000000000030e96      0x9d7 /usr/lib/gcc/arm-none-eabi/10.3.1/../../../arm-none-eabi/lib/thumb/v7e-m/nofp/libc.a(lib_a-signalr.o)
 .debug_info    0x000000000003186d       0x26 /usr/lib/gcc/arm-none-eabi/10.3.1/thumb/v7e-m/nofp/libgcc.a(_arm_muldivdf3.o)
 .debug_info    0x0000000000031893       0x26 /usr/lib/gcc/arm-none-eabi/10.3.1/thumb/v7e-m/nofp/libgcc.a(_arm_cmpdf2.o)
 .debug_info    0x00000000000318b9       0x26 /usr/lib/gcc/arm-none-eabi/10.3.1/thumb/v7e-m/nofp/libgcc.a(_arm_unorddf2.o)
 .debug_info    0x00000000000318df       0x26 /usr/lib/gcc/arm-none-eabi/10.3.1/thumb/v7e-m/nofp/libgcc.a(_arm_fixdfsi.o)

.debug_abbrev   0x0000000000000000     0x9b3f
 .debug_abbrev  0x0000000000000000      0x24d build/fault.o
 .debug_abbrev  0x000000000000024d      0x515 build/filesystem.o
 .debug_abbrev  0x0000000000000762      0x5a2 build/kernel.o
 .debug_abbrev  0x0000000000000d04      0x2db build/memory.o
 .debug_abbrev  0x0000000000000fdf      0x3ac build/power.o
 .debug_abbrev  0x000000000000138b      0x37b build/stdio_uart.o
 .debug_abbrev  0x0000000000001706      0x49b build/sync.o
 .debug_abbrev  0x0000000000001ba1      0x329 build/timer.o
 .debug_abbrev  0x0000000000001eca      0x224 build/trace.o
 .debug_abbrev  0x00000000000020ee      0x1e8 build/ramdisk.o
 .debug_abbrev  0x00000000000022d6      0x25b build/filesystem_demo.o
 .debug_abbrev  0x0000000000002531       0x14 build/context_switch.o
 .debug_abbrev  0x0000000000002545       0x12 build/startup.o
 .debug_abbrev  0x0000000000002557       0x14 /usr/lib/gcc/arm-none-eabi/10.3.1/thumb/v7e-m/nofp/libgcc.a(_arm_addsubdf3.o)
 .debug_abbrev  0x000000000000256b       0x14 /usr/lib/gcc/arm-none-eabi/10.3.1/thumb/v7e-m/nofp/libgcc.a(_aeabi_uldivmod.o)
 .debug_abbrev  0x000000000000257f      0x163 /usr/lib/gcc/arm-none-eabi/10.3.1/thumb/v7e-m/nofp/libgcc.a(_udivmoddi4.o)
 .debug_abbrev  0x00000000000026e2       0x14 /usr/lib/gcc/arm-none-eabi/10.3.1/thumb/v7e-m/nofp/libgcc.a(_dvmd_tls.o)
 .debug_abbrev  0x00000000000026f6       0x14 /usr/lib/gcc/arm-none-eabi/10.3.1/../../../arm-none-eabi/lib/thumb/v7e-m/nofp/libc.a(lib_a-memcpy.o)
 .debug_abbrev  0x000000000000270a       0xc0 /usr/lib/gcc/arm-none-eabi/10.3.1/../../../arm-none-eabi/lib/thumb/v7e-m/nofp/libc.a(lib_a-memmove.o)
 .debug_abbrev  0x00000000000027ca       0xb4 /usr/lib/gcc/arm-none-eabi/10.3.1/../../../arm-none-eabi/lib/thumb/v7e-m/nofp/libc.a(lib_a-memset.o)
 .debug_abbrev  0x000000000000287e      0x27a /usr/lib/gcc/arm-none-eabi/10.3.1/../../../arm-none-eabi/lib/thumb/v7e-m/nofp/libc.a(lib_a-printf.o)
 .debug_abbrev  0x0000000000002af8      0x28d /usr/lib/gcc/arm-none-eabi/10.3.1/../../../arm-none-eabi/lib/thumb/v7e-m/nofp/libc.a(lib_a-puts.o)
 .debug_abbrev  0x0000000000002d85      0x27d /usr/lib/gcc/arm-none-eabi/10.3.1/../../../arm-none-eabi/lib/thumb/v7e-m/nofp/libc.a(lib_a-snprintf.o)
 .debug_abbrev  0x0000000000003002      0x262 /usr/lib/gcc/arm-none-eabi/10.3.1/../../../arm-none-eabi/lib/thumb/v7e-m/nofp/libc.a(lib_a-stdio.o)
 .debug_abbrev  0x0000000000003264       0x14 /usr/lib/gcc/arm-none-eabi/10.3.1/../../../arm-none-eabi/lib/thumb/v7e-m/nofp/libc.a(lib_a-strcmp.o)
 .debug_abbrev  0x0000000000003278       0x14 /usr/lib/gcc/arm-none-eabi/10.3.1/../../../arm-none-eabi/lib/thumb/v7e-m/nofp/libc.a(lib_a-strlen.o)
 .debug_abbrev  0x000000000000328c       0xbb /usr/lib/gcc/arm-none-eabi/10.3.1/../../../arm-none-eabi/lib/thumb/v7e-m/nofp/libc.a(lib_a-strncpy.o)
 .debug_abbrev  0x0000000000003347      0x3db /usr/lib/gcc/arm-none-eabi/10.3.1/../../../arm-none-eabi/lib/thumb/v7e-m/nofp/libc.a(lib_a-svfprintf.o)
 .debug_abbrev  0x0000000000003722      0x44f /usr/lib/gcc/arm-none-eabi/10.3.1/../../../arm-none-eabi/lib/thumb/v7e-m/nofp/libc.a(lib_a-vfprintf.o)
 .debug_abbrev  0x0000000000003b71      0x217 /usr/lib/gcc/arm-none-eabi/10.3.1/../../../arm-none-eabi/lib/thumb/v7e-m/nofp/libc.a(lib_a-writer.o)
 .debug_abbrev  0x0000000000003d88      0x246 /usr/lib/gcc/arm-none-eabi/10.3.1/../../../arm-none-eabi/lib/thumb/v7e-m/nofp/libc.a(lib_a-wsetup.o)
 .debug_abbrev  0x0000000000003fce      0x212 /usr/lib/gcc/arm-none-eabi/10.3.1/../../../arm-none-eabi/lib/thumb/v7e-m/nofp/libc.a(lib_a-closer.o)
 .debug_abbrev  0x00000000000041e0       0x62 /usr/lib/gcc/arm-none-eabi/10.3.1/../../../arm-none-eabi/lib/thumb/v7e-m/nofp/libc.a(lib_a-ctype_.o)
 .debug_abbrev  0x0000000000004242      0x323 /usr/lib/gcc/arm-none-eabi/10.3.1/../../../arm-none-eabi/lib/thumb/v7e-m/nofp/libc.a(lib_a-dtoa.o)
 .debug_abbrev  0x0000000000004565      0x333 /usr/lib/gcc/arm-none-eabi/10.3.1/../../../arm-none-eabi/lib/thumb/v7e-m/nofp/libc.a(lib_a-fflush.o)
 .debug_abbrev  0x0000000000004898      0x41a /usr/lib/gcc/arm-none-eabi/10.3.1/../../../arm-none-eabi/lib/thumb/v7e-m/nofp/libc.a(lib_a-findfp.o)
 .debug_abbrev  0x0000000000004cb2      0x2b1 /usr/lib/gcc/arm-none-eabi/10.3.1/../../../arm-none-eabi/lib/thumb/v7e-m/nofp/libc.a(lib_a-freer.o)
 .debug_abbrev  0x0000000000004f63      0x25b /usr/lib/gcc/arm-none-eabi/10.3.1/../../../arm-none-eabi/lib/thumb/v7e-m/nofp/libc.a(lib_a-fvwrite.o)
 .debug_abbrev  0x00000000000051be      0x1fe /usr/lib/gcc/arm-none-eabi/10.3.1/../../../arm-none-eabi/lib/thumb/v7e-m/nofp/libc.a(lib_a-fwalk.o)
 .debug_abbrev  0x00000000000053bc      0x1b8 /usr/lib/gcc/arm-none-eabi/10.3.1/../../../arm-none-eabi/lib/thumb/v7e-m/nofp/libc.a(lib_a-impure.o)
 .debug_abbrev  0x0000000000005574      0x2f5 /usr/lib/gcc/arm-none-eabi/10.3.1/../../../arm-none-eabi/lib/thumb/v7e-m/nofp/libc.a(lib_a-locale.o)
 .debug_abbrev  0x0000000000005869      0x26a /usr/lib/gcc/arm-none-eabi/10.3.1/../../../arm-none-eabi/lib/thumb/v7e-m/nofp/libc.a(lib_a-localeconv.o)
 .debug_abbrev  0x0000000000005ad3      0x226 /usr/lib/gcc/arm-none-eabi/10.3.1/../../../arm-none-eabi/lib/thumb/v7e-m/nofp/libc.a(lib_a-lseekr.o)
 .debug_abbrev  0x0000000000005cf9      0x2df /usr/lib/gcc/arm-none-eabi/10.3.1/../../../arm-none-eabi/lib/thumb/v7e-m/nofp/libc.a(lib_a-makebuf.o)
 .debug_abbrev  0x0000000000005fd8      0x2f6 /usr/lib/gcc/arm-none-eabi/10.3.1/../../../arm-none-eabi/lib/thumb/v7e-m/nofp/libc.a(lib_a-mallocr.o)
 .debug_abbrev  0x00000000000062ce      0x247 /usr/lib/gcc/arm-none-eabi/10.3.1/../../../arm-none-eabi/lib/thumb/v7e-m/nofp/libc.a(lib_a-mbtowc_r.o)
 .debug_abbrev  0x0000000000006515       0x14 /usr/lib/gcc/arm-none-eabi/10.3.1/../../../arm-none-eabi/lib/thumb/v7e-m/nofp/libc.a(lib_a-memchr.o)
 .debug_abbrev  0x0000000000006529      0x1f0 /usr/lib/gcc/arm-none-eabi/10.3.1/../../../arm-none-eabi/lib/thumb/v7e-m/nofp/libc.a(lib_a-mlock.o)
 .debug_abbrev  0x0000000000006719      0x4ae /usr/lib/gcc/arm-none-eabi/10.3.1/../../../arm-none-eabi/lib/thumb/v7e-m/nofp/libc.a(lib_a-mprec.o)
 .debug_abbrev  0x0000000000006bc7      0x212 /usr/lib/gcc/arm-none-eabi/10.3.1/../../../arm-none-eabi/lib/thumb/v7e-m/nofp/libc.a(lib_a-readr.o)
 .debug_abbrev  0x0000000000006dd9      0x275 /usr/lib/gcc/arm-none-eabi/10.3.1/../../../arm-none-eabi/lib/thumb/v7e-m/nofp/libc.a(lib_a-reallocr.o)
 .debug_abbrev  0x000000000000704e      0x2f4 /usr/lib/gcc/arm-none-eabi/10.3.1/../../../arm-none-eabi/lib/thumb/v7e-m/nofp/libc.a(lib_a-reent.o)
 .debug_abbrev  0x0000000000007342      0x23d /usr/lib/gcc/arm-none-eabi/10.3.1/../../../arm-none-eabi/lib/thumb/v7e-m/nofp/libc.a(lib_a-sbrkr.o)
 .debug_abbrev  0x000000000000757f      0x2fa /usr/lib/gcc/arm-none-eabi/10.3.1/../../../arm-none-eabi/lib/thumb/v7e-m/nofp/libc.a(lib_a-svfiprintf.o)
 .debug_abbrev  0x0000000000007879      0x430 /usr/lib/gcc/arm-none-eabi/10.3.1/../../../arm-none-eabi/lib/thumb/v7e-m/nofp/libc.a(lib_a-vfiprintf.o)
 .debug_abbrev  0x0000000000007ca9      0x286 /usr/lib/gcc/arm-none-eabi/10.3.1/../../../arm-none-eabi/lib/thumb/v7e-m/nofp/libc.a(lib_a-wbuf.o)
 .debug_abbrev  0x0000000000007f2f      0x251 /usr/lib/gcc/arm-none-eabi/10.3.1/../../../arm-none-eabi/lib/thumb/v7e-m/nofp/libc.a(lib_a-wctomb_r.o)
 .debug_abbrev  0x0000000000008180      0x22a /usr/lib/gcc/arm-none-eabi/10.3.1/../../../arm-none-eabi/lib/thumb/v7e-m/nofp/libc.a(lib_a-assert.o)
 .debug_abbrev  0x00000000000083aa      0x241 /usr/lib/gcc/arm-none-eabi/10.3.1/../../../arm-none-eabi/lib/thumb/v7e-m/nofp/libc.a(lib_a-callocr.o)
 .debug_abbrev  0x00000000000085eb      0x2f1 /usr/lib/gcc/arm-none-eabi/10.3.1/../../../arm-none-eabi/lib/thumb/v7e-m/nofp/libc.a(lib_a-fclose.o)
 .debug_abbrev  0x00000000000088dc      0x255 /usr/lib/gcc/arm-none-eabi/10.3.1/../../../arm-none-eabi/lib/thumb/v7e-m/nofp/libc.a(lib_a-fiprintf.o)
 .debug_abbrev  0x0000000000008b31      0x34f /usr/lib/gcc/arm-none-eabi/10.3.1/../../../arm-none-eabi/lib/thumb/v7e-m/nofp/libc.a(lib_a-fputwc.o)
 .debug_abbrev  0x0000000000008e80      0x226 /usr/lib/gcc/arm-none-eabi/10.3.1/../../../arm-none-eabi/lib/thumb/v7e-m/nofp/libc.a(lib_a-fstatr.o)
 .debug_abbrev  0x00000000000090a6      0x212 /usr/lib/gcc/arm-none-eabi/10.3.1/../../../arm-none-eabi/lib/thumb/v7e-m/nofp/libc.a(lib_a-isattyr.o)
 .debug_abbrev  0x00000000000092b8      0x254 /usr/lib/gcc/arm-none-eabi/10.3.1/../../../arm-none-eabi/lib/thumb/v7e-m/nofp/libc.a(lib_a-wcrtomb.o)
 .debug_abbrev  0x000000000000950c       0x80 /usr/lib/gcc/arm-none-eabi/10.3.1/../../../arm-none-eabi/lib/thumb/v7e-m/nofp/libc.a(lib_a-abort.o)
 .debug_abbrev  0x000000000000958c      0x321 /usr/lib/gcc/arm-none-eabi/10.3.1/../../../arm-none-eabi/lib/thumb/v7e-m/nofp/libc.a(lib_a-signal.o)
 .debug_abbrev  0x00000000000098ad      0x242 /usr/lib/gcc/arm-none-eabi/10.3.1/../../../arm-none-eabi/lib/thumb/v7e-m/nofp/libc.a(lib_a-signalr.o)
 .debug_abbrev  0x0000000000009aef       0x14 /usr/lib/gcc/arm-none-eabi/10.3.1/thumb/v7e-m/nofp/libgcc.a(_arm_muldivdf3.o)
 .debug_abbrev  0x0000000000009b03       0x14 /usr/lib/gcc/arm-none-eabi/10.3.1/thumb/v7e-m/nofp/libgcc.a(_arm_cmpdf2.o)
 .debug_abbrev  0x0000000000009b17       0x14 /usr/lib/gcc/arm-none-eabi/10.3.1/thumb/v7e-m/nofp/libgcc.a(_arm_unorddf2.o)
 .debug_abbrev  0x0000000000009b2b       0x14 /usr/lib/gcc/arm-none-eabi/10.3.1/thumb/v7e-m/nofp/libgcc.a(_arm_fixdfsi.o)

.debug_loc      0x0000000000000000    0x2165e
 .debug_loc     0x0000000000000000      0x119 build/fault.o
 .debug_loc     0x0000000000000119     0x2606 build/filesystem.o
 .debug_loc     0x000000000000271f     0x1f2f build/kernel.o
 .debug_loc     0x000000000000464e      0x772 build/memory.o
 .debug_loc     0x0000000000004dc0      0x55b build/power.o
 .debug_loc     0x000000000000531b      0x5ed build/stdio_uart.o
 .debug_loc     0x0000000000005908     0x28d3 build/sync.o
 .debug_loc     0x00000000000081db      0x6d0 build/timer.o
 .debug_loc     0x00000000000088ab      0x400 build/trace.o
 .debug_loc     0x0000000000008cab      0x22d build/ramdisk.o
 .debug_loc     0x0000000000008ed8      0x2f5 build/filesystem_demo.o
 .debug_loc     0x00000000000091cd     0x1094 /usr/lib/gcc/arm-none-eabi/10.3.1/thumb/v7e-m/nofp/libgcc.a(_udivmoddi4.o)
 .debug_loc     0x000000000000a261      0x34f /usr/lib/gcc/arm-none-eabi/10.3.1/../../../arm-none-eabi/lib/thumb/v7e-m/nofp/libc.a(lib_a-memmove.o)
 .debug_loc     0x000000000000a5b0      0x22c /usr/lib/gcc/arm-none-eabi/10.3.1/../../../arm-none-eabi/lib/thumb/v7e-m/nofp/libc.a(lib_a-memset.o)
 .debug_loc     0x000000000000a7dc       0x64 /usr/lib/gcc/arm-none-eabi/10.3.1/../../../arm-none-eabi/lib/thumb/v7e-m/nofp/libc.a(lib_a-printf.o)
 .debug_loc     0x000000000000a840      0x11c /usr/lib/gcc/arm-none-eabi/10.3.1/../../../arm-none-eabi/lib/thumb/v7e-m/nofp/libc.a(lib_a-puts.o)
 .debug_loc     0x000000000000a95c      0x2b1 /usr/lib/gcc/arm-none-eabi/10.3.1/../../../arm-none-eabi/lib/thumb/v7e-m/nofp/libc.a(lib_a-snprintf.o)
 .debug_loc     0x000000000000ac0d      0x3a0 /usr/lib/gcc/arm-none-eabi/10.3.1/../../../arm-none-eabi/lib/thumb/v7e-m/nofp/libc.a(lib_a-stdio.o)
 .debug_loc     0x000000000000afad      0x1b5 /usr/lib/gcc/arm-none-eabi/10.3.1/../../../arm-none-eabi/lib/thumb/v7e-m/nofp/libc.a(lib_a-strncpy.o)
 .debug_loc     0x000000000000b162     0x3217 /usr/lib/gcc/arm-none-eabi/10.3.1/../../../arm-none-eabi/lib/thumb/v7e-m/nofp/libc.a(lib_a-svfprintf.o)
 .debug_loc     0x000000000000e379     0x348e /usr/lib/gcc/arm-none-eabi/10.3.1/../../../arm-none-eabi/lib/thumb/v7e-m/nofp/libc.a(lib_a-vfprintf.o)
 .debug_loc     0x0000000000011807       0xf7 /usr/lib/gcc/arm-none-eabi/10.3.1/../../../arm-none-eabi/lib/thumb/v7e-m/nofp/libc.a(lib_a-writer.o)
 .debug_loc     0x00000000000118fe       0xe7 /usr/lib/gcc/arm-none-eabi/10.3.1/../../../arm-none-eabi/lib/thumb/v7e-m/nofp/libc.a(lib_a-wsetup.o)
 .debug_loc     0x00000000000119e5       0x6c /usr/lib/gcc/arm-none-eabi/10.3.1/../../../arm-none-eabi/lib/thumb/v7e-m/nofp/libc.a(lib_a-closer.o)
 .debug_loc     0x0000000000011a51     0x3391 /usr/lib/gcc/arm-none-eabi/10.3.1/../../../arm-none-eabi/lib/thumb/v7e-m/nofp/libc.a(lib_a-dtoa.o)
 .debug_loc     0x0000000000014de2      0x441 /usr/lib/gcc/arm-none-eabi/10.3.1/../../../arm-none-eabi/lib/thumb/v7e-m/nofp/libc.a(lib_a-fflush.o)
 .debug_loc     0x0000000000015223      0x3cc /usr/lib/gcc/arm-none-eabi/10.3.1/../../../arm-none-eabi/lib/thumb/v7e-m/nofp/libc.a(lib_a-findfp.o)
 .debug_loc     0x00000000000155ef      0x6cc /usr/lib/gcc/arm-none-eabi/10.3.1/../../../arm-none-eabi/lib/thumb/v7e-m/nofp/libc.a(lib_a-freer.o)
 .debug_loc     0x0000000000015cbb      0x6fb /usr/lib/gcc/arm-none-eabi/10.3.1/../../../arm-none-eabi/lib/thumb/v7e-m/nofp/libc.a(lib_a-fvwrite.o)
 .debug_loc     0x00000000000163b6      0x1bf /usr/lib/gcc/arm-none-eabi/10.3.1/../../../arm-none-eabi/lib/thumb/v7e-m/nofp/libc.a(lib_a-fwalk.o)
 .debug_loc     0x0000000000016575      0x27d /usr/lib/gcc/arm-none-eabi/10.3.1/../../../arm-none-eabi/lib/thumb/v7e-m/nofp/libc.a(lib_a-locale.o)
 .debug_loc     0x00000000000167f2       0x6f /usr/lib/gcc/arm-none-eabi/10.3.1/../../../arm-none-eabi/lib/thumb/v7e-m/nofp/libc.a(lib_a-localeconv.o)
 .debug_loc     0x0000000000016861       0xf7 /usr/lib/gcc/arm-none-eabi/10.3.1/../../../arm-none-eabi/lib/thumb/v7e-m/nofp/libc.a(lib_a-lseekr.o)
 .debug_loc     0x0000000000016958      0x39f /usr/lib/gcc/arm-none-eabi/10.3.1/../../../arm-none-eabi/lib/thumb/v7e-m/nofp/libc.a(lib_a-makebuf.o)
 .debug_loc     0x0000000000016cf7      0xea2 /usr/lib/gcc/arm-none-eabi/10.3.1/../../../arm-none-eabi/lib/thumb/v7e-m/nofp/libc.a(lib_a-mallocr.o)
 .debug_loc     0x0000000000017b99      0x21d /usr/lib/gcc/arm-none-eabi/10.3.1/../../../arm-none-eabi/lib/thumb/v7e-m/nofp/libc.a(lib_a-mbtowc_r.o)
 .debug_loc     0x0000000000017db6     0x26a7 /usr/lib/gcc/arm-none-eabi/10.3.1/../../../arm-none-eabi/lib/thumb/v7e-m/nofp/libc.a(lib_a-mprec.o)
 .debug_loc     0x000000000001a45d       0xf7 /usr/lib/gcc/arm-none-eabi/10.3.1/../../../arm-none-eabi/lib/thumb/v7e-m/nofp/libc.a(lib_a-readr.o)
 .debug_loc     0x000000000001a554     0x17d9 /usr/lib/gcc/arm-none-eabi/10.3.1/../../../arm-none-eabi/lib/thumb/v7e-m/nofp/libc.a(lib_a-reallocr.o)
 .debug_loc     0x000000000001bd2d      0x23e /usr/lib/gcc/arm-none-eabi/10.3.1/../../../arm-none-eabi/lib/thumb/v7e-m/nofp/libc.a(lib_a-reent.o)
 .debug_loc     0x000000000001bf6b       0x6c /usr/lib/gcc/arm-none-eabi/10.3.1/../../../arm-none-eabi/lib/thumb/v7e-m/nofp/libc.a(lib_a-sbrkr.o)
 .debug_loc     0x000000000001bfd7     0x1608 /usr/lib/gcc/arm-none-eabi/10.3.1/../../../arm-none-eabi/lib/thumb/v7e-m/nofp/libc.a(lib_a-svfiprintf.o)
 .debug_loc     0x000000000001d5df     0x23cb /usr/lib/gcc/arm-none-eabi/10.3.1/../../../arm-none-eabi/lib/thumb/v7e-m/nofp/libc.a(lib_a-vfiprintf.o)
 .debug_loc     0x000000000001f9aa      0x1b0 /usr/lib/gcc/arm-none-eabi/10.3.1/../../../arm-none-eabi/lib/thumb/v7e-m/nofp/libc.a(lib_a-wbuf.o)
 .debug_loc     0x000000000001fb5a      0x13a /usr/lib/gcc/arm-none-eabi/10.3.1/../../../arm-none-eabi/lib/thumb/v7e-m/nofp/libc.a(lib_a-wctomb_r.o)
 .debug_loc     0x000000000001fc94      0x185 /usr/lib/gcc/arm-none-eabi/10.3.1/../../../arm-none-eabi/lib/thumb/v7e-m/nofp/libc.a(lib_a-assert.o)
 .debug_loc     0x000000000001fe19      0x2d6 /usr/lib/gcc/arm-none-eabi/10.3.1/../../../arm-none-eabi/lib/thumb/v7e-m/nofp/libc.a(lib_a-callocr.o)
 .debug_loc     0x00000000000200ef      0x2f1 /usr/lib/gcc/arm-none-eabi/10.3.1/../../../arm-none-eabi/lib/thumb/v7e-m/nofp/libc.a(lib_a-fclose.o)
 .debug_loc     0x00000000000203e0       0xa6 /usr/lib/gcc/arm-none-eabi/10.3.1/../../../arm-none-eabi/lib/thumb/v7e-m/nofp/libc.a(lib_a-fiprintf.o)
 .debug_loc     0x0000000000020486      0x3cc /usr/lib/gcc/arm-none-eabi/10.3.1/../../../arm-none-eabi/lib/thumb/v7e-m/nofp/libc.a(lib_a-fputwc.o)
 .debug_loc     0x0000000000020852       0xab /usr/lib/gcc/arm-none-eabi/10.3.1/../../../arm-none-eabi/lib/thumb/v7e-m/nofp/libc.a(lib_a-fstatr.o)
 .debug_loc     0x00000000000208fd       0x6c /usr/lib/gcc/arm-none-eabi/10.3.1/../../../arm-none-eabi/lib/thumb/v7e-m/nofp/libc.a(lib_a-isattyr.o)
 .debug_loc     0x0000000000020969      0x2be /usr/lib/gcc/arm-none-eabi/10.3.1/../../../arm-none-eabi/lib/thumb/v7e-m/nofp/libc.a(lib_a-wcrtomb.o)
 .debug_loc     0x0000000000020c27      0x967 /usr/lib/gcc/arm-none-eabi/10.3.1/../../../arm-none-eabi/lib/thumb/v7e-m/nofp/libc.a(lib_a-signal.o)
 .debug_loc     0x000000000002158e       0xd0 /usr/lib/gcc/arm-none-eabi/10.3.1/../../../arm-none-eabi/lib/thumb/v7e-m/nofp/libc.a(lib_a-signalr.o)

.debug_aranges  0x0000000000000000      0xef0
 .debug_aranges
                0x0000000000000000       0x58 build/fault.o
 .debug_aranges
                0x0000000000000058      0x150 build/filesystem.o
 .debug_aranges
                0x00000000000001a8      0x1a8 build/kernel.o
 .debug_aranges
                0x0000000000000350       0x40 build/memory.o
 .debug_aranges
                0x0000000000000390       0xb8 build/power.o
 .debug_aranges
                0x0000000000000448       0x68 build/stdio_uart.o
 .debug_aranges
                0x00000000000004b0      0x140 build/sync.o
 .debug_aranges
                0x00000000000005f0       0x78 build/timer.o
 .debug_aranges
                0x0000000000000668       0x60 build/trace.o
 .debug_aranges
                0x00000000000006c8       0x50 build/ramdisk.o
 .debug_aranges
                0x0000000000000718       0x40 build/filesystem_demo.o
 .debug_aranges
                0x0000000000000758       0x20 build/context_switch.o
 .debug_aranges
                0x0000000000000778       0x28 build/startup.o
 .debug_aranges
                0x00000000000007a0       0x20 /usr/lib/gcc/arm-none-eabi/10.3.1/thumb/v7e-m/nofp/libgcc.a(_arm_addsubdf3.o)
 .debug_aranges
                0x00000000000007c0       0x20 /usr/lib/gcc/arm-none-eabi/10.3.1/thumb/v7e-m/nofp/libgcc.a(_aeabi_uldivmod.o)
 .debug_aranges
                0x00000000000007e0       0x20 /usr/lib/gcc/arm-none-eabi/10.3.1/thumb/v7e-m/nofp/libgcc.a(_udivmoddi4.o)
 .debug_aranges
                0x0000000000000800       0x20 /usr/lib/gcc/arm-none-eabi/10.3.1/thumb/v7e-m/nofp/libgcc.a(_dvmd_tls.o)
 .debug_aranges
                0x0000000000000820       0x20 /usr/lib/gcc/arm-none-eabi/10.3.1/../../../arm-none-eabi/lib/thumb/v7e-m/nofp/libc.a(lib_a-memcpy.o)
 .debug_aranges
                0x0000000000000840       0x20 /usr/lib/gcc/arm-none-eabi/10.3.1/../../../arm-none-eabi/lib/thumb/v7e-m/nofp/libc.a(lib_a-memmove.o)
 .debug_aranges
                0x0000000000000860       0x20 /usr/lib/gcc/arm-none-eabi/10.3.1/../../../arm-none-eabi/lib/thumb/v7e-m/nofp/libc.a(lib_a-memset.o)
 .debug_aranges
                0x0000000000000880       0x20 /usr/lib/gcc/arm-none-eabi/10.3.1/../../../arm-none-eabi/lib/thumb/v7e-m/nofp/libc.a(lib_a-printf.o)
 .debug_aranges
                0x00000000000008a0       0x20 /usr/lib/gcc/arm-none-eabi/10.3.1/../../../arm-none-eabi/lib/thumb/v7e-m/nofp/libc.a(lib_a-puts.o)
 .debug_aranges
                0x00000000000008c0       0x20 /usr/lib/gcc/arm-none-eabi/10.3.1/../../../arm-none-eabi/lib/thumb/v7e-m/nofp/libc.a(lib_a-snprintf.o)
 .debug_aranges
                0x00000000000008e0       0x20 /usr/lib/gcc/arm-none-eabi/10.3.1/../../../arm-none-eabi/lib/thumb/v7e-m/nofp/libc.a(lib_a-stdio.o)
 .debug_aranges
                0x0000000000000900       0x20 /usr/lib/gcc/arm-none-eabi/10.3.1/../../../arm-none-eabi/lib/thumb/v7e-m/nofp/libc.a(lib_a-strcmp.o)
 .debug_aranges
                0x0000000000000920       0x20 /usr/lib/gcc/arm-none-eabi/10.3.1/../../../arm-none-eabi/lib/thumb/v7e-m/nofp/libc.a(lib_a-strlen.o)
 .debug_aranges
                0x0000000000000940       0x20 /usr/lib/gcc/arm-none-eabi/10.3.1/../../../arm-none-eabi/lib/thumb/v7e-m/nofp/libc.a(lib_a-strncpy.o)
 .debug_aranges
                0x0000000000000960       0x20 /usr/lib/gcc/arm-none-eabi/10.3.1/../../../arm-none-eabi/lib/thumb/v7e-m/nofp/libc.a(lib_a-svfprintf.o)
 .debug_aranges
                0x0000000000000980       0x20 /usr/lib/gcc/arm-none-eabi/10.3.1/../../../arm-none-eabi/lib/thumb/v7e-m/nofp/libc.a(lib_a-vfprintf.o)
 .debug_aranges
                0x00000000000009a0       0x20 /usr/lib/gcc/arm-none-eabi/10.3.1/../../../arm-none-eabi/lib/thumb/v7e-m/nofp/libc.a(lib_a-writer.o)
 .debug_aranges
                0x00000000000009c0       0x20 /usr/lib/gcc/arm-none-eabi/10.3.1/../../../arm-none-eabi/lib/thumb/v7e-m/nofp/libc.a(lib_a-wsetup.o)
 .debug_aranges
                0x00000000000009e0       0x20 /usr/lib/gcc/arm-none-eabi/10.3.1/../../../arm-none-eabi/lib/thumb/v7e-m/nofp/libc.a(lib_a-closer.o)
 .debug_aranges
                0x0000000000000a00       0x18 /usr/lib/gcc/arm-none-eabi/10.3.1/../../../arm-none-eabi/lib/thumb/v7e-m/nofp/libc.a(lib_a-ctype_.o)
 .debug_aranges
                0x0000000000000a18       0x20 /usr/lib/gcc/arm-none-eabi/10.3.1/../../../arm-none-eabi/lib/thumb/v7e-m/nofp/libc.a(lib_a-dtoa.o)
 .debug_aranges
                0x0000000000000a38       0x20 /usr/lib/gcc/arm-none-eabi/10.3.1/../../../arm-none-eabi/lib/thumb/v7e-m/nofp/libc.a(lib_a-fflush.o)
 .debug_aranges
                0x0000000000000a58       0x20 /usr/lib/gcc/arm-none-eabi/10.3.1/../../../arm-none-eabi/lib/thumb/v7e-m/nofp/libc.a(lib_a-findfp.o)
 .debug_aranges
                0x0000000000000a78       0x20 /usr/lib/gcc/arm-none-eabi/10.3.1/../../../arm-none-eabi/lib/thumb/v7e-m/nofp/libc.a(lib_a-freer.o)
 .debug_aranges
                0x0000000000000a98       0x20 /usr/lib/gcc/arm-none-eabi/10.3.1/../../../arm-none-eabi/lib/thumb/v7e-m/nofp/libc.a(lib_a-fvwrite.o)
 .debug_aranges
                0x0000000000000ab8       0x20 /usr/lib/gcc/arm-none-eabi/10.3.1/../../../arm-none-eabi/lib/thumb/v7e-m/nofp/libc.a(lib_a-fwalk.o)
 .debug_aranges
                0x0000000000000ad8       0x18 /usr/lib/gcc/arm-none-eabi/10.3.1/../../../arm-none-eabi/lib/thumb/v7e-m/nofp/libc.a(lib_a-impure.o)
 .debug_aranges
                0x0000000000000af0       0x20 /usr/lib/gcc/arm-none-eabi/10.3.1/../../../arm-none-eabi/lib/thumb/v7e-m/nofp/libc.a(lib_a-locale.o)
 .debug_aranges
                0x0000000000000b10       0x20 /usr/lib/gcc/arm-none-eabi/10.3.1/../../../arm-none-eabi/lib/thumb/v7e-m/nofp/libc.a(lib_a-localeconv.o)
 .debug_aranges
                0x0000000000000b30       0x20 /usr/lib/gcc/arm-none-eabi/10.3.1/../../../arm-none-eabi/lib/thumb/v7e-m/nofp/libc.a(lib_a-lseekr.o)
 .debug_aranges
                0x0000000000000b50       0x20 /usr/lib/gcc/arm-none-eabi/10.3.1/../../../arm-none-eabi/lib/thumb/v7e-m/nofp/libc.a(lib_a-makebuf.o)
 .debug_aranges
                0x0000000000000b70       0x20 /usr/lib/gcc/arm-none-eabi/10.3.1/../../../arm-none-eabi/lib/thumb/v7e-m/nofp/libc.a(lib_a-mallocr.o)
 .debug_aranges
                0x0000000000000b90       0x20 /usr/lib/gcc/arm-none-eabi/10.3.1/../../../arm-none-eabi/lib/thumb/v7e-m/nofp/libc.a(lib_a-mbtowc_r.o)
 .debug_aranges
                0x0000000000000bb0       0x20 /usr/lib/gcc/arm-none-eabi/10.3.1/../../../arm-none-eabi/lib/thumb/v7e-m/nofp/libc.a(lib_a-memchr.o)
 .debug_aranges
                0x0000000000000bd0       0x20 /usr/lib/gcc/arm-none-eabi/10.3.1/../../../arm-none-eabi/lib/thumb/v7e-m/nofp/libc.a(lib_a-mlock.o)
 .debug_aranges
                0x0000000000000bf0       0x20 /usr/lib/gcc/arm-none-eabi/10.3.1/../../../arm-none-eabi/lib/thumb/v7e-m/nofp/libc.a(lib_a-mprec.o)
 .debug_aranges
                0x0000000000000c10       0x20 /usr/lib/gcc/arm-none-eabi/10.3.1/../../../arm-none-eabi/lib/thumb/v7e-m/nofp/libc.a(lib_a-readr.o)
 .debug_aranges
                0x0000000000000c30       0x20 /usr/lib/gcc/arm-none-eabi/10.3.1/../../../arm-none-eabi/lib/thumb/v7e-m/nofp/libc.a(lib_a-reallocr.o)
 .debug_aranges
                0x0000000000000c50       0x20 /usr/lib/gcc/arm-none-eabi/10.3.1/../../../arm-none-eabi/lib/thumb/v7e-m/nofp/libc.a(lib_a-reent.o)
 .debug_aranges
                0x0000000000000c70       0x20 /usr/lib/gcc/arm-none-eabi/10.3.1/../../../arm-none-eabi/lib/thumb/v7e-m/nofp/libc.a(lib_a-sbrkr.o)
 .debug_aranges
                0x0000000000000c90       0x20 /usr/lib/gcc/arm-none-eabi/10.3.1/../../../arm-none-eabi/lib/thumb/v7e-m/nofp/libc.a(lib_a-svfiprintf.o)
 .debug_aranges
                0x0000000000000cb0       0x20 /usr/lib/gcc/arm-none-eabi/10.3.1/../../../arm-none-eabi/lib/thumb/v7e-m/nofp/libc.a(lib_a-vfiprintf.o)
 .debug_aranges
                0x0000000000000cd0       0x20 /usr/lib/gcc/arm-none-eabi/10.3.1/../../../arm-none-eabi/lib/thumb/v7e-m/nofp/libc.a(lib_a-wbuf.o)
 .debug_aranges
                0x0000000000000cf0       0x20 /usr/lib/gcc/arm-none-eabi/10.3.1/../../../arm-none-eabi/lib/thumb/v7e-m/nofp/libc.a(lib_a-wctomb_r.o)
 .debug_aranges
                0x0000000000000d10       0x20 /usr/lib/gcc/arm-none-eabi/10.3.1/../../../arm-none-eabi/lib/thumb/v7e-m/nofp/libc.a(lib_a-assert.o)
 .debug_aranges
                0x0000000000000d30       0x20 /usr/lib/gcc/arm-none-eabi/10.3.1/../../../arm-none-eabi/lib/thumb/v7e-m/nofp/libc.a(lib_a-callocr.o)
 .debug_aranges
                0x0000000000000d50       0x20 /usr/lib/gcc/arm-none-eabi/10.3.1/../../../arm-none-eabi/lib/thumb/v7e-m/nofp/libc.a(lib_a-fclose.o)
 .debug_aranges
                0x0000000000000d70       0x20 /usr/lib/gcc/arm-none-eabi/10.3.1/../../../arm-none-eabi/lib/thumb/v7e-m/nofp/libc.a(lib_a-fiprintf.o)
 .debug_aranges
                0x0000000000000d90       0x20 /usr/lib/gcc/arm-none-eabi/10.3.1/../../../arm-none-eabi/lib/thumb/v7e-m/nofp/libc.a(lib_a-fputwc.o)
 .debug_aranges
                0x0000000000000db0       0x20 /usr/lib/gcc/arm-none-eabi/10.3.1/../../../arm-none-eabi/lib/thumb/v7e-m/nofp/libc.a(lib_a-fstatr.o)
 .debug_aranges
                0x0000000000000dd0       0x20 /usr/lib/gcc/arm-none-eabi/10.3.1/../../../arm-none-eabi/lib/thumb/v7e-m/nofp/libc.a(lib_a-isattyr.o)
 .debug_aranges
                0x0000000000000df0       0x20 /usr/lib/gcc/arm-none-eabi/10.3.1/../../../arm-none-eabi/lib/thumb/v7e-m/nofp/libc.a(lib_a-wcrtomb.o)
 .debug_aranges
                0x0000000000000e10       0x20 /usr/lib/gcc/arm-none-eabi/10.3.1/../../../arm-none-eabi/lib/thumb/v7e-m/nofp/libc.a(lib_a-abort.o)
 .debug_aranges
                0x0000000000000e30       0x20 /usr/lib/gcc/arm-none-eabi/10.3.1/../../../arm-none-eabi/lib/thumb/v7e-m/nofp/libc.a(lib_a-signal.o)
 .debug_aranges
                0x0000000000000e50       0x20 /usr/lib/gcc/arm-none-eabi/10.3.1/../../../arm-none-eabi/lib/thumb/v7e-m/nofp/libc.a(lib_a-signalr.o)
 .debug_aranges
                0x0000000000000e70       0x20 /usr/lib/gcc/arm-none-eabi/10.3.1/thumb/v7e-m/nofp/libgcc.a(_arm_muldivdf3.o)
 .debug_aranges
                0x0000000000000e90       0x20 /usr/lib/gcc/arm-none-eabi/10.3.1/thumb/v7e-m/nofp/libgcc.a(_arm_cmpdf2.o)
 .debug_aranges
                0x0000000000000eb0       0x20 /usr/lib/gcc/arm-none-eabi/10.3.1/thumb/v7e-m/nofp/libgcc.a(_arm_unorddf2.o)
 .debug_aranges
                0x0000000000000ed0       0x20 /usr/lib/gcc/arm-none-eabi/10.3.1/thumb/v7e-m/nofp/libgcc.a(_arm_fixdfsi.o)

.debug_ranges   0x0000000000000000     0x2c78
 .debug_ranges  0x0000000000000000       0x48 build/fault.o
 .debug_ranges  0x0000000000000048      0x910 build/filesystem.o
 .debug_ranges  0x0000000000000958      0x7a8 build/kernel.o
 .debug_ranges  0x0000000000001100      0x220 build/memory.o
 .debug_ranges  0x0000000000001320       0xe8 build/power.o
 .debug_ranges  0x0000000000001408       0xc0 build/stdio_uart.o
 .debug_ranges  0x00000000000014c8      0x6c0 build/sync.o
 .debug_ranges  0x0000000000001b88       0xb0 build/timer.o
 .debug_ranges  0x0000000000001c38       0x88 build/trace.o
 .debug_ranges  0x0000000000001cc0       0x70 build/ramdisk.o
 .debug_ranges  0x0000000000001d30      0x100 build/filesystem_demo.o
 .debug_ranges  0x0000000000001e30       0x20 build/startup.o
 .debug_ranges  0x0000000000001e50       0xe8 /usr/lib/gcc/arm-none-eabi/10.3.1/thumb/v7e-m/nofp/libgcc.a(_udivmoddi4.o)
 .debug_ranges  0x0000000000001f38       0x20 /usr/lib/gcc/arm-none-eabi/10.3.1/../../../arm-none-eabi/lib/thumb/v7e-m/nofp/libc.a(lib_a-puts.o)
 .debug_ranges  0x0000000000001f58      0x170 /usr/lib/gcc/arm-none-eabi/10.3.1/../../../arm-none-eabi/lib/thumb/v7e-m/nofp/libc.a(lib_a-svfprintf.o)
 .debug_ranges  0x00000000000020c8      0x178 /usr/lib/gcc/arm-none-eabi/10.3.1/../../../arm-none-eabi/lib/thumb/v7e-m/nofp/libc.a(lib_a-vfprintf.o)
 .debug_ranges  0x0000000000002240       0x28 /usr/lib/gcc/arm-none-eabi/10.3.1/../../../arm-none-eabi/lib/thumb/v7e-m/nofp/libc.a(lib_a-wsetup.o)
 .debug_ranges  0x0000000000002268       0x38 /usr/lib/gcc/arm-none-eabi/10.3.1/../../../arm-none-eabi/lib/thumb/v7e-m/nofp/libc.a(lib_a-dtoa.o)
 .debug_ranges  0x00000000000022a0       0xa8 /usr/lib/gcc/arm-none-eabi/10.3.1/../../../arm-none-eabi/lib/thumb/v7e-m/nofp/libc.a(lib_a-fflush.o)
 .debug_ranges  0x0000000000002348       0xf8 /usr/lib/gcc/arm-none-eabi/10.3.1/../../../arm-none-eabi/lib/thumb/v7e-m/nofp/libc.a(lib_a-findfp.o)
 .debug_ranges  0x0000000000002440       0x28 /usr/lib/gcc/arm-none-eabi/10.3.1/../../../arm-none-eabi/lib/thumb/v7e-m/nofp/libc.a(lib_a-fvwrite.o)
 .debug_ranges  0x0000000000002468       0x28 /usr/lib/gcc/arm-none-eabi/10.3.1/../../../arm-none-eabi/lib/thumb/v7e-m/nofp/libc.a(lib_a-locale.o)
 .debug_ranges  0x0000000000002490       0x80 /usr/lib/gcc/arm-none-eabi/10.3.1/../../../arm-none-eabi/lib/thumb/v7e-m/nofp/libc.a(lib_a-makebuf.o)
 .debug_ranges  0x0000000000002510       0x50 /usr/lib/gcc/arm-none-eabi/10.3.1/../../../arm-none-eabi/lib/thumb/v7e-m/nofp/libc.a(lib_a-mallocr.o)
 .debug_ranges  0x0000000000002560      0x170 /usr/lib/gcc/arm-none-eabi/10.3.1/../../../arm-none-eabi/lib/thumb/v7e-m/nofp/libc.a(lib_a-mprec.o)
 .debug_ranges  0x00000000000026d0      0x188 /usr/lib/gcc/arm-none-eabi/10.3.1/../../../arm-none-eabi/lib/thumb/v7e-m/nofp/libc.a(lib_a-reallocr.o)
 .debug_ranges  0x0000000000002858       0x18 /usr/lib/gcc/arm-none-eabi/10.3.1/../../../arm-none-eabi/lib/thumb/v7e-m/nofp/libc.a(lib_a-reent.o)
 .debug_ranges  0x0000000000002870       0x40 /usr/lib/gcc/arm-none-eabi/10.3.1/../../../arm-none-eabi/lib/thumb/v7e-m/nofp/libc.a(lib_a-svfiprintf.o)
 .debug_ranges  0x00000000000028b0      0x1d8 /usr/lib/gcc/arm-none-eabi/10.3.1/../../../arm-none-eabi/lib/thumb/v7e-m/nofp/libc.a(lib_a-vfiprintf.o)
 .debug_ranges  0x0000000000002a88       0x20 /usr/lib/gcc/arm-none-eabi/10.3.1/../../../arm-none-eabi/lib/thumb/v7e-m/nofp/libc.a(lib_a-wbuf.o)
 .debug_ranges  0x0000000000002aa8       0x48 /usr/lib/gcc/arm-none-eabi/10.3.1/../../../arm-none-eabi/lib/thumb/v7e-m/nofp/libc.a(lib_a-callocr.o)
 .debug_ranges  0x0000000000002af0       0x60 /usr/lib/gcc/arm-none-eabi/10.3.1/../../../arm-none-eabi/lib/thumb/v7e-m/nofp/libc.a(lib_a-fclose.o)
 .debug_ranges  0x0000000000002b50       0x50 /usr/lib/gcc/arm-none-eabi/10.3.1/../../../arm-none-eabi/lib/thumb/v7e-m/nofp/libc.a(lib_a-fputwc.o)
 .debug_ranges  0x0000000000002ba0       0x10 /usr/lib/gcc/arm-none-eabi/10.3.1/../../../arm-none-eabi/lib/thumb/v7e-m/nofp/libc.a(lib_a-wcrtomb.o)