Archive member included to satisfy reference by file (symbol)

/usr/lib/gcc/arm-none-eabi/10.3.1/thumb/v7e-m/nofp/libgcc.a(_arm_mulsf3.o)
                              build/kernel.o (__aeabi_fmul)
/usr/lib/gcc/arm-none-eabi/10.3.1/thumb/v7e-m/nofp/libgcc.a(_arm_addsubdf3.o)
                              build/shell.o (__aeabi_f2d)
/usr/lib/gcc/arm-none-eabi/10.3.1/thumb/v7e-m/nofp/libgcc.a(_arm_addsubsf3.o)
                              build/kernel.o (__aeabi_fsub)
/usr/lib/gcc/arm-none-eabi/10.3.1/thumb/v7e-m/nofp/libgcc.a(_arm_muldivsf3.o)
                              build/kernel.o (__aeabi_fdiv)
/usr/lib/gcc/arm-none-eabi/10.3.1/thumb/v7e-m/nofp/libgcc.a(_arm_cmpsf2.o)
                              build/shell.o (__aeabi_fcmplt)
/usr/lib/gcc/arm-none-eabi/10.3.1/thumb/v7e-m/nofp/libgcc.a(_aeabi_ldivmod.o)
                              build/kernel.o (__aeabi_ldivmod)
/usr/lib/gcc/arm-none-eabi/10.3.1/thumb/v7e-m/nofp/libgcc.a(_aeabi_uldivmod.o)
                              build/kernel.o (__aeabi_uldivmod)
/usr/lib/gcc/arm-none-eabi/10.3.1/thumb/v7e-m/nofp/libgcc.a(_udivmoddi4.o)
                              /usr/lib/gcc/arm-none-eabi/10.3.1/thumb/v7e-m/nofp/libgcc.a(_aeabi_ldivmod.o) (__udivmoddi4)
/usr/lib/gcc/arm-none-eabi/10.3.1/thumb/v7e-m/nofp/libgcc.a(_dvmd_tls.o)
                              /usr/lib/gcc/arm-none-eabi/10.3.1/thumb/v7e-m/nofp/libgcc.a(_aeabi_ldivmod.o) (__aeabi_ldiv0)
/usr/lib/gcc/arm-none-eabi/10.3.1/../../../arm-none-eabi/lib/thumb/v7e-m/nofp/libc.a(lib_a-memcmp.o)
                              build/coap.o (memcmp)
/usr/lib/gcc/arm-none-eabi/10.3.1/../../../arm-none-eabi/lib/thumb/v7e-m/nofp/libc.a(lib_a-memcpy.o)
                              build/coap.o (memcpy)
/usr/lib/gcc/arm-none-eabi/10.3.1/../../../arm-none-eabi/lib/thumb/v7e-m/nofp/libc.a(lib_a-memmove.o)
                              build/mqtt.o (memmove)
/usr/lib/gcc/arm-none-eabi/10.3.1/../../../arm-none-eabi/lib/thumb/v7e-m/nofp/libc.a(lib_a-memset.o)
                              build/coap.o (memset)
/usr/lib/gcc/arm-none-eabi/10.3.1/../../../arm-none-eabi/lib/thumb/v7e-m/nofp/libc.a(lib_a-printf.o)
                              build/bootloader.o (printf)
/usr/lib/gcc/arm-none-eabi/10.3.1/../../../arm-none-eabi/lib/thumb/v7e-m/nofp/libc.a(lib_a-putchar.o)
                              build/bootloader.o (putchar)
/usr/lib/gcc/arm-none-eabi/10.3.1/../../../arm-none-eabi/lib/thumb/v7e-m/nofp/libc.a(lib_a-puts.o)
                              build/bootloader.o (puts)
/usr/lib/gcc/arm-none-eabi/10.3.1/../../../arm-none-eabi/lib/thumb/v7e-m/nofp/libc.a(lib_a-snprintf.o)
                              build/ota.o (snprintf)
/usr/lib/gcc/arm-none-eabi/10.3.1/../../../arm-none-eabi/lib/thumb/v7e-m/nofp/libc.a(lib_a-sscanf.o)
                              build/http_dns.o (sscanf)
/usr/lib/gcc/arm-none-eabi/10.3.1/../../../arm-none-eabi/lib/thumb/v7e-m/nofp/libc.a(lib_a-stdio.o)
                              /usr/lib/gcc/arm-none-eabi/10.3.1/../../../arm-none-eabi/lib/thumb/v7e-m/nofp/libc.a(lib_a-sscanf.o) (__seofread)
/usr/lib/gcc/arm-none-eabi/10.3.1/../../../arm-none-eabi/lib/thumb/v7e-m/nofp/libc.a(lib_a-strchr.o)
                              build/coap.o (strchr)
/usr/lib/gcc/arm-none-eabi/10.3.1/../../../arm-none-eabi/lib/thumb/v7e-m/nofp/libc.a(lib_a-strcmp.o)
                              build/coap.o (strcmp)
/usr/lib/gcc/arm-none-eabi/10.3.1/../../../arm-none-eabi/lib/thumb/v7e-m/nofp/libc.a(lib_a-strlen.o)
                              build/coap.o (strlen)
/usr/lib/gcc/arm-none-eabi/10.3.1/../../../arm-none-eabi/lib/thumb/v7e-m/nofp/libc.a(lib_a-strncmp.o)
                              build/shell.o (strncmp)
/usr/lib/gcc/arm-none-eabi/10.3.1/../../../arm-none-eabi/lib/thumb/v7e-m/nofp/libc.a(lib_a-strncpy.o)
                              build/coap.o (strncpy)
/usr/lib/gcc/arm-none-eabi/10.3.1/../../../arm-none-eabi/lib/thumb/v7e-m/nofp/libc.a(lib_a-strstr.o)
                              build/http_dns.o (strstr)
/usr/lib/gcc/arm-none-eabi/10.3.1/../../../arm-none-eabi/lib/thumb/v7e-m/nofp/libc.a(lib_a-strtol.o)
                              build/shell.o (strtol)
/usr/lib/gcc/arm-none-eabi/10.3.1/../../../arm-none-eabi/lib/thumb/v7e-m/nofp/libc.a(lib_a-strtoul.o)
                              build/shell.o (strtoul)
/usr/lib/gcc/arm-none-eabi/10.3.1/../../../arm-none-eabi/lib/thumb/v7e-m/nofp/libc.a(lib_a-svfprintf.o)
                              /usr/lib/gcc/arm-none-eabi/10.3.1/../../../arm-none-eabi/lib/thumb/v7e-m/nofp/libc.a(lib_a-snprintf.o) (_svfprintf_r)
/usr/lib/gcc/arm-none-eabi/10.3.1/../../../arm-none-eabi/lib/thumb/v7e-m/nofp/libc.a(lib_a-svfscanf.o)
                              /usr/lib/gcc/arm-none-eabi/10.3.1/../../../arm-none-eabi/lib/thumb/v7e-m/nofp/libc.a(lib_a-sscanf.o) (__ssvfscanf_r)
/usr/lib/gcc/arm-none-eabi/10.3.1/../../../arm-none-eabi/lib/thumb/v7e-m/nofp/libc.a(lib_a-vfprintf.o)
[...]
Memory Configuration

Name             Origin             Length             Attributes
FLASH            0x0000000000000000 0x0000000000400000 xr
RAM              0x0000000020000000 0x0000000000400000 xrw
*default*        0x0000000000000000 0xffffffffffffffff

Linker script and memory map

LOAD build/bootloader.o
LOAD build/coap.o
LOAD build/fault.o
LOAD build/filesystem.o
LOAD build/kernel.o
LOAD build/memory.o
LOAD build/mqtt.o
LOAD build/ota.o
LOAD build/power.o
LOAD build/security.o
LOAD build/shell.o
LOAD build/stdio_uart.o
LOAD build/sync.o
LOAD build/timer.o
LOAD build/trace.o
LOAD build/watchdog.o
LOAD build/ethernet.o
LOAD build/http_dns.o
LOAD build/ip.o
LOAD build/network.o
LOAD build/socket.o
LOAD build/flash.o
LOAD build/loopback_net.o
LOAD build/ramdisk.o
LOAD build/filesystem_demo.o
LOAD build/context_switch.o
LOAD build/startup.o
START GROUP
LOAD /usr/lib/gcc/arm-none-eabi/10.3.1/thumb/v7e-m/nofp/libgcc.a
LOAD /usr/lib/gcc/arm-none-eabi/10.3.1/../../../arm-none-eabi/lib/thumb/v7e-m/nofp/libc.a
END GROUP
                0x0000000020400000                _estack = (ORIGIN (RAM) + LENGTH (RAM))

.isr_vector     0x0000000000000000       0x40
 *(.isr_vector)
 .isr_vector    0x0000000000000000       0x40 build/startup.o

.text           0x0000000000000040     0xca70
 *(.text*)
 .text.os_fault_hook
                0x0000000000000040        0x4 build/fault.o
                0x0000000000000040                os_fault_hook
 .text.os_fault_dispatch
                0x0000000000000044       0xdc build/fault.o
                0x0000000000000044                os_fault_dispatch
 .text.HardFault_Handler
                0x0000000000000120       0x18 build/fault.o
                0x0000000000000120                HardFault_Handler
 .text.MemManage_Handler
                0x0000000000000138       0x18 build/fault.o
                0x0000000000000138                MemManage_Handler
 .text.BusFault_Handler
                0x0000000000000150       0x18 build/fault.o
                0x0000000000000150                BusFault_Handler
 .text.UsageFault_Handler
                0x0000000000000168       0x18 build/fault.o
                0x0000000000000168                UsageFault_Handler
 .text.fs_alloc_block
                0x0000000000000180       0x7c build/filesystem.o
 .text.fs_read_block.part.0
                0x00000000000001fc       0xb0 build/filesystem.o
 .text.fs_read_inode
                0x00000000000002ac       0x90 build/filesystem.o
 .text.fs_alloc_inode
                0x000000000000033c       0x54 build/filesystem.o
 .text.fs_find_in_dir
                0x0000000000000390       0x78 build/filesystem.o
 .text.fs_write_block.part.0.isra.0
                0x0000000000000408       0x48 build/filesystem.o
 .text.jnl_log.part.0.isra.0
                0x0000000000000450       0x68 build/filesystem.o
 .text.fs_write_inode.isra.0
                0x00000000000004b8       0xa0 build/filesystem.o
 .text.fs_free_block.isra.0
                0x0000000000000558       0x60 build/filesystem.o
 .text.fs_free_inode.isra.0
                0x00000000000005b8       0x5c build/filesystem.o
 .text.fs_sync_cache.isra.0
                0x0000000000000614       0x4c build/filesystem.o
 .text.jnl_write_header.isra.0
                0x0000000000000660       0x48 build/filesystem.o
 .text.jnl_recover.isra.0
                0x00000000000006a8      0x170 build/filesystem.o
 .text.jnl_commit.isra.0
                0x0000000000000818      0x200 build/filesystem.o
 .text.fs_init  0x0000000000000a18       0x78 build/filesystem.o
                0x0000000000000a18                fs_init
 .text.fs_format
                0x0000000000000a90      0x138 build/filesystem.o
                0x0000000000000a90                fs_format
 .text.fs_mount
                0x0000000000000bc8      0x118 build/filesystem.o
                0x0000000000000bc8                fs_mount
 .text.fs_open  0x0000000000000ce0      0x1f8 build/filesystem.o
                0x0000000000000ce0                fs_open
 .text.fs_close
                0x0000000000000ed8       0x4c build/filesystem.o
                0x0000000000000ed8                fs_close
 .text.fs_read  0x0000000000000f24      0x108 build/filesystem.o
                0x0000000000000f24                fs_read
 .text.fs_write
                0x000000000000102c      0x2c4 build/filesystem.o
                0x000000000000102c                fs_write
 .text.fs_seek  0x00000000000012f0       0x7c build/filesystem.o
                0x00000000000012f0                fs_seek
 .text.fs_tell  0x000000000000136c       0x24 build/filesystem.o
                0x000000000000136c                fs_tell
 .text.fs_size  0x0000000000001390       0x24 build/filesystem.o
                0x0000000000001390                fs_size
 .text.fs_sync  0x00000000000013b4       0x38 build/filesystem.o
                0x00000000000013b4                fs_sync
 .text.fs_remove
                0x00000000000013ec       0xc0 build/filesystem.o
                0x00000000000013ec                fs_remove
 .text.fs_stat  0x00000000000014ac       0x6c build/filesystem.o
                0x00000000000014ac                fs_stat
 .text.fs_get_stats
                0x0000000000001518       0x38 build/filesystem.o
                0x0000000000001518                fs_get_stats
 .text.fs_get_free_space
                0x0000000000001550       0x14 build/filesystem.o
                0x0000000000001550                fs_get_free_space
 .text.fs_rename
                0x0000000000001564       0xdc build/filesystem.o
                0x0000000000001564                fs_rename
 .text.fs_opendir
                0x0000000000001640       0x8c build/filesystem.o
                0x0000000000001640                fs_opendir
 .text.fs_readdir
                0x00000000000016cc       0xc0 build/filesystem.o
                0x00000000000016cc                fs_readdir
 .text.fs_closedir
                0x000000000000178c       0x14 build/filesystem.o
                0x000000000000178c                fs_closedir
 .text.scheduler_enqueue
                0x00000000000017a0       0x58 build/kernel.o
 .text.scheduler_remove_task
                0x00000000000017f8       0x84 build/kernel.o
 .text.idle_task
                0x000000000000187c        0x8 build/kernel.o
 .text.scheduler_get_next_task
                0x0000000000001884       0x64 build/kernel.o
 .text.delay_queue_tick
                0x00000000000018e8       0xe0 build/kernel.o
 .text.os_start
                0x00000000000019c8       0x44 build/kernel.o
                0x00000000000019c8                os_start
 .text.os_task_create
                0x0000000000001a0c      0x114 build/kernel.o
                0x0000000000001a0c                os_task_create
 .text.os_init  0x0000000000001b20       0x40 build/kernel.o
                0x0000000000001b20                os_init
 .text.os_task_yield
                0x0000000000001b60       0x10 build/kernel.o
                0x0000000000001b60                os_task_yield
 .text.os_task_delay
                0x0000000000001b70       0x64 build/kernel.o
                0x0000000000001b70                os_task_delay
 .text.os_task_get_current
                0x0000000000001bd4        0xc build/kernel.o
                0x0000000000001bd4                os_task_get_current
 .text.os_get_tick_count
                0x0000000000001be0        0xc build/kernel.o
                0x0000000000001be0                os_get_tick_count
 .text.os_enter_critical
                0x0000000000001bec        0x8 build/kernel.o
                0x0000000000001bec                os_enter_critical
 .text.os_exit_critical
                0x0000000000001bf4        0x8 build/kernel.o
                0x0000000000001bf4                os_exit_critical
 .text.os_delay_queue_arm
                0x0000000000001bfc       0x44 build/kernel.o
                0x0000000000001bfc                os_delay_queue_arm
 .text.os_delay_queue_disarm
                0x0000000000001c40       0x3c build/kernel.o
                0x0000000000001c40                os_delay_queue_disarm
 .text.os_task_raise_priority
                0x0000000000001c7c       0x68 build/kernel.o
                0x0000000000001c7c                os_task_raise_priority
 .text.os_task_reset_priority
                0x0000000000001ce4       0x6c build/kernel.o
                0x0000000000001ce4                os_task_reset_priority
 .text.os_task_wakeup
                0x0000000000001d50       0x4c build/kernel.o
                0x0000000000001d50                os_task_wakeup
 .text.os_is_running
                0x0000000000001d9c        0xc build/kernel.o
                0x0000000000001d9c                os_is_running
 .text.os_stack_overflow_hook
                0x0000000000001da8      0x124 build/kernel.o
                0x0000000000001da8                os_stack_overflow_hook
 .text.os_pendsv_switch
                0x0000000000001ecc       0x7c build/kernel.o
                0x0000000000001ecc                os_pendsv_switch
 .text.os_scheduler.part.0
                0x0000000000001f48       0x6c build/kernel.o
 .text.SysTick_Handler
                0x0000000000001fb4       0x14 build/kernel.o
                0x0000000000001fb4                SysTick_Handler
 .text.os_kernel_tickless_sleep
                0x0000000000001fc8       0xa8 build/kernel.o
                0x0000000000001fc8                os_kernel_tickless_sleep
 .text.os_mem_init
                0x0000000000002070       0xd4 build/memory.o
                0x0000000000002070                os_mem_init
 .text.platform_enter_sleep_mode
                0x0000000000002144        0x4 build/power.o
                0x0000000000002144                platform_enter_sleep_mode
 .text.os_power_init
                0x0000000000002148       0x20 build/power.o
                0x0000000000002148                os_power_init
 .text.os_power_enter_idle
                0x0000000000002168       0x20 build/power.o
                0x0000000000002168                os_power_enter_idle
 .text._write   0x0000000000002188       0x58 build/stdio_uart.o
                0x0000000000002188                _write
 .text.os_deadlock_hook
                0x00000000000021e0        0x4 build/sync.o
                0x00000000000021e0                os_deadlock_hook
 .text.os_mutex_init
                0x00000000000021e4       0x10 build/sync.o
                0x00000000000021e4                os_mutex_init
 .text.os_mutex_lock
                0x00000000000021f4      0x1a8 build/sync.o
                0x00000000000021f4                os_mutex_lock
 .text.os_mutex_unlock
                0x000000000000239c       0xb8 build/sync.o
                0x000000000000239c                os_mutex_unlock
 .text.os_semaphore_init
                0x0000000000002454        0xc build/sync.o
                0x0000000000002454                os_semaphore_init
 .text.os_semaphore_wait
                0x0000000000002460       0xc8 build/sync.o
                0x0000000000002460                os_semaphore_wait
 .text.os_semaphore_post
                0x0000000000002528       0x64 build/sync.o
                0x0000000000002528                os_semaphore_post
 .text.timer_insert_sorted
                0x000000000000258c       0x44 build/timer.o
 .text.os_timer_init
                0x00000000000025d0       0x10 build/timer.o
                0x00000000000025d0                os_timer_init
 .text.os_timer_process
                0x00000000000025e0       0x78 build/timer.o
                0x00000000000025e0                os_timer_process
 .text.push_event
                0x0000000000002658       0xc8 build/trace.o
 .text.trace_record_switch
                0x0000000000002720       0x2c build/trace.o
                0x0000000000002720                trace_record_switch
 .text.trace_record_syscall
                0x000000000000274c       0x2c build/trace.o
                0x000000000000274c                trace_record_syscall
 .text.ramdisk_sync
                0x0000000000002778        0x4 build/ramdisk.o
 .text.ramdisk_get_block_count
                0x000000000000277c        0x8 build/ramdisk.o
 .text.ramdisk_erase
                0x0000000000002784       0x48 build/ramdisk.o
 .text.ramdisk_write
                0x00000000000027cc       0x4c build/ramdisk.o
 .text.ramdisk_read
                0x0000000000002818       0x50 build/ramdisk.o
 .text.ramdisk_get_device
                0x0000000000002868       0x2c build/ramdisk.o
                0x0000000000002868                ramdisk_get_device
 .text.file_writer
                0x0000000000002894      0x18c build/filesystem_demo.o
                0x0000000000002894                file_writer
 .text.file_reader
                0x0000000000002a20      0x20c build/filesystem_demo.o
                0x0000000000002a20                file_reader
 .text.dir_browser
                0x0000000000002c2c       0xc0 build/filesystem_demo.o
                0x0000000000002c2c                dir_browser
 .text.fs_init_task
                0x0000000000002cec       0x98 build/filesystem_demo.o
                0x0000000000002cec                fs_init_task
 .text.startup.main
                0x0000000000002d84       0x90 build/filesystem_demo.o
                0x0000000000002d84                main
 .text          0x0000000000002e14       0x5c build/context_switch.o
                0x0000000000002e14                os_pend_sv
                0x0000000000002e26                PendSV_Handler
                0x0000000000002e46                os_start_first_task
                0x0000000000002e4a                SVC_Handler
 .text.Reset_Handler
                0x0000000000002e70       0x40 build/startup.o
                0x0000000000002e70                Reset_Handler
 .text.Default_Handler
                0x0000000000002eb0        0x4 build/startup.o
                0x0000000000002eb0                Default_Handler
 .text          0x0000000000002eb4      0x378 /usr/lib/gcc/arm-none-eabi/10.3.1/thumb/v7e-m/nofp/libgcc.a(_arm_addsubdf3.o)
                0x0000000000002eb4                __aeabi_drsub
                0x0000000000002ebc                __aeabi_dsub
                0x0000000000002ebc                __subdf3
                0x0000000000002ec0                __adddf3
                0x0000000000002ec0                __aeabi_dadd
                0x0000000000003138                __aeabi_ui2d
                0x0000000000003138                __floatunsidf
                0x0000000000003158                __floatsidf
                0x0000000000003158                __aeabi_i2d
                0x000000000000317c                __extendsfdf2
                0x000000000000317c                __aeabi_f2d
                0x00000000000031c0                __aeabi_ul2d
                0x00000000000031c0                __floatundidf
                0x00000000000031d0                __floatdidf
                0x00000000000031d0                __aeabi_l2d
 .text          0x000000000000322c       0x30 /usr/lib/gcc/arm-none-eabi/10.3.1/thumb/v7e-m/nofp/libgcc.a(_aeabi_uldivmod.o)
                0x000000000000322c                __aeabi_uldivmod
 .text          0x000000000000325c      0x2d0 /usr/lib/gcc/arm-none-eabi/10.3.1/thumb/v7e-m/nofp/libgcc.a(_udivmoddi4.o)
                0x000000000000325c                __udivmoddi4
 .text          0x000000000000352c        0x4 /usr/lib/gcc/arm-none-eabi/10.3.1/thumb/v7e-m/nofp/libgcc.a(_dvmd_tls.o)
                0x000000000000352c                __aeabi_ldiv0
                0x000000000000352c                __aeabi_idiv0
 .text          0x0000000000003530      0x134 /usr/lib/gcc/arm-none-eabi/10.3.1/../../../arm-none-eabi/lib/thumb/v7e-m/nofp/libc.a(lib_a-memcpy.o)
                0x0000000000003530                memcpy
 .text          0x0000000000003664       0xf8 /usr/lib/gcc/arm-none-eabi/10.3.1/../../../arm-none-eabi/lib/thumb/v7e-m/nofp/libc.a(lib_a-memmove.o)
                0x0000000000003664                memmove
 .text          0x000000000000375c       0xa4 /usr/lib/gcc/arm-none-eabi/10.3.1/../../../arm-none-eabi/lib/thumb/v7e-m/nofp/libc.a(lib_a-memset.o)
                0x000000000000375c                memset
 .text          0x0000000000003800       0x48 /usr/lib/gcc/arm-none-eabi/10.3.1/../../../arm-none-eabi/lib/thumb/v7e-m/nofp/libc.a(lib_a-printf.o)
                0x0000000000003800                _printf_r
                0x0000000000003820                printf
 .text          0x0000000000003848       0x78 /usr/lib/gcc/arm-none-eabi/10.3.1/../../../arm-none-eabi/lib/thumb/v7e-m/nofp/libc.a(lib_a-puts.o)
                0x0000000000003848                _puts_r
                0x00000000000038b0                puts
 .text          0x00000000000038c0      0x108 /usr/lib/gcc/arm-none-eabi/10.3.1/../../../arm-none-eabi/lib/thumb/v7e-m/nofp/libc.a(lib_a-snprintf.o)
                0x00000000000038c0                _snprintf_r
                0x0000000000003940                snprintf
 .text          0x00000000000039c8       0x90 /usr/lib/gcc/arm-none-eabi/10.3.1/../../../arm-none-eabi/lib/thumb/v7e-m/nofp/libc.a(lib_a-stdio.o)
                0x00000000000039c8                __sread
                0x00000000000039ec                __seofread
                0x00000000000039f0                __swrite
                0x0000000000003a30                __sseek
                0x0000000000003a50                __sclose
 *fill*         0x0000000000003a58        0x8 
 .text          0x0000000000003a60      0x2dc /usr/lib/gcc/arm-none-eabi/10.3.1/../../../arm-none-eabi/lib/thumb/v7e-m/nofp/libc.a(lib_a-strcmp.o)
                0x0000000000003a68                strcmp
 *fill*         0x0000000000003d3c        0x4 
 .text          0x0000000000003d40       0xdc /usr/lib/gcc/arm-none-eabi/10.3.1/../../../arm-none-eabi/lib/thumb/v7e-m/nofp/libc.a(lib_a-strlen.o)
                0x0000000000003d40                strlen
 .text          0x0000000000003e1c       0x64 /usr/lib/gcc/arm-none-eabi/10.3.1/../../../arm-none-eabi/lib/thumb/v7e-m/nofp/libc.a(lib_a-strncpy.o)
                0x0000000000003e1c                strncpy
 .text          0x0000000000003e80     0x1458 /usr/lib/gcc/arm-none-eabi/10.3.1/../../../arm-none-eabi/lib/thumb/v7e-m/nofp/libc.a(lib_a-svfprintf.o)
                0x0000000000003e80                _svfprintf_r
 .text          0x00000000000052d8     0x1524 /usr/lib/gcc/arm-none-eabi/10.3.1/../../../arm-none-eabi/lib/thumb/v7e-m/nofp/libc.a(lib_a-vfprintf.o)
                0x00000000000052d8                _vfprintf_r
                0x0000000000006778                vfprintf
 .text          0x00000000000067fc       0x2c /usr/lib/gcc/arm-none-eabi/10.3.1/../../../arm-none-eabi/lib/thumb/v7e-m/nofp/libc.a(lib_a-writer.o)
                0x00000000000067fc                _write_r
 .text          0x0000000000006828       0xd4 /usr/lib/gcc/arm-none-eabi/10.3.1/../../../arm-none-eabi/lib/thumb/v7e-m/nofp/libc.a(lib_a-wsetup.o)
                0x0000000000006828                __swsetup_r
 .text          0x00000000000068fc       0x24 /usr/lib/gcc/arm-none-eabi/10.3.1/../../../arm-none-eabi/lib/thumb/v7e-m/nofp/libc.a(lib_a-closer.o)
                0x00000000000068fc                _close_r
 .text          0x0000000000006920      0xfe4 /usr/lib/gcc/arm-none-eabi/10.3.1/../../../arm-none-eabi/lib/thumb/v7e-m/nofp/libc.a(lib_a-dtoa.o)
                0x0000000000006a44                _dtoa_r
 .text          0x0000000000007904      0x19c /usr/lib/gcc/arm-none-eabi/10.3.1/../../../arm-none-eabi/lib/thumb/v7e-m/nofp/libc.a(lib_a-fflush.o)
                0x0000000000007904                __sflush_r
                0x0000000000007a24                _fflush_r
                0x0000000000007a50                fflush
 .text          0x0000000000007aa0      0x218 /usr/lib/gcc/arm-none-eabi/10.3.1/../../../arm-none-eabi/lib/thumb/v7e-m/nofp/libc.a(lib_a-findfp.o)
                0x0000000000007aa4                _cleanup_r
                0x0000000000007b8c                __sfmoreglue
                0x0000000000007bbc                __sfp
                0x0000000000007c64                _cleanup
                0x0000000000007c78                __sinit
                0x0000000000007c80                __sfp_lock_acquire
                0x0000000000007c84                __sfp_lock_release
                0x0000000000007c88                __sinit_lock_acquire
                0x0000000000007c8c                __sinit_lock_release
                0x0000000000007c90                __fp_lock_all
                0x0000000000007ca4                __fp_unlock_all
 .text          0x0000000000007cb8      0x2ac /usr/lib/gcc/arm-none-eabi/10.3.1/../../../arm-none-eabi/lib/thumb/v7e-m/nofp/libc.a(lib_a-freer.o)
                0x0000000000007cb8                _malloc_trim_r
                0x0000000000007d58                _free_r
 .text          0x0000000000007f64      0x2e8 /usr/lib/gcc/arm-none-eabi/10.3.1/../../../arm-none-eabi/lib/thumb/v7e-m/nofp/libc.a(lib_a-fvwrite.o)
                0x0000000000007f64                __sfvwrite_r
 .text          0x000000000000824c       0x88 /usr/lib/gcc/arm-none-eabi/10.3.1/../../../arm-none-eabi/lib/thumb/v7e-m/nofp/libc.a(lib_a-fwalk.o)
                0x000000000000824c                _fwalk
                0x000000000000828c                _fwalk_reent
 .text          0x00000000000082d4       0x8c /usr/lib/gcc/arm-none-eabi/10.3.1/../../../arm-none-eabi/lib/thumb/v7e-m/nofp/libc.a(lib_a-locale.o)
                0x00000000000082d4                _setlocale_r
                0x0000000000008314                __locale_mb_cur_max
                0x0000000000008320                setlocale
 .text          0x0000000000008360       0x14 /usr/lib/gcc/arm-none-eabi/10.3.1/../../../arm-none-eabi/lib/thumb/v7e-m/nofp/libc.a(lib_a-localeconv.o)
                0x0000000000008360                __localeconv_l
                0x0000000000008364                _localeconv_r
                0x000000000000836c                localeconv
 .text          0x0000000000008374       0x2c /usr/lib/gcc/arm-none-eabi/10.3.1/../../../arm-none-eabi/lib/thumb/v7e-m/nofp/libc.a(lib_a-lseekr.o)
                0x0000000000008374                _lseek_r
 .text          0x00000000000083a0      0x140 /usr/lib/gcc/arm-none-eabi/10.3.1/../../../arm-none-eabi/lib/thumb/v7e-m/nofp/libc.a(lib_a-makebuf.o)
                0x00000000000083a0                __smakebuf_r
                0x0000000000008480                __swhatbuf_r
 .text          0x00000000000084e0      0x554 /usr/lib/gcc/arm-none-eabi/10.3.1/../../../arm-none-eabi/lib/thumb/v7e-m/nofp/libc.a(lib_a-mallocr.o)
                0x00000000000084e0                _malloc_r
 .text          0x0000000000008a34       0x40 /usr/lib/gcc/arm-none-eabi/10.3.1/../../../arm-none-eabi/lib/thumb/v7e-m/nofp/libc.a(lib_a-mbtowc_r.o)
                0x0000000000008a34                _mbtowc_r
                0x0000000000008a48                __ascii_mbtowc
 *fill*         0x0000000000008a74        0xc 
 .text          0x0000000000008a80       0xa0 /usr/lib/gcc/arm-none-eabi/10.3.1/../../../arm-none-eabi/lib/thumb/v7e-m/nofp/libc.a(lib_a-memchr.o)
                0x0000000000008a80                memchr
 .text          0x0000000000008b20        0x8 /usr/lib/gcc/arm-none-eabi/10.3.1/../../../arm-none-eabi/lib/thumb/v7e-m/nofp/libc.a(lib_a-mlock.o)
                0x0000000000008b20                __malloc_lock
                0x0000000000008b24                __malloc_unlock
 .text          0x0000000000008b28      0xa6c /usr/lib/gcc/arm-none-eabi/10.3.1/../../../arm-none-eabi/lib/thumb/v7e-m/nofp/libc.a(lib_a-mprec.o)
                0x0000000000008b28                _Balloc
                0x0000000000008b74                _Bfree
                0x0000000000008b88                __multadd
                0x0000000000008c28                __s2b
                0x0000000000008cdc                __hi0bits
                0x0000000000008d1c                __lo0bits
                0x0000000000008d78                __i2b
                0x0000000000008dd4                __multiply
                0x0000000000008f30                __pow5mult
                0x0000000000008ff0                __lshift
                0x00000000000090e0                __mcmp
                0x0000000000009120                __mdiff
                0x000000000000926c                __ulp
                0x00000000000092b0                __b2d
                0x0000000000009380                __d2b
                0x0000000000009444                __ratio
                0x00000000000094a0                _mprec_log10
                0x00000000000094d8                __copybits
                0x0000000000009534                __any_on
 .text          0x0000000000009594       0x2c /usr/lib/gcc/arm-none-eabi/10.3.1/../../../arm-none-eabi/lib/thumb/v7e-m/nofp/libc.a(lib_a-readr.o)
                0x0000000000009594                _read_r
 .text          0x00000000000095c0      0x3d8 /usr/lib/gcc/arm-none-eabi/10.3.1/../../../arm-none-eabi/lib/thumb/v7e-m/nofp/libc.a(lib_a-reallocr.o)
                0x00000000000095c0                _realloc_r
 .text          0x0000000000009998       0x24 /usr/lib/gcc/arm-none-eabi/10.3.1/../../../arm-none-eabi/lib/thumb/v7e-m/nofp/libc.a(lib_a-sbrkr.o)
                0x0000000000009998                _sbrk_r
 .text          0x00000000000099bc      0xb54 /usr/lib/gcc/arm-none-eabi/10.3.1/../../../arm-none-eabi/lib/thumb/v7e-m/nofp/libc.a(lib_a-svfiprintf.o)
                0x00000000000099bc                __ssprint_r
                0x0000000000009ab4                _svfiprintf_r
 .text          0x000000000000a510      0xd40 /usr/lib/gcc/arm-none-eabi/10.3.1/../../../arm-none-eabi/lib/thumb/v7e-m/nofp/libc.a(lib_a-vfiprintf.o)
                0x000000000000a588                __sprint_r
                0x000000000000a59c                _vfiprintf_r
                0x000000000000b1cc                vfiprintf
 .text          0x000000000000b250       0xc8 /usr/lib/gcc/arm-none-eabi/10.3.1/../../../arm-none-eabi/lib/thumb/v7e-m/nofp/libc.a(lib_a-wbuf.o)
                0x000000000000b250                __swbuf_r
                0x000000000000b300                __swbuf
 .text          0x000000000000b318       0x30 /usr/lib/gcc/arm-none-eabi/10.3.1/../../../arm-none-eabi/lib/thumb/v7e-m/nofp/libc.a(lib_a-wctomb_r.o)
                0x000000000000b318                _wctomb_r
                0x000000000000b32c                __ascii_wctomb
 .text          0x000000000000b348       0x4c /usr/lib/gcc/arm-none-eabi/10.3.1/../../../arm-none-eabi/lib/thumb/v7e-m/nofp/libc.a(lib_a-assert.o)
                0x000000000000b348                __assert_func
                0x000000000000b388                __assert
 .text          0x000000000000b394       0x60 /usr/lib/gcc/arm-none-eabi/10.3.1/../../../arm-none-eabi/lib/thumb/v7e-m/nofp/libc.a(lib_a-callocr.o)
                0x000000000000b394                _calloc_r
 .text          0x000000000000b3f4       0xd4 /usr/lib/gcc/arm-none-eabi/10.3.1/../../../arm-none-eabi/lib/thumb/v7e-m/nofp/libc.a(lib_a-fclose.o)
                0x000000000000b458                _fclose_r
                0x000000000000b48c                fclose
 .text          0x000000000000b4c8       0x44 /usr/lib/gcc/arm-none-eabi/10.3.1/../../../arm-none-eabi/lib/thumb/v7e-m/nofp/libc.a(lib_a-fiprintf.o)
                0x000000000000b4c8                _fiprintf_r
                0x000000000000b4e4                fiprintf
 .text          0x000000000000b50c      0x10c /usr/lib/gcc/arm-none-eabi/10.3.1/../../../arm-none-eabi/lib/thumb/v7e-m/nofp/libc.a(lib_a-fputwc.o)
                0x000000000000b50c                __fputwc
                0x000000000000b5b4                _fputwc_r
                0x000000000000b5d8                fputwc
 .text          0x000000000000b618       0x2c /usr/lib/gcc/arm-none-eabi/10.3.1/../../../arm-none-eabi/lib/thumb/v7e-m/nofp/libc.a(lib_a-fstatr.o)
                0x000000000000b618                _fstat_r
 .text          0x000000000000b644       0x24 /usr/lib/gcc/arm-none-eabi/10.3.1/../../../arm-none-eabi/lib/thumb/v7e-m/nofp/libc.a(lib_a-isattyr.o)
                0x000000000000b644                _isatty_r
 .text          0x000000000000b668       0x8c /usr/lib/gcc/arm-none-eabi/10.3.1/../../../arm-none-eabi/lib/thumb/v7e-m/nofp/libc.a(lib_a-wcrtomb.o)
                0x000000000000b668                _wcrtomb_r
                0x000000000000b6a4                wcrtomb
 .text          0x000000000000b6f4       0x10 /usr/lib/gcc/arm-none-eabi/10.3.1/../../../arm-none-eabi/lib/thumb/v7e-m/nofp/libc.a(lib_a-abort.o)
                0x000000000000b6f4                abort
 .text          0x000000000000b704      0x288 /usr/lib/gcc/arm-none-eabi/10.3.1/../../../arm-none-eabi/lib/thumb/v7e-m/nofp/libc.a(lib_a-signal.o)
                0x000000000000b704                _init_signal_r
                0x000000000000b734                _signal_r
                0x000000000000b780                _raise_r
                0x000000000000b7d8                __sigtramp_r
                0x000000000000b83c                raise
                0x000000000000b898                signal
                0x000000000000b8ec                _init_signal
                0x000000000000b924                __sigtramp
 .text          0x000000000000b98c       0x30 /usr/lib/gcc/arm-none-eabi/10.3.1/../../../arm-none-eabi/lib/thumb/v7e-m/nofp/libc.a(lib_a-signalr.o)
                0x000000000000b98c                _kill_r
                0x000000000000b9b8                _getpid_r
 .text          0x000000000000b9bc      0x424 /usr/lib/gcc/arm-none-eabi/10.3.1/thumb/v7e-m/nofp/libgcc.a(_arm_muldivdf3.o)
                0x000000000000b9bc                __aeabi_dmul
                0x000000000000b9bc                __muldf3
                0x000000000000bc10                __aeabi_ddiv
                0x000000000000bc10                __divdf3
 .text          0x000000000000bde0      0x110 /usr/lib/gcc/arm-none-eabi/10.3.1/thumb/v7e-m/nofp/libgcc.a(_arm_cmpdf2.o)
                0x000000000000bde0                __gtdf2
                0x000000000000bde0                __gedf2
                0x000000000000bde8                __ltdf2
                0x000000000000bde8                __ledf2
                0x000000000000bdf0                __cmpdf2
                0x000000000000bdf0                __eqdf2
                0x000000000000bdf0                __nedf2
                0x000000000000be6c                __aeabi_cdrcmple
                0x000000000000be7c                __aeabi_cdcmple
                0x000000000000be7c                __aeabi_cdcmpeq
                0x000000000000be8c                __aeabi_dcmpeq
                0x000000000000bea0                __aeabi_dcmplt
                0x000000000000beb4                __aeabi_dcmple
                0x000000000000bec8                __aeabi_dcmpge
                0x000000000000bedc                __aeabi_dcmpgt
 .text          0x000000000000bef0       0x2c /usr/lib/gcc/arm-none-eabi/10.3.1/thumb/v7e-m/nofp/libgcc.a(_arm_unorddf2.o)
                0x000000000000bef0                __aeabi_dcmpun
                0x000000000000bef0                __unorddf2
 .text          0x000000000000bf1c       0x50 /usr/lib/gcc/arm-none-eabi/10.3.1/thumb/v7e-m/nofp/libgcc.a(_arm_fixdfsi.o)
                0x000000000000bf1c                __fixdfsi
                0x000000000000bf1c                __aeabi_d2iz
 *(.rodata*)
 .rodata.os_fault_dispatch.str1.4
                0x000000000000bf6c        0x2 build/fault.o
 .rodata.os_task_create.str1.4
                0x000000000000bf6e        0x2 build/kernel.o
                                          0x1 (size before relaxing)
 *fill*         0x000000000000bf6e        0x2 
 .rodata.os_init.str1.4
                0x000000000000bf70        0x5 build/kernel.o
 *fill*         0x000000000000bf75        0x3 
 .rodata.os_stack_overflow_hook.str1.4
                0x000000000000bf78        0xf build/kernel.o
 *fill*         0x000000000000bf87        0x1 
 .rodata.slab_obj_count
                0x000000000000bf88       0x10 build/memory.o
 .rodata.slab_obj_sz
                0x000000000000bf98       0x10 build/memory.o
 .rodata.slab_pool_base
                0x000000000000bfa8       0x10 build/memory.o
 .rodata.queue_send_impl.str1.4
                0x000000000000bfb8        0x7 build/sync.o
                                          0xb (size before relaxing)
 *fill*         0x000000000000bfbf        0x1 
 .rodata.os_mutex_lock.str1.4
                0x000000000000bfc0        0xb build/sync.o
 *fill*         0x000000000000bfcb        0x1 
 .rodata.os_mutex_unlock.str1.4
                0x000000000000bfcc        0xb build/sync.o
 *fill*         0x000000000000bfd7        0x1 
 .rodata.os_semaphore_wait.str1.4
                0x000000000000bfd8        0x9 build/sync.o
 *fill*         0x000000000000bfe1        0x3 
 .rodata.os_semaphore_post.str1.4
                0x000000000000bfe4        0x9 build/sync.o
 .rodata.push_event.str1.4
                0x000000000000bfed        0x2 build/trace.o
 *fill*         0x000000000000bfed        0x3 
 .rodata.file_writer.str1.4
                0x000000000000bff0      0x22b build/filesystem_demo.o
 *fill*         0x000000000000c21b        0x1 
 .rodata.file_reader.str1.4
                0x000000000000c21c      0x2bc build/filesystem_demo.o
 .rodata.dir_browser.str1.4
                0x000000000000c4d8       0xeb build/filesystem_demo.o
                                         0xf3 (size before relaxing)
 *fill*         0x000000000000c5c3        0x1 
 .rodata.fs_init_task.str1.4
                0x000000000000c5c4       0xd3 build/filesystem_demo.o
 *fill*         0x000000000000c697        0x1 
 .rodata.main.str1.4
                0x000000000000c698       0x3f build/filesystem_demo.o
 *fill*         0x000000000000c6d7        0x1 
 .rodata        0x000000000000c6d8        0x8 build/filesystem_demo.o
 .rodata.str1.4
                0x000000000000c6e0       0x3f /usr/lib/gcc/arm-none-eabi/10.3.1/../../../arm-none-eabi/lib/thumb/v7e-m/nofp/libc.a(lib_a-puts.o)
                                          0x2 (size before relaxing)
 .rodata.str1.4
                0x000000000000c6e0       0x42 /usr/lib/gcc/arm-none-eabi/10.3.1/../../../arm-none-eabi/lib/thumb/v7e-m/nofp/libc.a(lib_a-svfprintf.o)
 *fill*         0x000000000000c722        0x2 
 .rodata        0x000000000000c724       0x20 /usr/lib/gcc/arm-none-eabi/10.3.1/../../../arm-none-eabi/lib/thumb/v7e-m/nofp/libc.a(lib_a-svfprintf.o)
 .rodata.str1.4
                0x000000000000c744       0x42 /usr/lib/gcc/arm-none-eabi/10.3.1/../../../arm-none-eabi/lib/thumb/v7e-m/nofp/libc.a(lib_a-vfprintf.o)
 .rodata        0x000000000000c744       0x20 /usr/lib/gcc/arm-none-eabi/10.3.1/../../../arm-none-eabi/lib/thumb/v7e-m/nofp/libc.a(lib_a-vfprintf.o)
 .rodata        0x000000000000c764      0x101 /usr/lib/gcc/arm-none-eabi/10.3.1/../../../arm-none-eabi/lib/thumb/v7e-m/nofp/libc.a(lib_a-ctype_.o)
                0x000000000000c764                _ctype_
 *fill*         0x000000000000c865        0x3 
 .rodata.str1.4
                0x000000000000c868       0x56 /usr/lib/gcc/arm-none-eabi/10.3.1/../../../arm-none-eabi/lib/thumb/v7e-m/nofp/libc.a(lib_a-dtoa.o)
                                         0x5a (size before relaxing)
 *fill*         0x000000000000c8be        0x2 
 .rodata        0x000000000000c8c0        0x4 /usr/lib/gcc/arm-none-eabi/10.3.1/../../../arm-none-eabi/lib/thumb/v7e-m/nofp/libc.a(lib_a-impure.o)
                0x000000000000c8c0                _global_impure_ptr
 .rodata.str1.4
                0x000000000000c8c4        0xa /usr/lib/gcc/arm-none-eabi/10.3.1/../../../arm-none-eabi/lib/thumb/v7e-m/nofp/libc.a(lib_a-locale.o)
                                         0x12 (size before relaxing)
 *fill*         0x000000000000c8ce        0x2 
 .rodata.str1.4
                0x000000000000c8d0       0x33 /usr/lib/gcc/arm-none-eabi/10.3.1/../../../arm-none-eabi/lib/thumb/v7e-m/nofp/libc.a(lib_a-mprec.o)
                                         0x47 (size before relaxing)
 *fill*         0x000000000000c903        0x5 
 .rodata        0x000000000000c908      0x128 /usr/lib/gcc/arm-none-eabi/10.3.1/../../../arm-none-eabi/lib/thumb/v7e-m/nofp/libc.a(lib_a-mprec.o)
                0x000000000000c918                __mprec_tens
                0x000000000000c9e0                __mprec_tinytens
                0x000000000000ca08                __mprec_bigtens
 .rodata.str1.4
                0x000000000000ca30       0x2f /usr/lib/gcc/arm-none-eabi/10.3.1/../../../arm-none-eabi/lib/thumb/v7e-m/nofp/libc.a(lib_a-svfiprintf.o)
 .rodata        0x000000000000ca30       0x20 /usr/lib/gcc/arm-none-eabi/10.3.1/../../../arm-none-eabi/lib/thumb/v7e-m/nofp/libc.a(lib_a-svfiprintf.o)
 .rodata.str1.4
                0x000000000000ca50       0x2f /usr/lib/gcc/arm-none-eabi/10.3.1/../../../arm-none-eabi/lib/thumb/v7e-m/nofp/libc.a(lib_a-vfiprintf.o)
 .rodata        0x000000000000ca50       0x20 /usr/lib/gcc/arm-none-eabi/10.3.1/../../../arm-none-eabi/lib/thumb/v7e-m/nofp/libc.a(lib_a-vfiprintf.o)
 .rodata.str1.4
                0x000000000000ca70       0x3f /usr/lib/gcc/arm-none-eabi/10.3.1/../../../arm-none-eabi/lib/thumb/v7e-m/nofp/libc.a(lib_a-assert.o)
                                         0x43 (size before relaxing)
                0x000000000000cab0                . = ALIGN (0x4)
 *fill*         0x000000000000caaf        0x1 
                0x000000000000cab0                _etext = .
                0x000000000000cab0                _sidata = LOADADDR (.data)

.glue_7         0x000000000000cab0        0x0
 .glue_7        0x000000000000cab0        0x0 linker stubs

.glue_7t        0x000000000000cab0        0x0
 .glue_7t       0x000000000000cab0        0x0 linker stubs

.vfp11_veneer   0x000000000000cab0        0x0
 .vfp11_veneer  0x000000000000cab0        0x0 linker stubs

.v4_bx          0x000000000000cab0        0x0
 .v4_bx         0x000000000000cab0        0x0 linker stubs

.iplt           0x000000000000cab0        0x0
 .iplt          0x000000000000cab0        0x0 build/fault.o

.rel.dyn        0x000000000000cab0        0x0
 .rel.iplt      0x000000000000cab0        0x0 build/fault.o

.data           0x0000000020000000      0x9c4 load address 0x000000000000cab0
                0x0000000020000000                _sdata = .
 *(.data*)
 .data.g_enabled
                0x0000000020000000        0x1 build/trace.o
 *fill*         0x0000000020000001        0x3 
 .data.device.0
                0x0000000020000004       0x14 build/ramdisk.o
 .data          0x0000000020000018      0x430 /usr/lib/gcc/arm-none-eabi/10.3.1/../../../arm-none-eabi/lib/thumb/v7e-m/nofp/libc.a(lib_a-impure.o)
                0x0000000020000018                _impure_ptr
 .data          0x0000000020000448      0x16c /usr/lib/gcc/arm-none-eabi/10.3.1/../../../arm-none-eabi/lib/thumb/v7e-m/nofp/libc.a(lib_a-locale.o)
                0x0000000020000448                __global_locale
 .data          0x00000000200005b4      0x410 /usr/lib/gcc/arm-none-eabi/10.3.1/../../../arm-none-eabi/lib/thumb/v7e-m/nofp/libc.a(lib_a-mallocr.o)
                0x00000000200005b4                __malloc_av_
                0x00000000200009bc                __malloc_sbrk_base
                0x00000000200009c0                __malloc_trim_threshold
                0x00000000200009c4                . = ALIGN (0x4)
                0x00000000200009c4                _edata = .

.igot.plt       0x00000000200009c4        0x0 load address 0x000000000000d474
 .igot.plt      0x00000000200009c4        0x0 build/fault.o

.bss            0x00000000200009c8    0x2a384 load address 0x000000000000d474
                0x00000000200009c8                _sbss = .
 *(.bss*)
 .bss.g_fault   0x00000000200009c8       0x34 build/fault.o
 .bss.block_bitmap
                0x00000000200009fc       0x80 build/filesystem.o
 .bss.block_refcount
                0x0000000020000a7c      0x400 build/filesystem.o
 .bss.fs_state  0x0000000020000e7c      0xb80 build/filesystem.o
 .bss.jnl       0x00000000200019fc      0xc30 build/filesystem.o
 .bss.kernel    0x000000002000262c     0x4db8 build/kernel.o
 .bss.overflow_action
                0x00000000200073e4        0x1 build/kernel.o
 *fill*         0x00000000200073e5        0x3 
 .bss.alloc_count
                0x00000000200073e8        0x4 build/memory.o
 .bss.free_count
                0x00000000200073ec        0x4 build/memory.o
 .bss.free_head
                0x00000000200073f0        0x4 build/memory.o
 .bss.heap_free_bytes
                0x00000000200073f4        0x4 build/memory.o
 .bss.heap_used_bytes
                0x00000000200073f8        0x4 build/memory.o
 *fill*         0x00000000200073fc        0x4 
 .bss.pool      0x0000000020007400     0x2000 build/memory.o
 .bss.slab_free_head
                0x0000000020009400       0x10 build/memory.o
 .bss.slab_in_use
                0x0000000020009410       0x10 build/memory.o
 .bss.slab_pool_0
                0x0000000020009420       0x80 build/memory.o
 .bss.slab_pool_1
                0x00000000200094a0      0x100 build/memory.o
 .bss.slab_pool_2
                0x00000000200095a0      0x100 build/memory.o
 .bss.slab_pool_3
                0x00000000200096a0      0x200 build/memory.o
 .bss.power_state
                0x00000000200098a0       0x38 build/power.o
 .bss.stdio_state
                0x00000000200098d8       0x20 build/stdio_uart.o
 .bss.timer_manager
                0x00000000200098f8        0x8 build/timer.o
 .bss.g_buf     0x0000000020009900      0x700 build/trace.o
 .bss.g_stored  0x000000002000a000        0x4 build/trace.o
 .bss.g_total   0x000000002000a004        0x4 build/trace.o
 .bss.g_write_idx
                0x000000002000a008        0x4 build/trace.o
 .bss.ramdisk_initialized
                0x000000002000a00c        0x1 build/ramdisk.o
 *fill*         0x000000002000a00d        0x3 
 .bss.ramdisk_storage
                0x000000002000a010    0x20000 build/ramdisk.o
 .bss.dir_browser_task
                0x000000002002a010      0x454 build/filesystem_demo.o
 .bss.file_reader_task
                0x000000002002a464      0x454 build/filesystem_demo.o
 .bss.file_writer_task
                0x000000002002a8b8      0x454 build/filesystem_demo.o
 .bss.fs_ready_sem
                0x000000002002ad0c        0x8 build/filesystem_demo.o
 .bss           0x000000002002ad14       0x34 /usr/lib/gcc/arm-none-eabi/10.3.1/../../../arm-none-eabi/lib/thumb/v7e-m/nofp/libc.a(lib_a-mallocr.o)
                0x000000002002ad14                __malloc_top_pad
                0x000000002002ad18                __malloc_current_mallinfo
                0x000000002002ad40                __malloc_max_sbrked_mem
                0x000000002002ad44                __malloc_max_total_mem
 .bss           0x000000002002ad48        0x4 /usr/lib/gcc/arm-none-eabi/10.3.1/../../../arm-none-eabi/lib/thumb/v7e-m/nofp/libc.a(lib_a-reent.o)
                0x000000002002ad48                errno
 *(COMMON)
                0x000000002002ad4c                . = ALIGN (0x4)
                0x000000002002ad4c                _ebss = .

.noinit         0x000000002002ad4c       0x24 load address 0x000000000000d474
                0x000000002002ad4c                . = ALIGN (0x4)
 *(.noinit*)
 .noinit        0x000000002002ad4c       0x24 build/kernel.o
                0x000000002002ad70                . = ALIGN (0x4)

.stack          0x000000002002ad70        0x0 load address 0x000000000000d474
                0x000000002002ad70                . = ALIGN (0x8)
                0x000000002002ad70                _sstack = .

/DISCARD/
 *(.ARM.exidx*)
 *(.note*)
 *(.comment*)
OUTPUT(build/tinyos.elf elf32-littlearm)
LOAD linker stubs

.ARM.attributes
                0x0000000000000000       0x2c
 .ARM.attributes
                0x0000000000000000       0x2e build/fault.o
 .ARM.attributes
                0x000000000000002e       0x2e build/filesystem.o
 .ARM.attributes
                0x000000000000005c       0x2e build/kernel.o
 .ARM.attributes
                0x000000000000008a       0x2e build/memory.o
 .ARM.attributes
                0x00000000000000b8       0x2e build/power.o
 .ARM.attributes
                0x00000000000000e6       0x2e build/stdio_uart.o
 .ARM.attributes
                0x0000000000000114       0x2e build/sync.o
 .ARM.attributes
                0x0000000000000142       0x2e build/timer.o
 .ARM.attributes
                0x0000000000000170       0x2e build/trace.o
 .ARM.attributes
                0x000000000000019e       0x2e build/ramdisk.o
 .ARM.attributes
                0x00000000000001cc       0x2e build/filesystem_demo.o
 .ARM.attributes
                0x00000000000001fa       0x1c build/context_switch.o
 .ARM.attributes
                0x0000000000000216       0x1c build/startup.o
 .ARM.attributes
                0x0000000000000232       0x1e /usr/lib/gcc/arm-none-eabi/10.3.1/thumb/v7e-m/nofp/libgcc.a(_arm_addsubdf3.o)
 .ARM.attributes
                0x0000000000000250       0x1e /usr/lib/gcc/arm-none-eabi/10.3.1/thumb/v7e-m/nofp/libgcc.a(_aeabi_uldivmod.o)
 .ARM.attributes
                0x000000000000026e       0x2e /usr/lib/gcc/arm-none-eabi/10.3.1/thumb/v7e-m/nofp/libgcc.a(_udivmoddi4.o)
 .ARM.attributes
                0x000000000000029c       0x1e /usr/lib/gcc/arm-none-eabi/10.3.1/thumb/v7e-m/nofp/libgcc.a(_dvmd_tls.o)
 .ARM.attributes
                0x00000000000002ba       0x1c /usr/lib/gcc/arm-none-eabi/10.3.1/../../../arm-none-eabi/lib/thumb/v7e-m/nofp/libc.a(lib_a-memcpy.o)
 .ARM.attributes
                0x00000000000002d6       0x2e /usr/lib/gcc/arm-none-eabi/10.3.1/../../../arm-none-eabi/lib/thumb/v7e-m/nofp/libc.a(lib_a-memmove.o)
 .ARM.attributes
                0x0000000000000304       0x2e /usr/lib/gcc/arm-none-eabi/10.3.1/../../../arm-none-eabi/lib/thumb/v7e-m/nofp/libc.a(lib_a-memset.o)
 .ARM.attributes
                0x0000000000000332       0x2e /usr/lib/gcc/arm-none-eabi/10.3.1/../../../arm-none-eabi/lib/thumb/v7e-m/nofp/libc.a(lib_a-printf.o)
 .ARM.attributes
                0x0000000000000360       0x2e /usr/lib/gcc/arm-none-eabi/10.3.1/../../../arm-none-eabi/lib/thumb/v7e-m/nofp/libc.a(lib_a-puts.o)
 .ARM.attributes
                0x000000000000038e       0x2e /usr/lib/gcc/arm-none-eabi/10.3.1/../../../arm-none-eabi/lib/thumb/v7e-m/nofp/libc.a(lib_a-snprintf.o)
 .ARM.attributes
                0x00000000000003bc       0x2e /usr/lib/gcc/arm-none-eabi/10.3.1/../../../arm-none-eabi/lib/thumb/v7e-m/nofp/libc.a(lib_a-stdio.o)
 .ARM.attributes
                0x00000000000003ea       0x1c /usr/lib/gcc/arm-none-eabi/10.3.1/../../../arm-none-eabi/lib/thumb/v7e-m/nofp/libc.a(lib_a-strcmp.o)
 .ARM.attributes
                0x0000000000000406       0x1c /usr/lib/gcc/arm-none-eabi/10.3.1/../../../arm-none-eabi/lib/thumb/v7e-m/nofp/libc.a(lib_a-strlen.o)
 .ARM.attributes
                0x0000000000000422       0x2e /usr/lib/gcc/arm-none-eabi/10.3.1/../../../arm-none-eabi/lib/thumb/v7e-m/nofp/libc.a(lib_a-strncpy.o)
 .ARM.attributes
                0x0000000000000450       0x2e /usr/lib/gcc/arm-none-eabi/10.3.1/../../../arm-none-eabi/lib/thumb/v7e-m/nofp/libc.a(lib_a-svfprintf.o)
 .ARM.attributes
                0x000000000000047e       0x2e /usr/lib/gcc/arm-none-eabi/10.3.1/../../../arm-none-eabi/lib/thumb/v7e-m/nofp/libc.a(lib_a-vfprintf.o)
 .ARM.attributes
                0x00000000000004ac       0x2e /usr/lib/gcc/arm-none-eabi/10.3.1/../../../arm-none-eabi/lib/thumb/v7e-m/nofp/libc.a(lib_a-writer.o)
 .ARM.attributes
                0x00000000000004da       0x2e /usr/lib/gcc/arm-none-eabi/10.3.1/../../../arm-none-eabi/lib/thumb/v7e-m/nofp/libc.a(lib_a-wsetup.o)
 .ARM.attributes
                0x0000000000000508       0x2e /usr/lib/gcc/arm-none-eabi/10.3.1/../../../arm-none-eabi/lib/thumb/v7e-m/nofp/libc.a(lib_a-closer.o)
 .ARM.attributes
                0x0000000000000536       0x2e /usr/lib/gcc/arm-none-eabi/10.3.1/../../../arm-none-eabi/lib/thumb/v7e-m/nofp/libc.a(lib_a-ctype_.o)
 .ARM.attributes
                0x0000000000000564       0x2e /usr/lib/gcc/arm-none-eabi/10.3.1/../../../arm-none-eabi/lib/thumb/v7e-m/nofp/libc.a(lib_a-dtoa.o)
 .ARM.attributes
                0x0000000000000592       0x2e /usr/lib/gcc/arm-none-eabi/10.3.1/../../../arm-none-eabi/lib/thumb/v7e-m/nofp/libc.a(lib_a-fflush.o)
 .ARM.attributes
                0x00000000000005c0       0x2e /usr/lib/gcc/arm-none-eabi/10.3.1/../../../arm-none-eabi/lib/thumb/v7e-m/nofp/libc.a(lib_a-findfp.o)
 .ARM.attributes
                0x00000000000005ee       0x2e /usr/lib/gcc/arm-none-eabi/10.3.1/../../../arm-none-eabi/lib/thumb/v7e-m/nofp/libc.a(lib_a-freer.o)
 .ARM.attributes
                0x000000000000061c       0x2e /usr/lib/gcc/arm-none-eabi/10.3.1/../../../arm-none-eabi/lib/thumb/v7e-m/nofp/libc.a(lib_a-fvwrite.o)
 .ARM.attributes
                0x000000000000064a       0x2e /usr/lib/gcc/arm-none-eabi/10.3.1/../../../arm-none-eabi/lib/thumb/v7e-m/nofp/libc.a(lib_a-fwalk.o)
 .ARM.attributes
                0x0000000000000678       0x2e /usr/lib/gcc/arm-none-eabi/10.3.1/../../../arm-none-eabi/lib/thumb/v7e-m/nofp/libc.a(lib_a-impure.o)
 .ARM.attributes
                0x00000000000006a6       0x2e /usr/lib/gcc/arm-none-eabi/10.3.1/../../../arm-none-eabi/lib/thumb/v7e-m/nofp/libc.a(lib_a-locale.o)
 .ARM.attributes
                0x00000000000006d4       0x2e /usr/lib/gcc/arm-none-eabi/10.3.1/../../../arm-none-eabi/lib/thumb/v7e-m/nofp/libc.a(lib_a-localeconv.o)
 .ARM.attributes
                0x0000000000000702       0x2e /usr/lib/gcc/arm-none-eabi/10.3.1/../../../arm-none-eabi/lib/thumb/v7e-m/nofp/libc.a(lib_a-lseekr.o)
 .ARM.attributes
                0x0000000000000730       0x2e /usr/lib/gcc/arm-none-eabi/10.3.1/../../../arm-none-eabi/lib/thumb/v7e-m/nofp/libc.a(lib_a-makebuf.o)
 .ARM.attributes
                0x000000000000075e       0x2e /usr/lib/gcc/arm-none-eabi/10.3.1/../../../arm-none-eabi/lib/thumb/v7e-m/nofp/libc.a(lib_a-mallocr.o)
 .ARM.attributes
                0x000000000000078c       0x2e /usr/lib/gcc/arm-none-eabi/10.3.1/../../../arm-none-eabi/lib/thumb/v7e-m/nofp/libc.a(lib_a-mbtowc_r.o)
 .ARM.attributes
                0x00000000000007ba       0x1c /usr/lib/gcc/arm-none-eabi/10.3.1/../../../arm-none-eabi/lib/thumb/v7e-m/nofp/libc.a(lib_a-memchr.o)
 .ARM.attributes
                0x00000000000007d6       0x2e /usr/lib/gcc/arm-none-eabi/10.3.1/../../../arm-none-eabi/lib/thumb/v7e-m/nofp/libc.a(lib_a-mlock.o)
 .ARM.attributes
                0x0000000000000804       0x2e /usr/lib/gcc/arm-none-eabi/10.3.1/../../../arm-none-eabi/lib/thumb/v7e-m/nofp/libc.a(lib_a-mprec.o)
 .ARM.attributes
                0x0000000000000832       0x2e /usr/lib/gcc/arm-none-eabi/10.3.1/../../../arm-none-eabi/lib/thumb/v7e-m/nofp/libc.a(lib_a-readr.o)
 .ARM.attributes
                0x0000000000000860       0x2e /usr/lib/gcc/arm-none-eabi/10.3.1/../../../arm-none-eabi/lib/thumb/v7e-m/nofp/libc.a(lib_a-reallocr.o)
 .ARM.attributes
                0x000000000000088e       0x2e /usr/lib/gcc/arm-none-eabi/10.3.1/../../../arm-none-eabi/lib/thumb/v7e-m/nofp/libc.a(lib_a-reent.o)
 .ARM.attributes
                0x00000000000008bc       0x2e /usr/lib/gcc/arm-none-eabi/10.3.1/../../../arm-none-eabi/lib/thumb/v7e-m/nofp/libc.a(lib_a-sbrkr.o)
 .ARM.attributes
                0x00000000000008ea       0x2e /usr/lib/gcc/arm-none-eabi/10.3.1/../../../arm-none-eabi/lib/thumb/v7e-m/nofp/libc.a(lib_a-svfiprintf.o)
 .ARM.attributes
                0x0000000000000918       0x2e /usr/lib/gcc/arm-none-eabi/10.3.1/../../../arm-none-eabi/lib/thumb/v7e-m/nofp/libc.a(lib_a-vfiprintf.o)
 .ARM.attributes
                0x0000000000000946       0x2e /usr/lib/gcc/arm-none-eabi/10.3.1/../../../arm-none-eabi/lib/thumb/v7e-m/nofp/libc.a(lib_a-wbuf.o)
 .ARM.attributes
                0x0000000000000974       0x2e /usr/lib/gcc/arm-none-eabi/10.3.1/../../../arm-none-eabi/lib/thumb/v7e-m/nofp/libc.a(lib_a-wctomb_r.o)
 .ARM.attributes
                0x00000000000009a2       0x2e /usr/lib/gcc/arm-none-eabi/10.3.1/../../../arm-none-eabi/lib/thumb/v7e-m/nofp/libc.a(lib_a-assert.o)
 .ARM.attributes
                0x00000000000009d0       0x2e /usr/lib/gcc/arm-none-eabi/10.3.1/../../../arm-none-eabi/lib/thumb/v7e-m/nofp/libc.a(lib_a-callocr.o)
 .ARM.attributes
                0x00000000000009fe       0x2e /usr/lib/gcc/arm-none-eabi/10.3.1/../../../arm-none-eabi/lib/thumb/v7e-m/nofp/libc.a(lib_a-fclose.o)
 .ARM.attributes
                0x0000000000000a2c       0x2e /usr/lib/gcc/arm-none-eabi/10.3.1/../../../arm-none-eabi/lib/thumb/v7e-m/nofp/libc.a(lib_a-fiprintf.o)
 .ARM.attributes
                0x0000000000000a5a       0x2e /usr/lib/gcc/arm-none-eabi/10.3.1/../../../arm-none-eabi/lib/thumb/v7e-m/nofp/libc.a(lib_a-fputwc.o)
 .ARM.attributes
                0x0000000000000a88       0x2e /usr/lib/gcc/arm-none-eabi/10.3.1/../../../arm-none-eabi/lib/thumb/v7e-m/nofp/libc.a(lib_a-fstatr.o)
 .ARM.attributes
                0x0000000000000ab6       0x2e /usr/lib/gcc/arm-none-eabi/10.3.1/../../../arm-none-eabi/lib/thumb/v7e-m/nofp/libc.a(lib_a-isattyr.o)
 .ARM.attributes
                0x0000000000000ae4       0x2e /usr/lib/gcc/arm-none-eabi/10.3.1/../../../arm-none-eabi/lib/thumb/v7e-m/nofp/libc.a(lib_a-wcrtomb.o)
 .ARM.attributes
                0x0000000000000b12       0x2e /usr/lib/gcc/arm-none-eabi/10.3.1/../../../arm-none-eabi/lib/thumb/v7e-m/nofp/libc.a(lib_a-abort.o)
 .ARM.attributes
                0x0000000000000b40       0x2e /usr/lib/gcc/arm-none-eabi/10.3.1/../../../arm-none-eabi/lib/thumb/v7e-m/nofp/libc.a(lib_a-signal.o)
 .ARM.attributes
                0x0000000000000b6e       0x2e /usr/lib/gcc/arm-none-eabi/10.3.1/../../../arm-none-eabi/lib/thumb/v7e-m/nofp/libc.a(lib_a-signalr.o)
 .ARM.attributes
                0x0000000000000b9c       0x1e /usr/lib/gcc/arm-none-eabi/10.3.1/thumb/v7e-m/nofp/libgcc.a(_arm_muldivdf3.o)
 .ARM.attributes
                0x0000000000000bba       0x1e /usr/lib/gcc/arm-none-eabi/10.3.1/thumb/v7e-m/nofp/libgcc.a(_arm_cmpdf2.o)
 .ARM.attributes
                0x0000000000000bd8       0x1e /usr/lib/gcc/arm-none-eabi/10.3.1/thumb/v7e-m/nofp/libgcc.a(_arm_unorddf2.o)
 .ARM.attributes
                0x0000000000000bf6       0x1e /usr/lib/gcc/arm-none-eabi/10.3.1/thumb/v7e-m/nofp/libgcc.a(_arm_fixdfsi.o)

.debug_info     0x0000000000000000    0x31e5e
 .debug_info    0x0000000000000000      0x539 build/fault.o
 .debug_info    0x0000000000000539     0x3cee build/filesystem.o
 .debug_info    0x0000000000004227     0x264d build/kernel.o
 .debug_info    0x0000000000006874      0x7e8 build/memory.o
 .debug_info    0x000000000000705c      0xa2d build/power.o
 .debug_info    0x0000000000007a89      0xba2 build/stdio_uart.o
 .debug_info    0x000000000000862b     0x292f build/sync.o
 .debug_info    0x000000000000af5a      0x7fa build/timer.o
 .debug_info    0x000000000000b754      0x53d build/trace.o
 .debug_info    0x000000000000bc91      0x4e2 build/ramdisk.o
 .debug_info    0x000000000000c173     0x14d6 build/filesystem_demo.o
 .debug_info    0x000000000000d649       0x26 build/context_switch.o
 .debug_info    0x000000000000d66f       0x22 build/startup.o
 .debug_info    0x000000000000d691       0x26 /usr/lib/gcc/arm-none-eabi/10.3.1/thumb/v7e-m/nofp/libgcc.a(_arm_addsubdf3.o)
 .debug_info    0x000000000000d6b7       0x26 /usr/lib/gcc/arm-none-eabi/10.3.1/thumb/v7e-m/nofp/libgcc.a(_aeabi_uldivmod.o)
 .debug_info    0x000000000000d6dd      0x717 /usr/lib/gcc/arm-none-eabi/10.3.1/thumb/v7e-m/nofp/libgcc.a(_udivmoddi4.o)
 .debug_info    0x000000000000ddf4       0x26 /usr/lib/gcc/arm-none-eabi/10.3.1/thumb/v7e-m/nofp/libgcc.a(_dvmd_tls.o)
 .debug_info    0x000000000000de1a       0x26 /usr/lib/gcc/arm-none-eabi/10.3.1/../../../arm-none-eabi/lib/thumb/v7e-m/nofp/libc.a(lib_a-memcpy.o)
 .debug_info    0x000000000000de40      0x152 /usr/lib/gcc/arm-none-eabi/10.3.1/../../../arm-none-eabi/lib/thumb/v7e-m/nofp/libc.a(lib_a-memmove.o)
 .debug_info    0x000000000000df92      0x137 /usr/lib/gcc/arm-none-eabi/10.3.1/../../../arm-none-eabi/lib/thumb/v7e-m/nofp/libc.a(lib_a-memset.o)
 .debug_info    0x000000000000e0c9      0xa31 /usr/lib/gcc/arm-none-eabi/10.3.1/../../../arm-none-eabi/lib/thumb/v7e-m/nofp/libc.a(lib_a-printf.o)
 .debug_info    0x000000000000eafa      0xae1 /usr/lib/gcc/arm-none-eabi/10.3.1/../../../arm-none-eabi/lib/thumb/v7e-m/nofp/libc.a(lib_a-puts.o)
 .debug_info    0x000000000000f5db      0xb1b /usr/lib/gcc/arm-none-eabi/10.3.1/../../../arm-none-eabi/lib/thumb/v7e-m/nofp/libc.a(lib_a-snprintf.o)
 .debug_info    0x00000000000100f6      0xc22 /usr/lib/gcc/arm-none-eabi/10.3.1/../../../arm-none-eabi/lib/thumb/v7e-m/nofp/libc.a(lib_a-stdio.o)
 .debug_info    0x0000000000010d18       0x26 /usr/lib/gcc/arm-none-eabi/10.3.1/../../../arm-none-eabi/lib/thumb/v7e-m/nofp/libc.a(lib_a-strcmp.o)
 .debug_info    0x0000000000010d3e       0x26 /usr/lib/gcc/arm-none-eabi/10.3.1/../../../arm-none-eabi/lib/thumb/v7e-m/nofp/libc.a(lib_a-strlen.o)
 .debug_info    0x0000000000010d64      0x153 /usr/lib/gcc/arm-none-eabi/10.3.1/../../../arm-none-eabi/lib/thumb/v7e-m/nofp/libc.a(lib_a-strncpy.o)
 .debug_info    0x0000000000010eb7     0x192d /usr/lib/gcc/arm-none-eabi/10.3.1/../../../arm-none-eabi/lib/thumb/v7e-m/nofp/libc.a(lib_a-svfprintf.o)
 .debug_info    0x00000000000127e4     0x1b17 /usr/lib/gcc/arm-none-eabi/10.3.1/../../../arm-none-eabi/lib/thumb/v7e-m/nofp/libc.a(lib_a-vfprintf.o)
 .debug_info    0x00000000000142fb      0x9c0 /usr/lib/gcc/arm-none-eabi/10.3.1/../../../arm-none-eabi/lib/thumb/v7e-m/nofp/libc.a(lib_a-writer.o)
 .debug_info    0x0000000000014cbb      0x9c2 /usr/lib/gcc/arm-none-eabi/10.3.1/../../../arm-none-eabi/lib/thumb/v7e-m/nofp/libc.a(lib_a-wsetup.o)
 .debug_info    0x000000000001567d      0x96b /usr/lib/gcc/arm-none-eabi/10.3.1/../../../arm-none-eabi/lib/thumb/v7e-m/nofp/libc.a(lib_a-closer.o)
 .debug_info    0x0000000000015fe8       0xb8 /usr/lib/gcc/arm-none-eabi/10.3.1/../../../arm-none-eabi/lib/thumb/v7e-m/nofp/libc.a(lib_a-ctype_.o)
 .debug_info    0x00000000000160a0     0x1a58 /usr/lib/gcc/arm-none-eabi/10.3.1/../../../arm-none-eabi/lib/thumb/v7e-m/nofp/libc.a(lib_a-dtoa.o)
 .debug_info    0x0000000000017af8      0xbe0 /usr/lib/gcc/arm-none-eabi/10.3.1/../../../arm-none-eabi/lib/thumb/v7e-m/nofp/libc.a(lib_a-fflush.o)
 .debug_info    0x00000000000186d8      0xf66 /usr/lib/gcc/arm-none-eabi/10.3.1/../../../arm-none-eabi/lib/thumb/v7e-m/nofp/libc.a(lib_a-findfp.o)
 .debug_info    0x000000000001963e      0xd10 /usr/lib/gcc/arm-none-eabi/10.3.1/../../../arm-none-eabi/lib/thumb/v7e-m/nofp/libc.a(lib_a-freer.o)
 .debug_info    0x000000000001a34e      0xcbb /usr/lib/gcc/arm-none-eabi/10.3.1/../../../arm-none-eabi/lib/thumb/v7e-m/nofp/libc.a(lib_a-fvwrite.o)
 .debug_info    0x000000000001b009      0xa66 /usr/lib/gcc/arm-none-eabi/10.3.1/../../../arm-none-eabi/lib/thumb/v7e-m/nofp/libc.a(lib_a-fwalk.o)
 .debug_info    0x000000000001ba6f      0x92a /usr/lib/gcc/arm-none-eabi/10.3.1/../../../arm-none-eabi/lib/thumb/v7e-m/nofp/libc.a(lib_a-impure.o)
 .debug_info    0x000000000001c399      0xe0a /usr/lib/gcc/arm-none-eabi/10.3.1/../../../arm-none-eabi/lib/thumb/v7e-m/nofp/libc.a(lib_a-locale.o)
 .debug_info    0x000000000001d1a3      0xc3e /usr/lib/gcc/arm-none-eabi/10.3.1/../../../arm-none-eabi/lib/thumb/v7e-m/nofp/libc.a(lib_a-localeconv.o)
 .debug_info    0x000000000001dde1      0x9a1 /usr/lib/gcc/arm-none-eabi/10.3.1/../../../arm-none-eabi/lib/thumb/v7e-m/nofp/libc.a(lib_a-lseekr.o)
 .debug_info    0x000000000001e782      0xdf2 /usr/lib/gcc/arm-none-eabi/10.3.1/../../../arm-none-eabi/lib/thumb/v7e-m/nofp/libc.a(lib_a-makebuf.o)
 .debug_info    0x000000000001f574      0xe95 /usr/lib/gcc/arm-none-eabi/10.3.1/../../../arm-none-eabi/lib/thumb/v7e-m/nofp/libc.a(lib_a-mallocr.o)
 .debug_info    0x0000000000020409      0xccd /usr/lib/gcc/arm-none-eabi/10.3.1/../../../arm-none-eabi/lib/thumb/v7e-m/nofp/libc.a(lib_a-mbtowc_r.o)
 .debug_info    0x00000000000210d6       0x26 /usr/lib/gcc/arm-none-eabi/10.3.1/../../../arm-none-eabi/lib/thumb/v7e-m/nofp/libc.a(lib_a-memchr.o)
 .debug_info    0x00000000000210fc      0x942 /usr/lib/gcc/arm-none-eabi/10.3.1/../../../arm-none-eabi/lib/thumb/v7e-m/nofp/libc.a(lib_a-mlock.o)
 .debug_info    0x0000000000021a3e     0x20ca /usr/lib/gcc/arm-none-eabi/10.3.1/../../../arm-none-eabi/lib/thumb/v7e-m/nofp/libc.a(lib_a-mprec.o)
 .debug_info    0x0000000000023b08      0x9b9 /usr/lib/gcc/arm-none-eabi/10.3.1/../../../arm-none-eabi/lib/thumb/v7e-m/nofp/libc.a(lib_a-readr.o)
 .debug_info    0x00000000000244c1      0xdb4 /usr/lib/gcc/arm-none-eabi/10.3.1/../../../arm-none-eabi/lib/thumb/v7e-m/nofp/libc.a(lib_a-reallocr.o)
 .debug_info    0x0000000000025275      0xbda /usr/lib/gcc/arm-none-eabi/10.3.1/../../../arm-none-eabi/lib/thumb/v7e-m/nofp/libc.a(lib_a-reent.o)
 .debug_info    0x0000000000025e4f      0x98e /usr/lib/gcc/arm-none-eabi/10.3.1/../../../arm-none-eabi/lib/thumb/v7e-m/nofp/libc.a(lib_a-sbrkr.o)
 .debug_info    0x00000000000267dd     0x1367 /usr/lib/gcc/arm-none-eabi/10.3.1/../../../arm-none-eabi/lib/thumb/v7e-m/nofp/libc.a(lib_a-svfiprintf.o)
 .debug_info    0x0000000000027b44     0x1926 /usr/lib/gcc/arm-none-eabi/10.3.1/../../../arm-none-eabi/lib/thumb/v7e-m/nofp/libc.a(lib_a-vfiprintf.o)
 .debug_info    0x000000000002946a      0xa5f /usr/lib/gcc/arm-none-eabi/10.3.1/../../../arm-none-eabi/lib/thumb/v7e-m/nofp/libc.a(lib_a-wbuf.o)
 .debug_info    0x0000000000029ec9      0xc86 /usr/lib/gcc/arm-none-eabi/10.3.1/../../../arm-none-eabi/lib/thumb/v7e-m/nofp/libc.a(lib_a-wctomb_r.o)
 .debug_info    0x000000000002ab4f      0xa23 /usr/lib/gcc/arm-none-eabi/10.3.1/../../../arm-none-eabi/lib/thumb/v7e-m/nofp/libc.a(lib_a-assert.o)
 .debug_info    0x000000000002b572      0xa81 /usr/lib/gcc/arm-none-eabi/10.3.1/../../../arm-none-eabi/lib/thumb/v7e-m/nofp/libc.a(lib_a-callocr.o)
 .debug_info    0x000000000002bff3      0xb4a /usr/lib/gcc/arm-none-eabi/10.3.1/../../../arm-none-eabi/lib/thumb/v7e-m/nofp/libc.a(lib_a-fclose.o)
 .debug_info    0x000000000002cb3d      0xa5f /usr/lib/gcc/arm-none-eabi/10.3.1/../../../arm-none-eabi/lib/thumb/v7e-m/nofp/libc.a(lib_a-fiprintf.o)
 .debug_info    0x000000000002d59c      0xc19 /usr/lib/gcc/arm-none-eabi/10.3.1/../../../arm-none-eabi/lib/thumb/v7e-m/nofp/libc.a(lib_a-fputwc.o)
 .debug_info    0x000000000002e1b5      0xb83 /usr/lib/gcc/arm-none-eabi/10.3.1/../../../arm-none-eabi/lib/thumb/v7e-m/nofp/libc.a(lib_a-fstatr.o)
 .debug_info    0x000000000002ed38      0x96b /usr/lib/gcc/arm-none-eabi/10.3.1/../../../arm-none-eabi/lib/thumb/v7e-m/nofp/libc.a(lib_a-isattyr.o)
 .debug_info    0x000000000002f6a3      0xd4f /usr/lib/gcc/arm-none-eabi/10.3.1/../../../arm-none-eabi/lib/thumb/v7e-m/nofp/libc.a(lib_a-wcrtomb.o)
 .debug_info    0x00000000000303f2       0xcb /usr/lib/gcc/arm-none-eabi/10.3.1/../../../arm-none-eabi/lib/thumb/v7e-m/nofp/libc.a(lib_a-abort.o)
 .debug_info    0x00000000000304bd      0xf32 /usr/lib/gcc/arm-none-eabi/10.3.1/../../../arm-none-eabi/lib/thumb/v7e-m/nofp/libc.a(lib_a-signal.o)
 .debug_info    0x00000000000313ef      0x9d7 /usr/lib/gcc/arm-none-eabi/10.3.1/../../../arm-none-eabi/lib/thumb/v7e-m/nofp/libc.a(lib_a-signalr.o)
 .debug_info    0x0000000000031dc6       0x26 /usr/lib/gcc/arm-none-eabi/10.3.1/thumb/v7e-m/nofp/libgcc.a(_arm_muldivdf3.o)
 .debug_info    0x0000000000031dec       0x26 /usr/lib/gcc/arm-none-eabi/10.3.1/thumb/v7e-m/nofp/libgcc.a(_arm_cmpdf2.o)
 .debug_info    0x0000000000031e12       0x26 /usr/lib/gcc/arm-none-eabi/10.3.1/thumb/v7e-m/nofp/libgcc.a(_arm_unorddf2.o)
 .debug_info    0x0000000000031e38       0x26 /usr/lib/gcc/arm-none-eabi/10.3.1/thumb/v7e-m/nofp/libgcc.a(_arm_fixdfsi.o)

.debug_abbrev   0x0000000000000000     0x9b52
 .debug_abbrev  0x0000000000000000      0x24d build/fault.o
 .debug_abbrev  0x000000000000024d      0x528 build/filesystem.o
 .debug_abbrev  0x0000000000000775      0x5a2 build/kernel.o
 .debug_abbrev  0x0000000000000d17      0x2db build/memory.o
 .debug_abbrev  0x0000000000000ff2      0x3ac build/power.o
 .debug_abbrev  0x000000000000139e      0x37b build/stdio_uart.o
 .debug_abbrev  0x0000000000001719      0x49b build/sync.o
 .debug_abbrev  0x0000000000001bb4      0x329 build/timer.o
 .debug_abbrev  0x0000000000001edd      0x224 build/trace.o
 .debug_abbrev  0x0000000000002101      0x1e8 build/ramdisk.o
 .debug_abbrev  0x00000000000022e9      0x25b build/filesystem_demo.o
 .debug_abbrev  0x0000000000002544       0x14 build/context_switch.o
 .debug_abbrev  0x0000000000002558       0x12 build/startup.o
 .debug_abbrev  0x000000000000256a       0x14 /usr/lib/gcc/arm-none-eabi/10.3.1/thumb/v7e-m/nofp/libgcc.a(_arm_addsubdf3.o)
 .debug_abbrev  0x000000000000257e       0x14 /usr/lib/gcc/arm-none-eabi/10.3.1/thumb/v7e-m/nofp/libgcc.a(_aeabi_uldivmod.o)
 .debug_abbrev  0x0000000000002592      0x163 /usr/lib/gcc/arm-none-eabi/10.3.1/thumb/v7e-m/nofp/libgcc.a(_udivmoddi4.o)
 .debug_abbrev  0x00000000000026f5       0x14 /usr/lib/gcc/arm-none-eabi/10.3.1/thumb/v7e-m/nofp/libgcc.a(_dvmd_tls.o)
 .debug_abbrev  0x0000000000002709       0x14 /usr/lib/gcc/arm-none-eabi/10.3.1/../../../arm-none-eabi/lib/thumb/v7e-m/nofp/libc.a(lib_a-memcpy.o)
 .debug_abbrev  0x000000000000271d       0xc0 /usr/lib/gcc/arm-none-eabi/10.3.1/../../../arm-none-eabi/lib/thumb/v7e-m/nofp/libc.a(lib_a-memmove.o)
 .debug_abbrev  0x00000000000027dd       0xb4 /usr/lib/gcc/arm-none-eabi/10.3.1/../../../arm-none-eabi/lib/thumb/v7e-m/nofp/libc.a(lib_a-memset.o)
 .debug_abbrev  0x0000000000002891      0x27a /usr/lib/gcc/arm-none-eabi/10.3.1/../../../arm-none-eabi/lib/thumb/v7e-m/nofp/libc.a(lib_a-printf.o)
 .debug_abbrev  0x0000000000002b0b      0x28d /usr/lib/gcc/arm-none-eabi/10.3.1/../../../arm-none-eabi/lib/thumb/v7e-m/nofp/libc.a(lib_a-puts.o)
 .debug_abbrev  0x0000000000002d98      0x27d /usr/lib/gcc/arm-none-eabi/10.3.1/../../../arm-none-eabi/lib/thumb/v7e-m/nofp/libc.a(lib_a-snprintf.o)
 .debug_abbrev  0x0000000000003015      0x262 /usr/lib/gcc/arm-none-eabi/10.3.1/../../../arm-none-eabi/lib/thumb/v7e-m/nofp/libc.a(lib_a-stdio.o)
 .debug_abbrev  0x0000000000003277       0x14 /usr/lib/gcc/arm-none-eabi/10.3.1/../../../arm-none-eabi/lib/thumb/v7e-m/nofp/libc.a(lib_a-strcmp.o)
 .debug_abbrev  0x000000000000328b       0x14 /usr/lib/gcc/arm-none-eabi/10.3.1/../../../arm-none-eabi/lib/thumb/v7e-m/nofp/libc.a(lib_a-strlen.o)
 .debug_abbrev  0x000000000000329f       0xbb /usr/lib/gcc/arm-none-eabi/10.3.1/../../../arm-none-eabi/lib/thumb/v7e-m/nofp/libc.a(lib_a-strncpy.o)
 .debug_abbrev  0x000000000000335a      0x3db /usr/lib/gcc/arm-none-eabi/10.3.1/../../../arm-none-eabi/lib/thumb/v7e-m/nofp/libc.a(lib_a-svfprintf.o)
 .debug_abbrev  0x0000000000003735      0x44f /usr/lib/gcc/arm-none-eabi/10.3.1/../../../arm-none-eabi/lib/thumb/v7e-m/nofp/libc.a(lib_a-vfprintf.o)
 .debug_abbrev  0x0000000000003b84      0x217 /usr/lib/gcc/arm-none-eabi/10.3.1/../../../arm-none-eabi/lib/thumb/v7e-m/nofp/libc.a(lib_a-writer.o)
 .debug_abbrev  0x0000000000003d9b      0x246 /usr/lib/gcc/arm-none-eabi/10.3.1/../../../arm-none-eabi/lib/thumb/v7e-m/nofp/libc.a(lib_a-wsetup.o)
 .debug_abbrev  0x0000000000003fe1      0x212 /usr/lib/gcc/arm-none-eabi/10.3.1/../../../arm-none-eabi/lib/thumb/v7e-m/nofp/libc.a(lib_a-closer.o)
 .debug_abbrev  0x00000000000041f3       0x62 /usr/lib/gcc/arm-none-eabi/10.3.1/../../../arm-none-eabi/lib/thumb/v7e-m/nofp/libc.a(lib_a-ctype_.o)
 .debug_abbrev  0x0000000000004255      0x323 /usr/lib/gcc/arm-none-eabi/10.3.1/../../../arm-none-eabi/lib/thumb/v7e-m/nofp/libc.a(lib_a-dtoa.o)
 .debug_abbrev  0x0000000000004578      0x333 /usr/lib/gcc/arm-none-eabi/10.3.1/../../../arm-none-eabi/lib/thumb/v7e-m/nofp/libc.a(lib_a-fflush.o)
 .debug_abbrev  0x00000000000048ab      0x41a /usr/lib/gcc/arm-none-eabi/10.3.1/../../../arm-none-eabi/lib/thumb/v7e-m/nofp/libc.a(lib_a-findfp.o)
 .debug_abbrev  0x0000000000004cc5      0x2b1 /usr/lib/gcc/arm-none-eabi/10.3.1/../../../arm-none-eabi/lib/thumb/v7e-m/nofp/libc.a(lib_a-freer.o)
 .debug_abbrev  0x0000000000004f76      0x25b /usr/lib/gcc/arm-none-eabi/10.3.1/../../../arm-none-eabi/lib/thumb/v7e-m/nofp/libc.a(lib_a-fvwrite.o)
 .debug_abbrev  0x00000000000051d1      0x1fe /usr/lib/gcc/arm-none-eabi/10.3.1/../../../arm-none-eabi/lib/thumb/v7e-m/nofp/libc.a(lib_a-fwalk.o)
 .debug_abbrev  0x00000000000053cf      0x1b8 /usr/lib/gcc/arm-none-eabi/10.3.1/../../../arm-none-eabi/lib/thumb/v7e-m/nofp/libc.a(lib_a-impure.o)
 .debug_abbrev  0x0000000000005587      0x2f5 /usr/lib/gcc/arm-none-eabi/10.3.1/../../../arm-none-eabi/lib/thumb/v7e-m/nofp/libc.a(lib_a-locale.o)
 .debug_abbrev  0x000000000000587c      0x26a /usr/lib/gcc/arm-none-eabi/10.3.1/../../../arm-none-eabi/lib/thumb/v7e-m/nofp/libc.a(lib_a-localeconv.o)
 .debug_abbrev  0x0000000000005ae6      0x226 /usr/lib/gcc/arm-none-eabi/10.3.1/../../../arm-none-eabi/lib/thumb/v7e-m/nofp/libc.a(lib_a-lseekr.o)
 .debug_abbrev  0x0000000000005d0c      0x2df /usr/lib/gcc/arm-none-eabi/10.3.1/../../../arm-none-eabi/lib/thumb/v7e-m/nofp/libc.a(lib_a-makebuf.o)
 .debug_abbrev  0x0000000000005feb      0x2f6 /usr/lib/gcc/arm-none-eabi/10.3.1/../../../arm-none-eabi/lib/thumb/v7e-m/nofp/libc.a(lib_a-mallocr.o)
 .debug_abbrev  0x00000000000062e1      0x247 /usr/lib/gcc/arm-none-eabi/10.3.1/../../../arm-none-eabi/lib/thumb/v7e-m/nofp/libc.a(lib_a-mbtowc_r.o)
 .debug_abbrev  0x0000000000006528       0x14 /usr/lib/gcc/arm-none-eabi/10.3.1/../../../arm-none-eabi/lib/thumb/v7e-m/nofp/libc.a(lib_a-memchr.o)
 .debug_abbrev  0x000000000000653c      0x1f0 /usr/lib/gcc/arm-none-eabi/10.3.1/../../../arm-none-eabi/lib/thumb/v7e-m/nofp/libc.a(lib_a-mlock.o)
 .debug_abbrev  0x000000000000672c      0x4ae /usr/lib/gcc/arm-none-eabi/10.3.1/../../../arm-none-eabi/lib/thumb/v7e-m/nofp/libc.a(lib_a-mprec.o)
 .debug_abbrev  0x0000000000006bda      0x212 /usr/lib/gcc/arm-none-eabi/10.3.1/../../../arm-none-eabi/lib/thumb/v7e-m/nofp/libc.a(lib_a-readr.o)
 .debug_abbrev  0x0000000000006dec      0x275 /usr/lib/gcc/arm-none-eabi/10.3.1/../../../arm-none-eabi/lib/thumb/v7e-m/nofp/libc.a(lib_a-reallocr.o)
 .debug_abbrev  0x0000000000007061      0x2f4 /usr/lib/gcc/arm-none-eabi/10.3.1/../../../arm-none-eabi/lib/thumb/v7e-m/nofp/libc.a(lib_a-reent.o)
 .debug_abbrev  0x0000000000007355      0x23d /usr/lib/gcc/arm-none-eabi/10.3.1/../../../arm-none-eabi/lib/thumb/v7e-m/nofp/libc.a(lib_a-sbrkr.o)
 .debug_abbrev  0x0000000000007592      0x2fa /usr/lib/gcc/arm-none-eabi/10.3.1/../../../arm-none-eabi/lib/thumb/v7e-m/nofp/libc.a(lib_a-svfiprintf.o)
 .debug_abbrev  0x000000000000788c      0x430 /usr/lib/gcc/arm-none-eabi/10.3.1/../../../arm-none-eabi/lib/thumb/v7e-m/nofp/libc.a(lib_a-vfiprintf.o)
 .debug_abbrev  0x0000000000007cbc      0x286 /usr/lib/gcc/arm-none-eabi/10.3.1/../../../arm-none-eabi/lib/thumb/v7e-m/nofp/libc.a(lib_a-wbuf.o)
 .debug_abbrev  0x0000000000007f42      0x251 /usr/lib/gcc/arm-none-eabi/10.3.1/../../../arm-none-eabi/lib/thumb/v7e-m/nofp/libc.a(lib_a-wctomb_r.o)
 .debug_abbrev  0x0000000000008193      0x22a /usr/lib/gcc/arm-none-eabi/10.3.1/../../../arm-none-eabi/lib/thumb/v7e-m/nofp/libc.a(lib_a-assert.o)
 .debug_abbrev  0x00000000000083bd      0x241 /usr/lib/gcc/arm-none-eabi/10.3.1/../../../arm-none-eabi/lib/thumb/v7e-m/nofp/libc.a(lib_a-callocr.o)
 .debug_abbrev  0x00000000000085fe      0x2f1 /usr/lib/gcc/arm-none-eabi/10.3.1/../../../arm-none-eabi/lib/thumb/v7e-m/nofp/libc.a(lib_a-fclose.o)
 .debug_abbrev  0x00000000000088ef      0x255 /usr/lib/gcc/arm-none-eabi/10.3.1/../../../arm-none-eabi/lib/thumb/v7e-m/nofp/libc.a(lib_a-fiprintf.o)
 .debug_abbrev  0x0000000000008b44      0x34f /usr/lib/gcc/arm-none-eabi/10.3.1/../../../arm-none-eabi/lib/thumb/v7e-m/nofp/libc.a(lib_a-fputwc.o)
 .debug_abbrev  0x0000000000008e93      0x226 /usr/lib/gcc/arm-none-eabi/10.3.1/../../../arm-none-eabi/lib/thumb/v7e-m/nofp/libc.a(lib_a-fstatr.o)
 .debug_abbrev  0x00000000000090b9      0x212 /usr/lib/gcc/arm-none-eabi/10.3.1/../../../arm-none-eabi/lib/thumb/v7e-m/nofp/libc.a(lib_a-isattyr.o)
 .debug_abbrev  0x00000000000092cb      0x254 /usr/lib/gcc/arm-none-eabi/10.3.1/../../../arm-none-eabi/lib/thumb/v7e-m/nofp/libc.a(lib_a-wcrtomb.o)
 .debug_abbrev  0x000000000000951f       0x80 /usr/lib/gcc/arm-none-eabi/10.3.1/../../../arm-none-eabi/lib/thumb/v7e-m/nofp/libc.a(lib_a-abort.o)
 .debug_abbrev  0x000000000000959f      0x321 /usr/lib/gcc/arm-none-eabi/10.3.1/../../../arm-none-eabi/lib/thumb/v7e-m/nofp/libc.a(lib_a-signal.o)
 .debug_abbrev  0x00000000000098c0      0x242 /usr/lib/gcc/arm-none-eabi/10.3.1/../../../arm-none-eabi/lib/thumb/v7e-m/nofp/libc.a(lib_a-signalr.o)
 .debug_abbrev  0x0000000000009b02       0x14 /usr/lib/gcc/arm-none-eabi/10.3.1/thumb/v7e-m/nofp/libgcc.a(_arm_muldivdf3.o)
 .debug_abbrev  0x0000000000009b16       0x14 /usr/lib/gcc/arm-none-eabi/10.3.1/thumb/v7e-m/nofp/libgcc.a(_arm_cmpdf2.o)
 .debug_abbrev  0x0000000000009b2a       0x14 /usr/lib/gcc/arm-none-eabi/10.3.1/thumb/v7e-m/nofp/libgcc.a(_arm_unorddf2.o)
 .debug_abbrev  0x0000000000009b3e       0x14 /usr/lib/gcc/arm-none-eabi/10.3.1/thumb/v7e-m/nofp/libgcc.a(_arm_fixdfsi.o)

.debug_loc      0x0000000000000000    0x2195c
 .debug_loc     0x0000000000000000      0x119 build/fault.o
 .debug_loc     0x0000000000000119     0x2904 build/filesystem.o
 .debug_loc     0x0000000000002a1d     0x1f2f build/kernel.o
 .debug_loc     0x000000000000494c      0x772 build/memory.o
 .debug_loc     0x00000000000050be      0x55b build/power.o
 .debug_loc     0x0000000000005619      0x5ed build/stdio_uart.o
 .debug_loc     0x0000000000005c06     0x28d3 build/sync.o
 .debug_loc     0x00000000000084d9      0x6d0 build/timer.o
 .debug_loc     0x0000000000008ba9      0x400 build/trace.o
 .debug_loc     0x0000000000008fa9      0x22d build/ramdisk.o
 .debug_loc     0x00000000000091d6      0x2f5 build/filesystem_demo.o
 .debug_loc     0x00000000000094cb     0x1094 /usr/lib/gcc/arm-none-eabi/10.3.1/thumb/v7e-m/nofp/libgcc.a(_udivmoddi4.o)
 .debug_loc     0x000000000000a55f      0x34f /usr/lib/gcc/arm-none-eabi/10.3.1/../../../arm-none-eabi/lib/thumb/v7e-m/nofp/libc.a(lib_a-memmove.o)
 .debug_loc     0x000000000000a8ae      0x22c /usr/lib/gcc/arm-none-eabi/10.3.1/../../../arm-none-eabi/lib/thumb/v7e-m/nofp/libc.a(lib_a-memset.o)
 .debug_loc     0x000000000000aada       0x64 /usr/lib/gcc/arm-none-eabi/10.3.1/../../../arm-none-eabi/lib/thumb/v7e-m/nofp/libc.a(lib_a-printf.o)
 .debug_loc     0x000000000000ab3e      0x11c /usr/lib/gcc/arm-none-eabi/10.3.1/../../../arm-none-eabi/lib/thumb/v7e-m/nofp/libc.a(lib_a-puts.o)
 .debug_loc     0x000000000000ac5a      0x2b1 /usr/lib/gcc/arm-none-eabi/10.3.1/../../../arm-none-eabi/lib/thumb/v7e-m/nofp/libc.a(lib_a-snprintf.o)
 .debug_loc     0x000000000000af0b      0x3a0 /usr/lib/gcc/arm-none-eabi/10.3.1/../../../arm-none-eabi/lib/thumb/v7e-m/nofp/libc.a(lib_a-stdio.o)
 .debug_loc     0x000000000000b2ab      0x1b5 /usr/lib/gcc/arm-none-eabi/10.3.1/../../../arm-none-eabi/lib/thumb/v7e-m/nofp/libc.a(lib_a-strncpy.o)
 .debug_loc     0x000000000000b460     0x3217 /usr/lib/gcc/arm-none-eabi/10.3.1/../../../arm-none-eabi/lib/thumb/v7e-m/nofp/libc.a(lib_a-svfprintf.o)
 .debug_loc     0x000000000000e677     0x348e /usr/lib/gcc/arm-none-eabi/10.3.1/../../../arm-none-eabi/lib/thumb/v7e-m/nofp/libc.a(lib_a-vfprintf.o)
 .debug_loc     0x0000000000011b05       0xf7 /usr/lib/gcc/arm-none-eabi/10.3.1/../../../arm-none-eabi/lib/thumb/v7e-m/nofp/libc.a(lib_a-writer.o)
 .debug_loc     0x0000000000011bfc       0xe7 /usr/lib/gcc/arm-none-eabi/10.3.1/../../../arm-none-eabi/lib/thumb/v7e-m/nofp/libc.a(lib_a-wsetup.o)
 .debug_loc     0x0000000000011ce3       0x6c /usr/lib/gcc/arm-none-eabi/10.3.1/../../../arm-none-eabi/lib/thumb/v7e-m/nofp/libc.a(lib_a-closer.o)
 .debug_loc     0x0000000000011d4f     0x3391 /usr/lib/gcc/arm-none-eabi/10.3.1/../../../arm-none-eabi/lib/thumb/v7e-m/nofp/libc.a(lib_a-dtoa.o)
 .debug_loc     0x00000000000150e0      0x441 /usr/lib/gcc/arm-none-eabi/10.3.1/../../../arm-none-eabi/lib/thumb/v7e-m/nofp/libc.a(lib_a-fflush.o)
 .debug_loc     0x0000000000015521      0x3cc /usr/lib/gcc/arm-none-eabi/10.3.1/../../../arm-none-eabi/lib/thumb/v7e-m/nofp/libc.a(lib_a-findfp.o)
 .debug_loc     0x00000000000158ed      0x6cc /usr/lib/gcc/arm-none-eabi/10.3.1/../../../arm-none-eabi/lib/thumb/v7e-m/nofp/libc.a(lib_a-freer.o)
 .debug_loc     0x0000000000015fb9      0x6fb /usr/lib/gcc/arm-none-eabi/10.3.1/../../../arm-none-eabi/lib/thumb/v7e-m/nofp/libc.a(lib_a-fvwrite.o)
 .debug_loc     0x00000000000166b4      0x1bf /usr/lib/gcc/arm-none-eabi/10.3.1/../../../arm-none-eabi/lib/thumb/v7e-m/nofp/libc.a(lib_a-fwalk.o)
 .debug_loc     0x0000000000016873      0x27d /usr/lib/gcc/arm-none-eabi/10.3.1/../../../arm-none-eabi/lib/thumb/v7e-m/nofp/libc.a(lib_a-locale.o)
 .debug_loc     0x0000000000016af0       0x6f /usr/lib/gcc/arm-none-eabi/10.3.1/../../../arm-none-eabi/lib/thumb/v7e-m/nofp/libc.a(lib_a-localeconv.o)
 .debug_loc     0x0000000000016b5f       0xf7 /usr/lib/gcc/arm-none-eabi/10.3.1/../../../arm-none-eabi/lib/thumb/v7e-m/nofp/libc.a(lib_a-lseekr.o)
 .debug_loc     0x0000000000016c56      0x39f /usr/lib/gcc/arm-none-eabi/10.3.1/../../../arm-none-eabi/lib/thumb/v7e-m/nofp/libc.a(lib_a-makebuf.o)
 .debug_loc     0x0000000000016ff5      0xea2 /usr/lib/gcc/arm-none-eabi/10.3.1/../../../arm-none-eabi/lib/thumb/v7e-m/nofp/libc.a(lib_a-mallocr.o)
 .debug_loc     0x0000000000017e97      0x21d /usr/lib/gcc/arm-none-eabi/10.3.1/../../../arm-none-eabi/lib/thumb/v7e-m/nofp/libc.a(lib_a-mbtowc_r.o)
 .debug_loc     0x00000000000180b4     0x26a7 /usr/lib/gcc/arm-none-eabi/10.3.1/../../../arm-none-eabi/lib/thumb/v7e-m/nofp/libc.a(lib_a-mprec.o)
 .debug_loc     0x000000000001a75b       0xf7 /usr/lib/gcc/arm-none-eabi/10.3.1/../../../arm-none-eabi/lib/thumb/v7e-m/nofp/libc.a(lib_a-readr.o)
 .debug_loc     0x000000000001a852     0x17d9 /usr/lib/gcc/arm-none-eabi/10.3.1/../../../arm-none-eabi/lib/thumb/v7e-m/nofp/libc.a(lib_a-reallocr.o)
 .debug_loc     0x000000000001c02b      0x23e /usr/lib/gcc/arm-none-eabi/10.3.1/../../../arm-none-eabi/lib/thumb/v7e-m/nofp/libc.a(lib_a-reent.o)
 .debug_loc     0x000000000001c269       0x6c /usr/lib/gcc/arm-none-eabi/10.3.1/../../../arm-none-eabi/lib/thumb/v7e-m/nofp/libc.a(lib_a-sbrkr.o)
 .debug_loc     0x000000000001c2d5     0x1608 /usr/lib/gcc/arm-none-eabi/10.3.1/../../../arm-none-eabi/lib/thumb/v7e-m/nofp/libc.a(lib_a-svfiprintf.o)
 .debug_loc     0x000000000001d8dd     0x23cb /usr/lib/gcc/arm-none-eabi/10.3.1/../../../arm-none-eabi/lib/thumb/v7e-m/nofp/libc.a(lib_a-vfiprintf.o)
 .debug_loc     0x000000000001fca8      0x1b0 /usr/lib/gcc/arm-none-eabi/10.3.1/../../../arm-none-eabi/lib/thumb/v7e-m/nofp/libc.a(lib_a-wbuf.o)
 .debug_loc     0x000000000001fe58      0x13a /usr/lib/gcc/arm-none-eabi/10.3.1/../../../arm-none-eabi/lib/thumb/v7e-m/nofp/libc.a(lib_a-wctomb_r.o)
 .debug_loc     0x000000000001ff92      0x185 /usr/lib/gcc/arm-none-eabi/10.3.1/../../../arm-none-eabi/lib/thumb/v7e-m/nofp/libc.a(lib_a-assert.o)
 .debug_loc     0x0000000000020117      0x2d6 /usr/lib/gcc/arm-none-eabi/10.3.1/../../../arm-none-eabi/lib/thumb/v7e-m/nofp/libc.a(lib_a-callocr.o)
 .debug_loc     0x00000000000203ed      0x2f1 /usr/lib/gcc/arm-none-eabi/10.3.1/../../../arm-none-eabi/lib/thumb/v7e-m/nofp/libc.a(lib_a-fclose.o)
 .debug_loc     0x00000000000206de       0xa6 /usr/lib/gcc/arm-none-eabi/10.3.1/../../../arm-none-eabi/lib/thumb/v7e-m/nofp/libc.a(lib_a-fiprintf.o)
 .debug_loc     0x0000000000020784      0x3cc /usr/lib/gcc/arm-none-eabi/10.3.1/../../../arm-none-eabi/lib/thumb/v7e-m/nofp/libc.a(lib_a-fputwc.o)
 .debug_loc     0x0000000000020b50       0xab /usr/lib/gcc/arm-none-eabi/10.3.1/../../../arm-none-eabi/lib/thumb/v7e-m/nofp/libc.a(lib_a-fstatr.o)
 .debug_loc     0x0000000000020bfb       0x6c /usr/lib/gcc/arm-none-eabi/10.3.1/../../../arm-none-eabi/lib/thumb/v7e-m/nofp/libc.a(lib_a-isattyr.o)
 .debug_loc     0x0000000000020c67      0x2be /usr/lib/gcc/arm-none-eabi/10.3.1/../../../arm-none-eabi/lib/thumb/v7e-m/nofp/libc.a(lib_a-wcrtomb.o)
 .debug_loc     0x0000000000020f25      0x967 /usr/lib/gcc/arm-none-eabi/10.3.1/../../../arm-none-eabi/lib/thumb/v7e-m/nofp/libc.a(lib_a-signal.o)
 .debug_loc     0x000000000002188c       0xd0 /usr/lib/gcc/arm-none-eabi/10.3.1/../../../arm-none-eabi/lib/thumb/v7e-m/nofp/libc.a(lib_a-signalr.o)

.debug_aranges  0x0000000000000000      0xf00
 .debug_aranges
                0x0000000000000000       0x58 build/fault.o
 .debug_aranges
                0x0000000000000058      0x160 build/filesystem.o
 .debug_aranges
                0x00000000000001b8      0x1a8 build/kernel.o
 .debug_aranges
                0x0000000000000360       0x40 build/memory.o
 .debug_aranges
                0x00000000000003a0       0xb8 build/power.o
 .debug_aranges
                0x0000000000000458       0x68 build/stdio_uart.o
 .debug_aranges
                0x00000000000004c0      0x140 build/sync.o
 .debug_aranges
                0x0000000000000600       0x78 build/timer.o
 .debug_aranges
                0x0000000000000678       0x60 build/trace.o
 .debug_aranges
                0x00000000000006d8       0x50 build/ramdisk.o
 .debug_aranges
                0x0000000000000728       0x40 build/filesystem_demo.o
 .debug_aranges
                0x0000000000000768       0x20 build/context_switch.o
 .debug_aranges
                0x0000000000000788       0x28 build/startup.o
 .debug_aranges
                0x00000000000007b0       0x20 /usr/lib/gcc/arm-none-eabi/10.3.1/thumb/v7e-m/nofp/libgcc.a(_arm_addsubdf3.o)
 .debug_aranges
                0x00000000000007d0       0x20 /usr/lib/gcc/arm-none-eabi/10.3.1/thumb/v7e-m/nofp/libgcc.a(_aeabi_uldivmod.o)
 .debug_aranges
                0x00000000000007f0       0x20 /usr/lib/gcc/arm-none-eabi/10.3.1/thumb/v7e-m/nofp/libgcc.a(_udivmoddi4.o)
 .debug_aranges
                0x0000000000000810       0x20 /usr/lib/gcc/arm-none-eabi/10.3.1/thumb/v7e-m/nofp/libgcc.a(_dvmd_tls.o)
 .debug_aranges
                0x0000000000000830       0x20 /usr/lib/gcc/arm-none-eabi/10.3.1/../../../arm-none-eabi/lib/thumb/v7e-m/nofp/libc.a(lib_a-memcpy.o)
 .debug_aranges
                0x0000000000000850       0x20 /usr/lib/gcc/arm-none-eabi/10.3.1/../../../arm-none-eabi/lib/thumb/v7e-m/nofp/libc.a(lib_a-memmove.o)
 .debug_aranges
                0x0000000000000870       0x20 /usr/lib/gcc/arm-none-eabi/10.3.1/../../../arm-none-eabi/lib/thumb/v7e-m/nofp/libc.a(lib_a-memset.o)
 .debug_aranges
                0x0000000000000890       0x20 /usr/lib/gcc/arm-none-eabi/10.3.1/../../../arm-none-eabi/lib/thumb/v7e-m/nofp/libc.a(lib_a-printf.o)
 .debug_aranges
                0x00000000000008b0       0x20 /usr/lib/gcc/arm-none-eabi/10.3.1/../../../arm-none-eabi/lib/thumb/v7e-m/nofp/libc.a(lib_a-puts.o)
 .debug_aranges
                0x00000000000008d0       0x20 /usr/lib/gcc/arm-none-eabi/10.3.1/../../../arm-none-eabi/lib/thumb/v7e-m/nofp/libc.a(lib_a-snprintf.o)
 .debug_aranges
                0x00000000000008f0       0x20 /usr/lib/gcc/arm-none-eabi/10.3.1/../../../arm-none-eabi/lib/thumb/v7e-m/nofp/libc.a(lib_a-stdio.o)
 .debug_aranges
                0x0000000000000910       0x20 /usr/lib/gcc/arm-none-eabi/10.3.1/../../../arm-none-eabi/lib/thumb/v7e-m/nofp/libc.a(lib_a-strcmp.o)
 .debug_aranges
                0x0000000000000930       0x20 /usr/lib/gcc/arm-none-eabi/10.3.1/../../../arm-none-eabi/lib/thumb/v7e-m/nofp/libc.a(lib_a-strlen.o)
 .debug_aranges
                0x0000000000000950       0x20 /usr/lib/gcc/arm-none-eabi/10.3.1/../../../arm-none-eabi/lib/thumb/v7e-m/nofp/libc.a(lib_a-strncpy.o)
 .debug_aranges
                0x0000000000000970       0x20 /usr/lib/gcc/arm-none-eabi/10.3.1/../../../arm-none-eabi/lib/thumb/v7e-m/nofp/libc.a(lib_a-svfprintf.o)
 .debug_aranges
                0x0000000000000990       0x20 /usr/lib/gcc/arm-none-eabi/10.3.1/../../../arm-none-eabi/lib/thumb/v7e-m/nofp/libc.a(lib_a-vfprintf.o)
 .debug_aranges
                0x00000000000009b0       0x20 /usr/lib/gcc/arm-none-eabi/10.3.1/../../../arm-none-eabi/lib/thumb/v7e-m/nofp/libc.a(lib_a-writer.o)
 .debug_aranges
                0x00000000000009d0       0x20 /usr/lib/gcc/arm-none-eabi/10.3.1/../../../arm-none-eabi/lib/thumb/v7e-m/nofp/libc.a(lib_a-wsetup.o)
 .debug_aranges
                0x00000000000009f0       0x20 /usr/lib/gcc/arm-none-eabi/10.3.1/../../../arm-none-eabi/lib/thumb/v7e-m/nofp/libc.a(lib_a-closer.o)
 .debug_aranges
                0x0000000000000a10       0x18 /usr/lib/gcc/arm-none-eabi/10.3.1/../../../arm-none-eabi/lib/thumb/v7e-m/nofp/libc.a(lib_a-ctype_.o)
 .debug_aranges
                0x0000000000000a28       0x20 /usr/lib/gcc/arm-none-eabi/10.3.1/../../../arm-none-eabi/lib/thumb/v7e-m/nofp/libc.a(lib_a-dtoa.o)
 .debug_aranges
                0x0000000000000a48       0x20 /usr/lib/gcc/arm-none-eabi/10.3.1/../../../arm-none-eabi/lib/thumb/v7e-m/nofp/libc.a(lib_a-fflush.o)
 .debug_aranges
                0x0000000000000a68       0x20 /usr/lib/gcc/arm-none-eabi/10.3.1/../../../arm-none-eabi/lib/thumb/v7e-m/nofp/libc.a(lib_a-findfp.o)
 .debug_aranges
                0x0000000000000a88       0x20 /usr/lib/gcc/arm-none-eabi/10.3.1/../../../arm-none-eabi/lib/thumb/v7e-m/nofp/libc.a(lib_a-freer.o)
 .debug_aranges
                0x0000000000000aa8       0x20 /usr/lib/gcc/arm-none-eabi/10.3.1/../../../arm-none-eabi/lib/thumb/v7e-m/nofp/libc.a(lib_a-fvwrite.o)
 .debug_aranges
                0x0000000000000ac8       0x20 /usr/lib/gcc/arm-none-eabi/10.3.1/../../../arm-none-eabi/lib/thumb/v7e-m/nofp/libc.a(lib_a-fwalk.o)
 .debug_aranges
                0x0000000000000ae8       0x18 /usr/lib/gcc/arm-none-eabi/10.3.1/../../../arm-none-eabi/lib/thumb/v7e-m/nofp/libc.a(lib_a-impure.o)
 .debug_aranges
                0x0000000000000b00       0x20 /usr/lib/gcc/arm-none-eabi/10.3.1/../../../arm-none-eabi/lib/thumb/v7e-m/nofp/libc.a(lib_a-locale.o)
 .debug_aranges
                0x0000000000000b20       0x20 /usr/lib/gcc/arm-none-eabi/10.3.1/../../../arm-none-eabi/lib/thumb/v7e-m/nofp/libc.a(lib_a-localeconv.o)
 .debug_aranges
                0x0000000000000b40       0x20 /usr/lib/gcc/arm-none-eabi/10.3.1/../../../arm-none-eabi/lib/thumb/v7e-m/nofp/libc.a(lib_a-lseekr.o)
 .debug_aranges
                0x0000000000000b60       0x20 /usr/lib/gcc/arm-none-eabi/10.3.1/../../../arm-none-eabi/lib/thumb/v7e-m/nofp/libc.a(lib_a-makebuf.o)
 .debug_aranges
                0x0000000000000b80       0x20 /usr/lib/gcc/arm-none-eabi/10.3.1/../../../arm-none-eabi/lib/thumb/v7e-m/nofp/libc.a(lib_a-mallocr.o)
 .debug_aranges
                0x0000000000000ba0       0x20 /usr/lib/gcc/arm-none-eabi/10.3.1/../../../arm-none-eabi/lib/thumb/v7e-m/nofp/libc.a(lib_a-mbtowc_r.o)
 .debug_aranges
                0x0000000000000bc0       0x20 /usr/lib/gcc/arm-none-eabi/10.3.1/../../../arm-none-eabi/lib/thumb/v7e-m/nofp/libc.a(lib_a-memchr.o)
 .debug_aranges
                0x0000000000000be0       0x20 /usr/lib/gcc/arm-none-eabi/10.3.1/../../../arm-none-eabi/lib/thumb/v7e-m/nofp/libc.a(lib_a-mlock.o)
 .debug_aranges
                0x0000000000000c00       0x20 /usr/lib/gcc/arm-none-eabi/10.3.1/../../../arm-none-eabi/lib/thumb/v7e-m/nofp/libc.a(lib_a-mprec.o)
 .debug_aranges
                0x0000000000000c20       0x20 /usr/lib/gcc/arm-none-eabi/10.3.1/../../../arm-none-eabi/lib/thumb/v7e-m/nofp/libc.a(lib_a-readr.o)
 .debug_aranges
                0x0000000000000c40       0x20 /usr/lib/gcc/arm-none-eabi/10.3.1/../../../arm-none-eabi/lib/thumb/v7e-m/nofp/libc.a(lib_a-reallocr.o)
 .debug_aranges
                0x0000000000000c60       0x20 /usr/lib/gcc/arm-none-eabi/10.3.1/../../../arm-none-eabi/lib/thumb/v7e-m/nofp/libc.a(lib_a-reent.o)
 .debug_aranges
                0x0000000000000c80       0x20 /usr/lib/gcc/arm-none-eabi/10.3.1/../../../arm-none-eabi/lib/thumb/v7e-m/nofp/libc.a(lib_a-sbrkr.o)
 .debug_aranges
                0x0000000000000ca0       0x20 /usr/lib/gcc/arm-none-eabi/10.3.1/../../../arm-none-eabi/lib/thumb/v7e-m/nofp/libc.a(lib_a-svfiprintf.o)
 .debug_aranges
                0x0000000000000cc0       0x20 /usr/lib/gcc/arm-none-eabi/10.3.1/../../../arm-none-eabi/lib/thumb/v7e-m/nofp/libc.a(lib_a-vfiprintf.o)
 .debug_aranges
                0x0000000000000ce0       0x20 /usr/lib/gcc/arm-none-eabi/10.3.1/../../../arm-none-eabi/lib/thumb/v7e-m/nofp/libc.a(lib_a-wbuf.o)
 .debug_aranges
                0x0000000000000d00       0x20 /usr/lib/gcc/arm-none-eabi/10.3.1/../../../arm-none-eabi/lib/thumb/v7e-m/nofp/libc.a(lib_a-wctomb_r.o)
 .debug_aranges
                0x0000000000000d20       0x20 /usr/lib/gcc/arm-none-eabi/10.3.1/../../../arm-none-eabi/lib/thumb/v7e-m/nofp/libc.a(lib_a-assert.o)
 .debug_aranges
                0x0000000000000d40       0x20 /usr/lib/gcc/arm-none-eabi/10.3.1/../../../arm-none-eabi/lib/thumb/v7e-m/nofp/libc.a(lib_a-callocr.o)
 .debug_aranges
                0x0000000000000d60       0x20 /usr/lib/gcc/arm-none-eabi/10.3.1/../../../arm-none-eabi/lib/thumb/v7e-m/nofp/libc.a(lib_a-fclose.o)
 .debug_aranges
                0x0000000000000d80       0x20 /usr/lib/gcc/arm-none-eabi/10.3.1/../../../arm-none-eabi/lib/thumb/v7e-m/nofp/libc.a(lib_a-fiprintf.o)
 .debug_aranges
                0x0000000000000da0       0x20 /usr/lib/gcc/arm-none-eabi/10.3.1/../../../arm-none-eabi/lib/thumb/v7e-m/nofp/libc.a(lib_a-fputwc.o)
 .debug_aranges
                0x0000000000000dc0       0x20 /usr/lib/gcc/arm-none-eabi/10.3.1/../../../arm-none-eabi/lib/thumb/v7e-m/nofp/libc.a(lib_a-fstatr.o)
 .debug_aranges
                0x0000000000000de0       0x20 /usr/lib/gcc/arm-none-eabi/10.3.1/../../../arm-none-eabi/lib/thumb/v7e-m/nofp/libc.a(lib_a-isattyr.o)
 .debug_aranges
                0x0000000000000e00       0x20 /usr/lib/gcc/arm-none-eabi/10.3.1/../../../arm-none-eabi/lib/thumb/v7e-m/nofp/libc.a(lib_a-wcrtomb.o)
 .debug_aranges
                0x0000000000000e20       0x20 /usr/lib/gcc/arm-none-eabi/10.3.1/../../../arm-none-eabi/lib/thumb/v7e-m/nofp/libc.a(lib_a-abort.o)
 .debug_aranges
                0x0000000000000e40       0x20 /usr/lib/gcc/arm-none-eabi/10.3.1/../../../arm-none-eabi/lib/thumb/v7e-m/nofp/libc.a(lib_a-signal.o)
 .debug_aranges
                0x0000000000000e60       0x20 /usr/lib/gcc/arm-none-eabi/10.3.1/../../../arm-none-eabi/lib/thumb/v7e-m/nofp/libc.a(lib_a-signalr.o)
 .debug_aranges
                0x0000000000000e80       0x20 /usr/lib/gcc/arm-none-eabi/10.3.1/thumb/v7e-m/nofp/libgcc.a(_arm_muldivdf3.o)
 .debug_aranges
                0x0000000000000ea0       0x20 /usr/lib/gcc/arm-none-eabi/10.3.1/thumb/v7e-m/nofp/libgcc.a(_arm_cmpdf2.o)
 .debug_aranges
                0x0000000000000ec0       0x20 /usr/lib/gcc/arm-none-eabi/10.3.1/thumb/v7e-m/nofp/libgcc.a(_arm_unorddf2.o)
 .debug_aranges
                0x0000000000000ee0       0x20 /usr/lib/gcc/arm-none-eabi/10.3.1/thumb/v7e-m/nofp/libgcc.a(_arm_fixdfsi.o)

.debug_ranges   0x0000000000000000     0x2d60
 .debug_ranges  0x0000000000000000       0x48 build/fault.o
 .debug_ranges  0x0000000000000048      0x9f8 build/filesystem.o
 .debug_ranges  0x0000000000000a40      0x7a8 build/kernel.o
 .debug_ranges  0x00000000000011e8      0x220 build/memory.o
 .debug_ranges  0x0000000000001408       0xe8 build/power.o
 .debug_ranges  0x00000000000014f0       0xc0 build/stdio_uart.o
 .debug_ranges  0x00000000000015b0      0x6c0 build/sync.o
 .debug_ranges  0x0000000000001c70       0xb0 build/timer.o
 .debug_ranges  0x0000000000001d20       0x88 build/trace.o
 .debug_ranges  0x0000000000001da8       0x70 build/ramdisk.o
 .debug_ranges  0x0000000000001e18      0x100 build/filesystem_demo.o
 .debug_ranges  0x0000000000001f18       0x20 build/startup.o
 .debug_ranges  0x0000000000001f38       0xe8 /usr/lib/gcc/arm-none-eabi/10.3.1/thumb/v7e-m/nofp/libgcc.a(_udivmoddi4.o)
 .debug_ranges  0x0000000000002020       0x20 /usr/lib/gcc/arm-none-eabi/10.3.1/../../../arm-none-eabi/lib/thumb/v7e-m/nofp/libc.a(lib_a-puts.o)
 .debug_ranges  0x0000000000002040      0x170 /usr/lib/gcc/arm-none-eabi/10.3.1/../../../arm-none-eabi/lib/thumb/v7e-m/nofp/libc.a(lib_a-svfprintf.o)
 .debug_ranges  0x00000000000021b0      0x178 /usr/lib/gcc/arm-none-eabi/10.3.1/../../../arm-none-eabi/lib/thumb/v7e-m/nofp/libc.a(lib_a-vfprintf.o)
 .debug_ranges  0x0000000000002328       0x28 /usr/lib/gcc/arm-none-eabi/10.3.1/../../../arm-none-eabi/lib/thumb/v7e-m/nofp/libc.a(lib_a-wsetup.o)
 .debug_ranges  0x0000000000002350       0x38 /usr/lib/gcc/arm-none-eabi/10.3.1/../../../arm-none-eabi/lib/thumb/v7e-m/nofp/libc.a(lib_a-dtoa.o)
 .debug_ranges  0x0000000000002388       0xa8 /usr/lib/gcc/arm-none-eabi/10.3.1/../../../arm-none-eabi/lib/thumb/v7e-m/nofp/libc.a(lib_a-fflush.o)
 .debug_ranges  0x0000000000002430       0xf8 /usr/lib/gcc/arm-none-eabi/10.3.1/../../../arm-none-eabi/lib/thumb/v7e-m/nofp/libc.a(lib_a-findfp.o)
 .debug_ranges  0x0000000000002528       0x28 /usr/lib/gcc/arm-none-eabi/10.3.1/../../../arm-none-eabi/lib/thumb/v7e-m/nofp/libc.a(lib_a-fvwrite.o)
 .debug_ranges  0x0000000000002550       0x28 /usr/lib/gcc/arm-none-eabi/10.3.1/../../../arm-none-eabi/lib/thumb/v7e-m/nofp/libc.a(lib_a-locale.o)
 .debug_ranges  0x0000000000002578       0x80 /usr/lib/gcc/arm-none-eabi/10.3.1/../../../arm-none-eabi/lib/thumb/v7e-m/nofp/libc.a(lib_a-makebuf.o)
 .debug_ranges  0x00000000000025f8       0x50 /usr/lib/gcc/arm-none-eabi/10.3.1/../../../arm-none-eabi/lib/thumb/v7e-m/nofp/libc.a(lib_a-mallocr.o)
 .debug_ranges  0x0000000000002648      0x170 /usr/lib/gcc/arm-none-eabi/10.3.1/../../../arm-none-eabi/lib/thumb/v7e-m/nofp/libc.a(lib_a-mprec.o)
 .debug_ranges  0x00000000000027b8      0x188 /usr/lib/gcc/arm-none-eabi/10.3.1/../../../arm-none-eabi/lib/thumb/v7e-m/nofp/libc.a(lib_a-reallocr.o)
 .debug_ranges  0x0000000000002940       0x18 /usr/lib/gcc/arm-none-eabi/10.3.1/../../../arm-none-eabi/lib/thumb/v7e-m/nofp/libc.a(lib_a-reent.o)
 .debug_ranges  0x0000000000002958       0x40 /usr/lib/gcc/arm-none-eabi/10.3.1/../../../arm-none-eabi/lib/thumb/v7e-m/nofp/libc.a(lib_a-svfiprintf.o)
 .debug_ranges  0x0000000000002998      0x1d8 /usr/lib/gcc/arm-none-eabi/10.3.1/../../../arm-none-eabi/lib/thumb/v7e-m/nofp/libc.a(lib_a-vfiprintf.o)
 .debug_ranges  0x0000000000002b70       0x20 /usr/lib/gcc/arm-none-eabi/10.3.1/../../../arm-none-eabi/lib/thumb/v7e-m/nofp/libc.a(lib_a-wbuf.o)
 .debug_ranges  0x0000000000002b90       0x48 /usr/lib/gcc/arm-none-eabi/10.3.1/../../../arm-none-eabi/lib/thumb/v7e-m/nofp/libc.a(lib_a-callocr.o)
 .debug_ranges  0x0000000000002bd8       0x60 /usr/lib/gcc/arm-none-eabi/10.3.1/../../../arm-none-eabi/lib/thumb/v7e-m/nofp/libc.a(lib_a-fclose.o)
 .debug_ranges  0x0000000000002c38       0x50 /usr/lib/gcc/arm-none-eabi/10.3.1/../../../arm-none-eabi/lib/thumb/v7e-m/nofp/libc.a(lib_a-fputwc.o)